Archive member included to satisfy reference by file (symbol)

d:/dev_env/gcc-arm-none-eabi/10 2021.10/bin/../lib/gcc/arm-none-eabi/10.3.1/../../../../arm-none-eabi/lib/thumb/v7e-m+fp/hard\libc_nano.a(lib_a-exit.o)
                              d:/dev_env/gcc-arm-none-eabi/10 2021.10/bin/../lib/gcc/arm-none-eabi/10.3.1/../../../../arm-none-eabi/lib/thumb/v7e-m+fp/hard/crt0.o (exit)
d:/dev_env/gcc-arm-none-eabi/10 2021.10/bin/../lib/gcc/arm-none-eabi/10.3.1/../../../../arm-none-eabi/lib/thumb/v7e-m+fp/hard\libc_nano.a(lib_a-impure.o)
                              d:/dev_env/gcc-arm-none-eabi/10 2021.10/bin/../lib/gcc/arm-none-eabi/10.3.1/../../../../arm-none-eabi/lib/thumb/v7e-m+fp/hard\libc_nano.a(lib_a-exit.o) (_global_impure_ptr)
d:/dev_env/gcc-arm-none-eabi/10 2021.10/bin/../lib/gcc/arm-none-eabi/10.3.1/../../../../arm-none-eabi/lib/thumb/v7e-m+fp/hard\libc_nano.a(lib_a-init.o)
                              d:/dev_env/gcc-arm-none-eabi/10 2021.10/bin/../lib/gcc/arm-none-eabi/10.3.1/../../../../arm-none-eabi/lib/thumb/v7e-m+fp/hard/crt0.o (__libc_init_array)
d:/dev_env/gcc-arm-none-eabi/10 2021.10/bin/../lib/gcc/arm-none-eabi/10.3.1/../../../../arm-none-eabi/lib/thumb/v7e-m+fp/hard\libc_nano.a(lib_a-memset.o)
                              d:/dev_env/gcc-arm-none-eabi/10 2021.10/bin/../lib/gcc/arm-none-eabi/10.3.1/../../../../arm-none-eabi/lib/thumb/v7e-m+fp/hard/crt0.o (memset)
d:/dev_env/gcc-arm-none-eabi/10 2021.10/bin/../lib/gcc/arm-none-eabi/10.3.1/thumb/v7e-m+fp/hard\libgcc.a(_aeabi_uldivmod.o)
                              CMakeFiles/cleaner.dir/Drivers/STM32F4xx_HAL_Driver/Src/stm32f4xx_hal_rcc.c.obj (__aeabi_uldivmod)
d:/dev_env/gcc-arm-none-eabi/10 2021.10/bin/../lib/gcc/arm-none-eabi/10.3.1/thumb/v7e-m+fp/hard\libgcc.a(_udivmoddi4.o)
                              d:/dev_env/gcc-arm-none-eabi/10 2021.10/bin/../lib/gcc/arm-none-eabi/10.3.1/thumb/v7e-m+fp/hard\libgcc.a(_aeabi_uldivmod.o) (__udivmoddi4)
d:/dev_env/gcc-arm-none-eabi/10 2021.10/bin/../lib/gcc/arm-none-eabi/10.3.1/thumb/v7e-m+fp/hard\libgcc.a(_dvmd_tls.o)
                              d:/dev_env/gcc-arm-none-eabi/10 2021.10/bin/../lib/gcc/arm-none-eabi/10.3.1/thumb/v7e-m+fp/hard\libgcc.a(_aeabi_uldivmod.o) (__aeabi_ldiv0)
d:/dev_env/gcc-arm-none-eabi/10 2021.10/bin/../lib/gcc/arm-none-eabi/10.3.1/../../../../arm-none-eabi/lib/thumb/v7e-m+fp/hard\libg_nano.a(lib_a-errno.o)
                              CMakeFiles/cleaner.dir/Core/Src/sysmem.c.obj (__errno)
d:/dev_env/gcc-arm-none-eabi/10 2021.10/bin/../lib/gcc/arm-none-eabi/10.3.1/../../../../arm-none-eabi/lib/thumb/v7e-m+fp/hard\libg_nano.a(lib_a-memcpy-stub.o)
                              CMakeFiles/cleaner.dir/Middlewares/Third_Party/FreeRTOS/Source/queue.c.obj (memcpy)
d:/dev_env/gcc-arm-none-eabi/10 2021.10/bin/../lib/gcc/arm-none-eabi/10.3.1/../../../../arm-none-eabi/lib/thumb/v7e-m+fp/hard\libg_nano.a(lib_a-strlen.o)
                              CMakeFiles/cleaner.dir/Middlewares/Third_Party/FreeRTOS/Source/tasks.c.obj (strlen)

Discarded input sections

 .text          0x00000000        0x0 d:/dev_env/gcc-arm-none-eabi/10 2021.10/bin/../lib/gcc/arm-none-eabi/10.3.1/thumb/v7e-m+fp/hard/crti.o
 .data          0x00000000        0x0 d:/dev_env/gcc-arm-none-eabi/10 2021.10/bin/../lib/gcc/arm-none-eabi/10.3.1/thumb/v7e-m+fp/hard/crti.o
 .bss           0x00000000        0x0 d:/dev_env/gcc-arm-none-eabi/10 2021.10/bin/../lib/gcc/arm-none-eabi/10.3.1/thumb/v7e-m+fp/hard/crti.o
 .data          0x00000000        0x4 d:/dev_env/gcc-arm-none-eabi/10 2021.10/bin/../lib/gcc/arm-none-eabi/10.3.1/thumb/v7e-m+fp/hard/crtbegin.o
 .rodata        0x00000000       0x24 d:/dev_env/gcc-arm-none-eabi/10 2021.10/bin/../lib/gcc/arm-none-eabi/10.3.1/thumb/v7e-m+fp/hard/crtbegin.o
 .text          0x00000000       0x7c d:/dev_env/gcc-arm-none-eabi/10 2021.10/bin/../lib/gcc/arm-none-eabi/10.3.1/../../../../arm-none-eabi/lib/thumb/v7e-m+fp/hard/crt0.o
 .data          0x00000000        0x0 d:/dev_env/gcc-arm-none-eabi/10 2021.10/bin/../lib/gcc/arm-none-eabi/10.3.1/../../../../arm-none-eabi/lib/thumb/v7e-m+fp/hard/crt0.o
 .bss           0x00000000        0x0 d:/dev_env/gcc-arm-none-eabi/10 2021.10/bin/../lib/gcc/arm-none-eabi/10.3.1/../../../../arm-none-eabi/lib/thumb/v7e-m+fp/hard/crt0.o
 .ARM.extab     0x00000000        0x0 d:/dev_env/gcc-arm-none-eabi/10 2021.10/bin/../lib/gcc/arm-none-eabi/10.3.1/../../../../arm-none-eabi/lib/thumb/v7e-m+fp/hard/crt0.o
 .ARM.exidx     0x00000000       0x10 d:/dev_env/gcc-arm-none-eabi/10 2021.10/bin/../lib/gcc/arm-none-eabi/10.3.1/../../../../arm-none-eabi/lib/thumb/v7e-m+fp/hard/crt0.o
 .ARM.attributes
                0x00000000       0x1c d:/dev_env/gcc-arm-none-eabi/10 2021.10/bin/../lib/gcc/arm-none-eabi/10.3.1/../../../../arm-none-eabi/lib/thumb/v7e-m+fp/hard/crt0.o
 .text          0x00000000        0x0 d:/dev_env/gcc-arm-none-eabi/10 2021.10/bin/../lib/gcc/arm-none-eabi/10.3.1/../../../../arm-none-eabi/lib/thumb/v7e-m+fp/hard\libc_nano.a(lib_a-exit.o)
[...]
Memory Configuration

Name             Origin             Length             Attributes
RAM              0x20000000         0x00020000         xrw
CCMRAM           0x10000000         0x00010000         xrw
FLASH            0x08000000         0x00080000         xr
*default*        0x00000000         0xffffffff

Linker script and memory map

LOAD d:/dev_env/gcc-arm-none-eabi/10 2021.10/bin/../lib/gcc/arm-none-eabi/10.3.1/thumb/v7e-m+fp/hard/crti.o
LOAD d:/dev_env/gcc-arm-none-eabi/10 2021.10/bin/../lib/gcc/arm-none-eabi/10.3.1/thumb/v7e-m+fp/hard/crtbegin.o
LOAD d:/dev_env/gcc-arm-none-eabi/10 2021.10/bin/../lib/gcc/arm-none-eabi/10.3.1/../../../../arm-none-eabi/lib/thumb/v7e-m+fp/hard/crt0.o
START GROUP
LOAD d:/dev_env/gcc-arm-none-eabi/10 2021.10/bin/../lib/gcc/arm-none-eabi/10.3.1/../../../../arm-none-eabi/lib/thumb/v7e-m+fp/hard\libc_nano.a
LOAD d:/dev_env/gcc-arm-none-eabi/10 2021.10/bin/../lib/gcc/arm-none-eabi/10.3.1/../../../../arm-none-eabi/lib/thumb/v7e-m+fp/hard\libm.a
END GROUP
LOAD CMakeFiles/cleaner.dir/Application/arm.c.obj
LOAD CMakeFiles/cleaner.dir/Application/chassis.c.obj
LOAD CMakeFiles/cleaner.dir/Application/distance.c.obj
LOAD CMakeFiles/cleaner.dir/Application/upper.c.obj
LOAD CMakeFiles/cleaner.dir/Bsp/bsp_dwt.c.obj
LOAD CMakeFiles/cleaner.dir/Bsp/bsp_uart.c.obj
LOAD CMakeFiles/cleaner.dir/Components/hcsr04.c.obj
LOAD CMakeFiles/cleaner.dir/Components/pid.c.obj
LOAD CMakeFiles/cleaner.dir/Core/Src/main.c.obj
LOAD CMakeFiles/cleaner.dir/Core/Src/gpio.c.obj
LOAD CMakeFiles/cleaner.dir/Core/Src/freertos.c.obj
LOAD CMakeFiles/cleaner.dir/Core/Src/dma.c.obj
LOAD CMakeFiles/cleaner.dir/Core/Src/tim.c.obj
LOAD CMakeFiles/cleaner.dir/Core/Src/usart.c.obj
LOAD CMakeFiles/cleaner.dir/Core/Src/stm32f4xx_it.c.obj
LOAD CMakeFiles/cleaner.dir/Core/Src/stm32f4xx_hal_msp.c.obj
LOAD CMakeFiles/cleaner.dir/Core/Src/stm32f4xx_hal_timebase_tim.c.obj
LOAD CMakeFiles/cleaner.dir/Drivers/STM32F4xx_HAL_Driver/Src/stm32f4xx_hal_rcc.c.obj
LOAD CMakeFiles/cleaner.dir/Drivers/STM32F4xx_HAL_Driver/Src/stm32f4xx_hal_rcc_ex.c.obj
LOAD CMakeFiles/cleaner.dir/Drivers/STM32F4xx_HAL_Driver/Src/stm32f4xx_hal_flash.c.obj
LOAD CMakeFiles/cleaner.dir/Drivers/STM32F4xx_HAL_Driver/Src/stm32f4xx_hal_flash_ex.c.obj
LOAD CMakeFiles/cleaner.dir/Drivers/STM32F4xx_HAL_Driver/Src/stm32f4xx_hal_flash_ramfunc.c.obj
LOAD CMakeFiles/cleaner.dir/Drivers/STM32F4xx_HAL_Driver/Src/stm32f4xx_hal_gpio.c.obj
LOAD CMakeFiles/cleaner.dir/Drivers/STM32F4xx_HAL_Driver/Src/stm32f4xx_hal_dma_ex.c.obj
LOAD CMakeFiles/cleaner.dir/Drivers/STM32F4xx_HAL_Driver/Src/stm32f4xx_hal_dma.c.obj
LOAD CMakeFiles/cleaner.dir/Drivers/STM32F4xx_HAL_Driver/Src/stm32f4xx_hal_pwr.c.obj
LOAD CMakeFiles/cleaner.dir/Drivers/STM32F4xx_HAL_Driver/Src/stm32f4xx_hal_pwr_ex.c.obj
LOAD CMakeFiles/cleaner.dir/Drivers/STM32F4xx_HAL_Driver/Src/stm32f4xx_hal_cortex.c.obj
LOAD CMakeFiles/cleaner.dir/Drivers/STM32F4xx_HAL_Driver/Src/stm32f4xx_hal.c.obj
LOAD CMakeFiles/cleaner.dir/Drivers/STM32F4xx_HAL_Driver/Src/stm32f4xx_hal_exti.c.obj
LOAD CMakeFiles/cleaner.dir/Drivers/STM32F4xx_HAL_Driver/Src/stm32f4xx_hal_tim.c.obj
LOAD CMakeFiles/cleaner.dir/Drivers/STM32F4xx_HAL_Driver/Src/stm32f4xx_hal_tim_ex.c.obj
LOAD CMakeFiles/cleaner.dir/Drivers/STM32F4xx_HAL_Driver/Src/stm32f4xx_hal_uart.c.obj
LOAD CMakeFiles/cleaner.dir/Core/Src/system_stm32f4xx.c.obj
LOAD CMakeFiles/cleaner.dir/Middlewares/Third_Party/FreeRTOS/Source/croutine.c.obj
LOAD CMakeFiles/cleaner.dir/Middlewares/Third_Party/FreeRTOS/Source/event_groups.c.obj
LOAD CMakeFiles/cleaner.dir/Middlewares/Third_Party/FreeRTOS/Source/list.c.obj
LOAD CMakeFiles/cleaner.dir/Middlewares/Third_Party/FreeRTOS/Source/queue.c.obj
LOAD CMakeFiles/cleaner.dir/Middlewares/Third_Party/FreeRTOS/Source/stream_buffer.c.obj
LOAD CMakeFiles/cleaner.dir/Middlewares/Third_Party/FreeRTOS/Source/tasks.c.obj
LOAD CMakeFiles/cleaner.dir/Middlewares/Third_Party/FreeRTOS/Source/timers.c.obj
LOAD CMakeFiles/cleaner.dir/Middlewares/Third_Party/FreeRTOS/Source/CMSIS_RTOS/cmsis_os.c.obj
LOAD CMakeFiles/cleaner.dir/Middlewares/Third_Party/FreeRTOS/Source/portable/MemMang/heap_4.c.obj
LOAD CMakeFiles/cleaner.dir/Middlewares/Third_Party/FreeRTOS/Source/portable/GCC/ARM_CM4F/port.c.obj
LOAD CMakeFiles/cleaner.dir/Core/Src/sysmem.c.obj
LOAD CMakeFiles/cleaner.dir/Core/Src/syscalls.c.obj
LOAD CMakeFiles/cleaner.dir/startup_stm32f407xx.s.obj
START GROUP
LOAD d:/dev_env/gcc-arm-none-eabi/10 2021.10/bin/../lib/gcc/arm-none-eabi/10.3.1/thumb/v7e-m+fp/hard\libgcc.a
LOAD d:/dev_env/gcc-arm-none-eabi/10 2021.10/bin/../lib/gcc/arm-none-eabi/10.3.1/../../../../arm-none-eabi/lib/thumb/v7e-m+fp/hard\libg_nano.a
LOAD d:/dev_env/gcc-arm-none-eabi/10 2021.10/bin/../lib/gcc/arm-none-eabi/10.3.1/../../../../arm-none-eabi/lib/thumb/v7e-m+fp/hard\libc_nano.a
END GROUP
START GROUP
LOAD d:/dev_env/gcc-arm-none-eabi/10 2021.10/bin/../lib/gcc/arm-none-eabi/10.3.1/thumb/v7e-m+fp/hard\libgcc.a
LOAD d:/dev_env/gcc-arm-none-eabi/10 2021.10/bin/../lib/gcc/arm-none-eabi/10.3.1/../../../../arm-none-eabi/lib/thumb/v7e-m+fp/hard\libc_nano.a
END GROUP
LOAD d:/dev_env/gcc-arm-none-eabi/10 2021.10/bin/../lib/gcc/arm-none-eabi/10.3.1/thumb/v7e-m+fp/hard/crtend.o
LOAD d:/dev_env/gcc-arm-none-eabi/10 2021.10/bin/../lib/gcc/arm-none-eabi/10.3.1/thumb/v7e-m+fp/hard/crtn.o
                0x20020000                _estack = (ORIGIN (RAM) + LENGTH (RAM))
                0x00000200                _Min_Heap_Size = 0x200
                0x00000400                _Min_Stack_Size = 0x400

.isr_vector     0x08000000      0x188
                0x08000000                . = ALIGN (0x4)
 *(.isr_vector)
 .isr_vector    0x08000000      0x188 CMakeFiles/cleaner.dir/startup_stm32f407xx.s.obj
                0x08000000                g_pfnVectors
                0x08000188                . = ALIGN (0x4)

.text           0x08000190     0x48f8
                0x08000190                . = ALIGN (0x4)
 *(.text)
 .text          0x08000190       0x40 d:/dev_env/gcc-arm-none-eabi/10 2021.10/bin/../lib/gcc/arm-none-eabi/10.3.1/thumb/v7e-m+fp/hard/crtbegin.o
 .text          0x080001d0       0x30 d:/dev_env/gcc-arm-none-eabi/10 2021.10/bin/../lib/gcc/arm-none-eabi/10.3.1/thumb/v7e-m+fp/hard\libgcc.a(_aeabi_uldivmod.o)
                0x080001d0                __aeabi_uldivmod
 .text          0x08000200      0x2d0 d:/dev_env/gcc-arm-none-eabi/10 2021.10/bin/../lib/gcc/arm-none-eabi/10.3.1/thumb/v7e-m+fp/hard\libgcc.a(_udivmoddi4.o)
                0x08000200                __udivmoddi4
 .text          0x080004d0        0x4 d:/dev_env/gcc-arm-none-eabi/10 2021.10/bin/../lib/gcc/arm-none-eabi/10.3.1/thumb/v7e-m+fp/hard\libgcc.a(_dvmd_tls.o)
                0x080004d0                __aeabi_idiv0
                0x080004d0                __aeabi_ldiv0
 *(.text*)
 .text.__libc_init_array
                0x080004d4       0x48 d:/dev_env/gcc-arm-none-eabi/10 2021.10/bin/../lib/gcc/arm-none-eabi/10.3.1/../../../../arm-none-eabi/lib/thumb/v7e-m+fp/hard\libc_nano.a(lib_a-init.o)
                0x080004d4                __libc_init_array
 .text.memset   0x0800051c       0x10 d:/dev_env/gcc-arm-none-eabi/10 2021.10/bin/../lib/gcc/arm-none-eabi/10.3.1/../../../../arm-none-eabi/lib/thumb/v7e-m+fp/hard\libc_nano.a(lib_a-memset.o)
                0x0800051c                memset
 .text.initDistance2
                0x0800052c       0x24 CMakeFiles/cleaner.dir/Application/distance.c.obj
                0x0800052c                initDistance2
 .text.distanceTask2
                0x08000550       0x18 CMakeFiles/cleaner.dir/Application/distance.c.obj
                0x08000550                distanceTask2
 .text.DWT_Init
                0x08000568       0x24 CMakeFiles/cleaner.dir/Bsp/bsp_dwt.c.obj
                0x08000568                DWT_Init
 .text.DWT_DelayUS
                0x0800058c       0x30 CMakeFiles/cleaner.dir/Bsp/bsp_dwt.c.obj
                0x0800058c                DWT_DelayUS
 .text.initUart
                0x080005bc       0x18 CMakeFiles/cleaner.dir/Bsp/bsp_uart.c.obj
                0x080005bc                initUart
 .text.USAR_UART_IDLECallback
                0x080005d4       0x18 CMakeFiles/cleaner.dir/Bsp/bsp_uart.c.obj
                0x080005d4                USAR_UART_IDLECallback
 .text.USER_UART_IRQHandler
                0x080005ec       0x40 CMakeFiles/cleaner.dir/Bsp/bsp_uart.c.obj
                0x080005ec                USER_UART_IRQHandler
 .text.initDistanceSensor
                0x0800062c       0x30 CMakeFiles/cleaner.dir/Components/hcsr04.c.obj
                0x0800062c                initDistanceSensor
 .text.getDistance
                0x0800065c       0xa0 CMakeFiles/cleaner.dir/Components/hcsr04.c.obj
                0x0800065c                getDistance
 .text.SystemClock_Config
                0x080006fc       0xa8 CMakeFiles/cleaner.dir/Core/Src/main.c.obj
                0x080006fc                SystemClock_Config
 .text.main     0x080007a4      0x120 CMakeFiles/cleaner.dir/Core/Src/main.c.obj
                0x080007a4                main
 .text.HAL_TIM_PeriodElapsedCallback
                0x080008c4       0x34 CMakeFiles/cleaner.dir/Core/Src/main.c.obj
                0x080008c4                HAL_TIM_PeriodElapsedCallback
 .text.Error_Handler
                0x080008f8        0x4 CMakeFiles/cleaner.dir/Core/Src/main.c.obj
                0x080008f8                Error_Handler
 .text.MX_GPIO_Init
                0x080008fc       0xcc CMakeFiles/cleaner.dir/Core/Src/gpio.c.obj
                0x080008fc                MX_GPIO_Init
 .text.StartDefaultTask
                0x080009c8        0xc CMakeFiles/cleaner.dir/Core/Src/freertos.c.obj
                0x080009c8                StartDefaultTask
 .text.StartDistance
                0x080009d4       0x30 CMakeFiles/cleaner.dir/Core/Src/freertos.c.obj
                0x080009d4                StartDistance
 .text.vApplicationGetIdleTaskMemory
                0x08000a04       0x18 CMakeFiles/cleaner.dir/Core/Src/freertos.c.obj
                0x08000a04                vApplicationGetIdleTaskMemory
 .text.vApplicationGetTimerTaskMemory
                0x08000a1c       0x18 CMakeFiles/cleaner.dir/Core/Src/freertos.c.obj
                0x08000a1c                vApplicationGetTimerTaskMemory
 .text.MX_FREERTOS_Init
                0x08000a34       0x5c CMakeFiles/cleaner.dir/Core/Src/freertos.c.obj
                0x08000a34                MX_FREERTOS_Init
 .text.MX_DMA_Init
                0x08000a90       0x34 CMakeFiles/cleaner.dir/Core/Src/dma.c.obj
                0x08000a90                MX_DMA_Init
 .text.MX_TIM6_Init
                0x08000ac4       0x50 CMakeFiles/cleaner.dir/Core/Src/tim.c.obj
                0x08000ac4                MX_TIM6_Init
 .text.HAL_TIM_PWM_MspInit
                0x08000b14       0xbc CMakeFiles/cleaner.dir/Core/Src/tim.c.obj
                0x08000b14                HAL_TIM_PWM_MspInit
 .text.HAL_TIM_Base_MspInit
                0x08000bd0       0x40 CMakeFiles/cleaner.dir/Core/Src/tim.c.obj
                0x08000bd0                HAL_TIM_Base_MspInit
 .text.HAL_TIM_MspPostInit
                0x08000c10      0x194 CMakeFiles/cleaner.dir/Core/Src/tim.c.obj
                0x08000c10                HAL_TIM_MspPostInit
 .text.MX_TIM2_Init
                0x08000da4       0xb8 CMakeFiles/cleaner.dir/Core/Src/tim.c.obj
                0x08000da4                MX_TIM2_Init
 .text.MX_TIM3_Init
                0x08000e5c       0xb8 CMakeFiles/cleaner.dir/Core/Src/tim.c.obj
                0x08000e5c                MX_TIM3_Init
 .text.MX_TIM4_Init
                0x08000f14       0xb8 CMakeFiles/cleaner.dir/Core/Src/tim.c.obj
                0x08000f14                MX_TIM4_Init
 .text.MX_TIM5_Init
                0x08000fcc       0xb8 CMakeFiles/cleaner.dir/Core/Src/tim.c.obj
                0x08000fcc                MX_TIM5_Init
 .text.MX_TIM8_Init
                0x08001084       0xf0 CMakeFiles/cleaner.dir/Core/Src/tim.c.obj
                0x08001084                MX_TIM8_Init
 .text.MX_USART1_UART_Init
                0x08001174       0x34 CMakeFiles/cleaner.dir/Core/Src/usart.c.obj
                0x08001174                MX_USART1_UART_Init
 .text.HAL_UART_MspInit
                0x080011a8       0xc0 CMakeFiles/cleaner.dir/Core/Src/usart.c.obj
                0x080011a8                HAL_UART_MspInit
 .text.NMI_Handler
                0x08001268        0x2 CMakeFiles/cleaner.dir/Core/Src/stm32f4xx_it.c.obj
                0x08001268                NMI_Handler
 .text.HardFault_Handler
                0x0800126a        0x2 CMakeFiles/cleaner.dir/Core/Src/stm32f4xx_it.c.obj
                0x0800126a                HardFault_Handler
 .text.MemManage_Handler
                0x0800126c        0x2 CMakeFiles/cleaner.dir/Core/Src/stm32f4xx_it.c.obj
                0x0800126c                MemManage_Handler
 .text.BusFault_Handler
                0x0800126e        0x2 CMakeFiles/cleaner.dir/Core/Src/stm32f4xx_it.c.obj
                0x0800126e                BusFault_Handler
 .text.UsageFault_Handler
                0x08001270        0x2 CMakeFiles/cleaner.dir/Core/Src/stm32f4xx_it.c.obj
                0x08001270                UsageFault_Handler
 .text.DebugMon_Handler
                0x08001272        0x2 CMakeFiles/cleaner.dir/Core/Src/stm32f4xx_it.c.obj
                0x08001272                DebugMon_Handler
 .text.TIM1_UP_TIM10_IRQHandler
                0x08001274       0x10 CMakeFiles/cleaner.dir/Core/Src/stm32f4xx_it.c.obj
                0x08001274                TIM1_UP_TIM10_IRQHandler
 .text.USART1_IRQHandler
                0x08001284       0x10 CMakeFiles/cleaner.dir/Core/Src/stm32f4xx_it.c.obj
                0x08001284                USART1_IRQHandler
 .text.TIM6_DAC_IRQHandler
                0x08001294       0x10 CMakeFiles/cleaner.dir/Core/Src/stm32f4xx_it.c.obj
                0x08001294                TIM6_DAC_IRQHandler
 .text.DMA2_Stream2_IRQHandler
                0x080012a4       0x10 CMakeFiles/cleaner.dir/Core/Src/stm32f4xx_it.c.obj
                0x080012a4                DMA2_Stream2_IRQHandler
 .text.HAL_MspInit
                0x080012b4       0x44 CMakeFiles/cleaner.dir/Core/Src/stm32f4xx_hal_msp.c.obj
                0x080012b4                HAL_MspInit
 .text.HAL_InitTick
                0x080012f8       0x98 CMakeFiles/cleaner.dir/Core/Src/stm32f4xx_hal_timebase_tim.c.obj
                0x080012f8                HAL_InitTick
 .text.HAL_RCC_OscConfig
                0x08001390      0x3f8 CMakeFiles/cleaner.dir/Drivers/STM32F4xx_HAL_Driver/Src/stm32f4xx_hal_rcc.c.obj
                0x08001390                HAL_RCC_OscConfig
 .text.HAL_RCC_GetSysClockFreq
                0x08001788       0xd4 CMakeFiles/cleaner.dir/Drivers/STM32F4xx_HAL_Driver/Src/stm32f4xx_hal_rcc.c.obj
                0x08001788                HAL_RCC_GetSysClockFreq
 .text.HAL_RCC_ClockConfig
                0x0800185c      0x164 CMakeFiles/cleaner.dir/Drivers/STM32F4xx_HAL_Driver/Src/stm32f4xx_hal_rcc.c.obj
                0x0800185c                HAL_RCC_ClockConfig
 .text.HAL_RCC_GetPCLK1Freq
                0x080019c0       0x20 CMakeFiles/cleaner.dir/Drivers/STM32F4xx_HAL_Driver/Src/stm32f4xx_hal_rcc.c.obj
                0x080019c0                HAL_RCC_GetPCLK1Freq
 .text.HAL_RCC_GetPCLK2Freq
                0x080019e0       0x20 CMakeFiles/cleaner.dir/Drivers/STM32F4xx_HAL_Driver/Src/stm32f4xx_hal_rcc.c.obj
                0x080019e0                HAL_RCC_GetPCLK2Freq
 .text.HAL_RCC_GetClockConfig
                0x08001a00       0x3c CMakeFiles/cleaner.dir/Drivers/STM32F4xx_HAL_Driver/Src/stm32f4xx_hal_rcc.c.obj
                0x08001a00                HAL_RCC_GetClockConfig
 .text.HAL_GPIO_Init
                0x08001a3c      0x20c CMakeFiles/cleaner.dir/Drivers/STM32F4xx_HAL_Driver/Src/stm32f4xx_hal_gpio.c.obj
                0x08001a3c                HAL_GPIO_Init
 .text.HAL_GPIO_ReadPin
                0x08001c48        0xc CMakeFiles/cleaner.dir/Drivers/STM32F4xx_HAL_Driver/Src/stm32f4xx_hal_gpio.c.obj
                0x08001c48                HAL_GPIO_ReadPin
 .text.HAL_GPIO_WritePin
                0x08001c54        0xc CMakeFiles/cleaner.dir/Drivers/STM32F4xx_HAL_Driver/Src/stm32f4xx_hal_gpio.c.obj
                0x08001c54                HAL_GPIO_WritePin
 .text.DMA_CalcBaseAndBitshift
                0x08001c60       0x40 CMakeFiles/cleaner.dir/Drivers/STM32F4xx_HAL_Driver/Src/stm32f4xx_hal_dma.c.obj
 .text.HAL_DMA_Init
                0x08001ca0      0x130 CMakeFiles/cleaner.dir/Drivers/STM32F4xx_HAL_Driver/Src/stm32f4xx_hal_dma.c.obj
                0x08001ca0                HAL_DMA_Init
 .text.HAL_DMA_Start_IT
                0x08001dd0       0x92 CMakeFiles/cleaner.dir/Drivers/STM32F4xx_HAL_Driver/Src/stm32f4xx_hal_dma.c.obj
                0x08001dd0                HAL_DMA_Start_IT
 .text.HAL_DMA_Abort
                0x08001e62       0x94 CMakeFiles/cleaner.dir/Drivers/STM32F4xx_HAL_Driver/Src/stm32f4xx_hal_dma.c.obj
                0x08001e62                HAL_DMA_Abort
 *fill*         0x08001ef6        0x2 
 .text.HAL_DMA_IRQHandler
                0x08001ef8      0x1dc CMakeFiles/cleaner.dir/Drivers/STM32F4xx_HAL_Driver/Src/stm32f4xx_hal_dma.c.obj
                0x08001ef8                HAL_DMA_IRQHandler
 .text.HAL_NVIC_SetPriorityGrouping
                0x080020d4       0x24 CMakeFiles/cleaner.dir/Drivers/STM32F4xx_HAL_Driver/Src/stm32f4xx_hal_cortex.c.obj
                0x080020d4                HAL_NVIC_SetPriorityGrouping
 .text.HAL_NVIC_SetPriority
                0x080020f8       0x6c CMakeFiles/cleaner.dir/Drivers/STM32F4xx_HAL_Driver/Src/stm32f4xx_hal_cortex.c.obj
                0x080020f8                HAL_NVIC_SetPriority
 .text.HAL_NVIC_EnableIRQ
                0x08002164       0x1c CMakeFiles/cleaner.dir/Drivers/STM32F4xx_HAL_Driver/Src/stm32f4xx_hal_cortex.c.obj
                0x08002164                HAL_NVIC_EnableIRQ
 .text.HAL_Init
                0x08002180       0x34 CMakeFiles/cleaner.dir/Drivers/STM32F4xx_HAL_Driver/Src/stm32f4xx_hal.c.obj
                0x08002180                HAL_Init
 .text.HAL_IncTick
                0x080021b4       0x18 CMakeFiles/cleaner.dir/Drivers/STM32F4xx_HAL_Driver/Src/stm32f4xx_hal.c.obj
                0x080021b4                HAL_IncTick
 .text.HAL_GetTick
                0x080021cc        0xc CMakeFiles/cleaner.dir/Drivers/STM32F4xx_HAL_Driver/Src/stm32f4xx_hal.c.obj
                0x080021cc                HAL_GetTick
 .text.TIM_OC1_SetConfig
                0x080021d8       0x6c CMakeFiles/cleaner.dir/Drivers/STM32F4xx_HAL_Driver/Src/stm32f4xx_hal_tim.c.obj
 .text.TIM_OC3_SetConfig
                0x08002244       0x70 CMakeFiles/cleaner.dir/Drivers/STM32F4xx_HAL_Driver/Src/stm32f4xx_hal_tim.c.obj
 .text.TIM_OC4_SetConfig
                0x080022b4       0x50 CMakeFiles/cleaner.dir/Drivers/STM32F4xx_HAL_Driver/Src/stm32f4xx_hal_tim.c.obj
 .text.HAL_TIM_Base_Start_IT
                0x08002304       0x88 CMakeFiles/cleaner.dir/Drivers/STM32F4xx_HAL_Driver/Src/stm32f4xx_hal_tim.c.obj
                0x08002304                HAL_TIM_Base_Start_IT
 .text.HAL_TIM_OC_DelayElapsedCallback
                0x0800238c        0x2 CMakeFiles/cleaner.dir/Drivers/STM32F4xx_HAL_Driver/Src/stm32f4xx_hal_tim.c.obj
                0x0800238c                HAL_TIM_OC_DelayElapsedCallback
 .text.HAL_TIM_IC_CaptureCallback
                0x0800238e        0x2 CMakeFiles/cleaner.dir/Drivers/STM32F4xx_HAL_Driver/Src/stm32f4xx_hal_tim.c.obj
                0x0800238e                HAL_TIM_IC_CaptureCallback
 .text.HAL_TIM_PWM_PulseFinishedCallback
                0x08002390        0x2 CMakeFiles/cleaner.dir/Drivers/STM32F4xx_HAL_Driver/Src/stm32f4xx_hal_tim.c.obj
                0x08002390                HAL_TIM_PWM_PulseFinishedCallback
 .text.HAL_TIM_TriggerCallback
                0x08002392        0x2 CMakeFiles/cleaner.dir/Drivers/STM32F4xx_HAL_Driver/Src/stm32f4xx_hal_tim.c.obj
                0x08002392                HAL_TIM_TriggerCallback
 .text.HAL_TIM_IRQHandler
                0x08002394      0x15e CMakeFiles/cleaner.dir/Drivers/STM32F4xx_HAL_Driver/Src/stm32f4xx_hal_tim.c.obj
                0x08002394                HAL_TIM_IRQHandler
 *fill*         0x080024f2        0x2 
 .text.TIM_Base_SetConfig
                0x080024f4      0x11c CMakeFiles/cleaner.dir/Drivers/STM32F4xx_HAL_Driver/Src/stm32f4xx_hal_tim.c.obj
                0x080024f4                TIM_Base_SetConfig
 .text.HAL_TIM_Base_Init
                0x08002610       0x58 CMakeFiles/cleaner.dir/Drivers/STM32F4xx_HAL_Driver/Src/stm32f4xx_hal_tim.c.obj
                0x08002610                HAL_TIM_Base_Init
 .text.HAL_TIM_PWM_Init
                0x08002668       0x58 CMakeFiles/cleaner.dir/Drivers/STM32F4xx_HAL_Driver/Src/stm32f4xx_hal_tim.c.obj
                0x08002668                HAL_TIM_PWM_Init
 .text.TIM_OC2_SetConfig
                0x080026c0       0x74 CMakeFiles/cleaner.dir/Drivers/STM32F4xx_HAL_Driver/Src/stm32f4xx_hal_tim.c.obj
                0x080026c0                TIM_OC2_SetConfig
 .text.HAL_TIM_PWM_ConfigChannel
                0x08002734       0xdc CMakeFiles/cleaner.dir/Drivers/STM32F4xx_HAL_Driver/Src/stm32f4xx_hal_tim.c.obj
                0x08002734                HAL_TIM_PWM_ConfigChannel
 .text.TIM_CCxChannelCmd
                0x08002810       0x1e CMakeFiles/cleaner.dir/Drivers/STM32F4xx_HAL_Driver/Src/stm32f4xx_hal_tim.c.obj
                0x08002810                TIM_CCxChannelCmd
 *fill*         0x0800282e        0x2 
 .text.HAL_TIM_PWM_Start
                0x08002830       0xf4 CMakeFiles/cleaner.dir/Drivers/STM32F4xx_HAL_Driver/Src/stm32f4xx_hal_tim.c.obj
                0x08002830                HAL_TIM_PWM_Start
 .text.HAL_TIMEx_MasterConfigSynchronization
                0x08002924       0x88 CMakeFiles/cleaner.dir/Drivers/STM32F4xx_HAL_Driver/Src/stm32f4xx_hal_tim_ex.c.obj
                0x08002924                HAL_TIMEx_MasterConfigSynchronization
 .text.HAL_TIMEx_ConfigBreakDeadTime
                0x080029ac       0x52 CMakeFiles/cleaner.dir/Drivers/STM32F4xx_HAL_Driver/Src/stm32f4xx_hal_tim_ex.c.obj
                0x080029ac                HAL_TIMEx_ConfigBreakDeadTime
 .text.HAL_TIMEx_CommutCallback
                0x080029fe        0x2 CMakeFiles/cleaner.dir/Drivers/STM32F4xx_HAL_Driver/Src/stm32f4xx_hal_tim_ex.c.obj
                0x080029fe                HAL_TIMEx_CommutCallback
 .text.HAL_TIMEx_BreakCallback
                0x08002a00        0x2 CMakeFiles/cleaner.dir/Drivers/STM32F4xx_HAL_Driver/Src/stm32f4xx_hal_tim_ex.c.obj
                0x08002a00                HAL_TIMEx_BreakCallback
 .text.UART_EndRxTransfer
                0x08002a02       0x5c CMakeFiles/cleaner.dir/Drivers/STM32F4xx_HAL_Driver/Src/stm32f4xx_hal_uart.c.obj
 *fill*         0x08002a5e        0x2 
 .text.UART_SetConfig
                0x08002a60      0x104 CMakeFiles/cleaner.dir/Drivers/STM32F4xx_HAL_Driver/Src/stm32f4xx_hal_uart.c.obj
 .text.HAL_UART_Init
                0x08002b64       0x60 CMakeFiles/cleaner.dir/Drivers/STM32F4xx_HAL_Driver/Src/stm32f4xx_hal_uart.c.obj
                0x08002b64                HAL_UART_Init
 .text.HAL_UART_DMAStop
                0x08002bc4       0x98 CMakeFiles/cleaner.dir/Drivers/STM32F4xx_HAL_Driver/Src/stm32f4xx_hal_uart.c.obj
                0x08002bc4                HAL_UART_DMAStop
 .text.HAL_UART_RxCpltCallback
                0x08002c5c        0x2 CMakeFiles/cleaner.dir/Drivers/STM32F4xx_HAL_Driver/Src/stm32f4xx_hal_uart.c.obj
                0x08002c5c                HAL_UART_RxCpltCallback
 .text.HAL_UART_RxHalfCpltCallback
                0x08002c5e        0x2 CMakeFiles/cleaner.dir/Drivers/STM32F4xx_HAL_Driver/Src/stm32f4xx_hal_uart.c.obj
                0x08002c5e                HAL_UART_RxHalfCpltCallback
 .text.HAL_UART_ErrorCallback
                0x08002c60        0x2 CMakeFiles/cleaner.dir/Drivers/STM32F4xx_HAL_Driver/Src/stm32f4xx_hal_uart.c.obj
                0x08002c60                HAL_UART_ErrorCallback
 .text.UART_DMAError
                0x08002c62       0x6c CMakeFiles/cleaner.dir/Drivers/STM32F4xx_HAL_Driver/Src/stm32f4xx_hal_uart.c.obj
 .text.HAL_UARTEx_RxEventCallback
                0x08002cce        0x2 CMakeFiles/cleaner.dir/Drivers/STM32F4xx_HAL_Driver/Src/stm32f4xx_hal_uart.c.obj
                0x08002cce                HAL_UARTEx_RxEventCallback
 .text.UART_DMARxHalfCplt
                0x08002cd0       0x1e CMakeFiles/cleaner.dir/Drivers/STM32F4xx_HAL_Driver/Src/stm32f4xx_hal_uart.c.obj
 .text.UART_DMAReceiveCplt
                0x08002cee       0x9a CMakeFiles/cleaner.dir/Drivers/STM32F4xx_HAL_Driver/Src/stm32f4xx_hal_uart.c.obj
 .text.UART_Start_Receive_DMA
                0x08002d88       0xa4 CMakeFiles/cleaner.dir/Drivers/STM32F4xx_HAL_Driver/Src/stm32f4xx_hal_uart.c.obj
                0x08002d88                UART_Start_Receive_DMA
 .text.HAL_UART_Receive_DMA
                0x08002e2c       0x26 CMakeFiles/cleaner.dir/Drivers/STM32F4xx_HAL_Driver/Src/stm32f4xx_hal_uart.c.obj
                0x08002e2c                HAL_UART_Receive_DMA
 *fill*         0x08002e52        0x2 
 .text.SystemInit
                0x08002e54       0x14 CMakeFiles/cleaner.dir/Core/Src/system_stm32f4xx.c.obj
                0x08002e54                SystemInit
 .text.vListInitialise
                0x08002e68       0x16 CMakeFiles/cleaner.dir/Middlewares/Third_Party/FreeRTOS/Source/list.c.obj
                0x08002e68                vListInitialise
 .text.vListInitialiseItem
                0x08002e7e        0x6 CMakeFiles/cleaner.dir/Middlewares/Third_Party/FreeRTOS/Source/list.c.obj
                0x08002e7e                vListInitialiseItem
 .text.vListInsertEnd
                0x08002e84       0x16 CMakeFiles/cleaner.dir/Middlewares/Third_Party/FreeRTOS/Source/list.c.obj
                0x08002e84                vListInsertEnd
 .text.vListInsert
                0x08002e9a       0x32 CMakeFiles/cleaner.dir/Middlewares/Third_Party/FreeRTOS/Source/list.c.obj
                0x08002e9a                vListInsert
 .text.uxListRemove
                0x08002ecc       0x24 CMakeFiles/cleaner.dir/Middlewares/Third_Party/FreeRTOS/Source/list.c.obj
                0x08002ecc                uxListRemove
 .text.prvIsQueueEmpty
                0x08002ef0       0x16 CMakeFiles/cleaner.dir/Middlewares/Third_Party/FreeRTOS/Source/queue.c.obj
 .text.prvCopyDataToQueue
                0x08002f06       0x76 CMakeFiles/cleaner.dir/Middlewares/Third_Party/FreeRTOS/Source/queue.c.obj
 .text.prvCopyDataFromQueue
                0x08002f7c       0x24 CMakeFiles/cleaner.dir/Middlewares/Third_Party/FreeRTOS/Source/queue.c.obj
 .text.prvUnlockQueue
                0x08002fa0       0x76 CMakeFiles/cleaner.dir/Middlewares/Third_Party/FreeRTOS/Source/queue.c.obj
 .text.xQueueGenericReset
                0x08003016       0x84 CMakeFiles/cleaner.dir/Middlewares/Third_Party/FreeRTOS/Source/queue.c.obj
                0x08003016                xQueueGenericReset
 .text.xQueueGenericCreateStatic
                0x0800309a       0xa8 CMakeFiles/cleaner.dir/Middlewares/Third_Party/FreeRTOS/Source/queue.c.obj
                0x0800309a                xQueueGenericCreateStatic
 .text.xQueueGenericSend
                0x08003142      0x198 CMakeFiles/cleaner.dir/Middlewares/Third_Party/FreeRTOS/Source/queue.c.obj
                0x08003142                xQueueGenericSend
 .text.xQueueGenericSendFromISR
                0x080032da       0xce CMakeFiles/cleaner.dir/Middlewares/Third_Party/FreeRTOS/Source/queue.c.obj
                0x080032da                xQueueGenericSendFromISR
 .text.xQueueReceive
                0x080033a8      0x164 CMakeFiles/cleaner.dir/Middlewares/Third_Party/FreeRTOS/Source/queue.c.obj
                0x080033a8                xQueueReceive
 .text.vQueueAddToRegistry
                0x0800350c       0x2c CMakeFiles/cleaner.dir/Middlewares/Third_Party/FreeRTOS/Source/queue.c.obj
                0x0800350c                vQueueAddToRegistry
 .text.vQueueWaitForMessageRestricted
                0x08003538       0x4e CMakeFiles/cleaner.dir/Middlewares/Third_Party/FreeRTOS/Source/queue.c.obj
                0x08003538                vQueueWaitForMessageRestricted
 *fill*         0x08003586        0x2 
 .text.prvResetNextTaskUnblockTime
                0x08003588       0x2c CMakeFiles/cleaner.dir/Middlewares/Third_Party/FreeRTOS/Source/tasks.c.obj
 .text.prvInitialiseNewTask
                0x080035b4       0xa8 CMakeFiles/cleaner.dir/Middlewares/Third_Party/FreeRTOS/Source/tasks.c.obj
 .text.prvAddNewTaskToReadyList
                0x0800365c       0xfc CMakeFiles/cleaner.dir/Middlewares/Third_Party/FreeRTOS/Source/tasks.c.obj
 .text.prvDeleteTCB
                0x08003758       0x38 CMakeFiles/cleaner.dir/Middlewares/Third_Party/FreeRTOS/Source/tasks.c.obj
 .text.prvIdleTask
                0x08003790       0x68 CMakeFiles/cleaner.dir/Middlewares/Third_Party/FreeRTOS/Source/tasks.c.obj
 .text.prvAddCurrentTaskToDelayedList
                0x080037f8       0xa0 CMakeFiles/cleaner.dir/Middlewares/Third_Party/FreeRTOS/Source/tasks.c.obj
 .text.xTaskCreateStatic
                0x08003898       0x76 CMakeFiles/cleaner.dir/Middlewares/Third_Party/FreeRTOS/Source/tasks.c.obj
                0x08003898                xTaskCreateStatic
 .text.xTaskCreate
                0x0800390e       0x64 CMakeFiles/cleaner.dir/Middlewares/Third_Party/FreeRTOS/Source/tasks.c.obj
                0x0800390e                xTaskCreate
 *fill*         0x08003972        0x2 
 .text.vTaskStartScheduler
                0x08003974       0x8c CMakeFiles/cleaner.dir/Middlewares/Third_Party/FreeRTOS/Source/tasks.c.obj
                0x08003974                vTaskStartScheduler
 .text.vTaskSuspendAll
                0x08003a00       0x10 CMakeFiles/cleaner.dir/Middlewares/Third_Party/FreeRTOS/Source/tasks.c.obj
                0x08003a00                vTaskSuspendAll
 .text.xTaskGetTickCount
                0x08003a10        0xc CMakeFiles/cleaner.dir/Middlewares/Third_Party/FreeRTOS/Source/tasks.c.obj
                0x08003a10                xTaskGetTickCount
 .text.xTaskIncrementTick
                0x08003a1c      0x138 CMakeFiles/cleaner.dir/Middlewares/Third_Party/FreeRTOS/Source/tasks.c.obj
                0x08003a1c                xTaskIncrementTick
 .text.xTaskResumeAll
                0x08003b54      0x108 CMakeFiles/cleaner.dir/Middlewares/Third_Party/FreeRTOS/Source/tasks.c.obj
                0x08003b54                xTaskResumeAll
 .text.vTaskDelay
                0x08003c5c       0x4c CMakeFiles/cleaner.dir/Middlewares/Third_Party/FreeRTOS/Source/tasks.c.obj
                0x08003c5c                vTaskDelay
 .text.vTaskSwitchContext
                0x08003ca8       0x94 CMakeFiles/cleaner.dir/Middlewares/Third_Party/FreeRTOS/Source/tasks.c.obj
                0x08003ca8                vTaskSwitchContext
 .text.vTaskPlaceOnEventList
                0x08003d3c       0x30 CMakeFiles/cleaner.dir/Middlewares/Third_Party/FreeRTOS/Source/tasks.c.obj
                0x08003d3c                vTaskPlaceOnEventList
 .text.vTaskPlaceOnEventListRestricted
                0x08003d6c       0x3c CMakeFiles/cleaner.dir/Middlewares/Third_Party/FreeRTOS/Source/tasks.c.obj
                0x08003d6c                vTaskPlaceOnEventListRestricted
 .text.xTaskRemoveFromEventList
                0x08003da8       0x88 CMakeFiles/cleaner.dir/Middlewares/Third_Party/FreeRTOS/Source/tasks.c.obj
                0x08003da8                xTaskRemoveFromEventList
 .text.vTaskInternalSetTimeOutState
                0x08003e30       0x18 CMakeFiles/cleaner.dir/Middlewares/Third_Party/FreeRTOS/Source/tasks.c.obj
                0x08003e30                vTaskInternalSetTimeOutState
 .text.xTaskCheckForTimeOut
                0x08003e48       0xa0 CMakeFiles/cleaner.dir/Middlewares/Third_Party/FreeRTOS/Source/tasks.c.obj
                0x08003e48                xTaskCheckForTimeOut
 .text.vTaskMissedYield
                0x08003ee8        0xc CMakeFiles/cleaner.dir/Middlewares/Third_Party/FreeRTOS/Source/tasks.c.obj
                0x08003ee8                vTaskMissedYield
 .text.xTaskGetSchedulerState
                0x08003ef4       0x20 CMakeFiles/cleaner.dir/Middlewares/Third_Party/FreeRTOS/Source/tasks.c.obj
                0x08003ef4                xTaskGetSchedulerState
 .text.xTaskPriorityDisinherit
                0x08003f14       0xb0 CMakeFiles/cleaner.dir/Middlewares/Third_Party/FreeRTOS/Source/tasks.c.obj
                0x08003f14                xTaskPriorityDisinherit
 .text.prvInsertTimerInActiveList
                0x08003fc4       0x48 CMakeFiles/cleaner.dir/Middlewares/Third_Party/FreeRTOS/Source/timers.c.obj
 .text.prvCheckForValidListAndQueue
                0x0800400c       0x70 CMakeFiles/cleaner.dir/Middlewares/Third_Party/FreeRTOS/Source/timers.c.obj
 .text.xTimerCreateTimerTask
                0x0800407c       0x64 CMakeFiles/cleaner.dir/Middlewares/Third_Party/FreeRTOS/Source/timers.c.obj
                0x0800407c                xTimerCreateTimerTask
 .text.xTimerGenericCommand
                0x080040e0       0x60 CMakeFiles/cleaner.dir/Middlewares/Third_Party/FreeRTOS/Source/timers.c.obj
                0x080040e0                xTimerGenericCommand
 .text.prvSampleTimeNow
                0x08004140       0xb0 CMakeFiles/cleaner.dir/Middlewares/Third_Party/FreeRTOS/Source/timers.c.obj
 .text.prvTimerTask
                0x080041f0      0x1f8 CMakeFiles/cleaner.dir/Middlewares/Third_Party/FreeRTOS/Source/timers.c.obj
 .text.osKernelStart
                0x080043e8        0xa CMakeFiles/cleaner.dir/Middlewares/Third_Party/FreeRTOS/Source/CMSIS_RTOS/cmsis_os.c.obj
                0x080043e8                osKernelStart
 .text.osThreadCreate
                0x080043f2       0x6a CMakeFiles/cleaner.dir/Middlewares/Third_Party/FreeRTOS/Source/CMSIS_RTOS/cmsis_os.c.obj
                0x080043f2                osThreadCreate
 .text.osDelay  0x0800445c       0x10 CMakeFiles/cleaner.dir/Middlewares/Third_Party/FreeRTOS/Source/CMSIS_RTOS/cmsis_os.c.obj
                0x0800445c                osDelay
 .text.prvInsertBlockIntoFreeList
                0x0800446c       0x60 CMakeFiles/cleaner.dir/Middlewares/Third_Party/FreeRTOS/Source/portable/MemMang/heap_4.c.obj
 .text.pvPortMalloc
                0x080044cc      0x138 CMakeFiles/cleaner.dir/Middlewares/Third_Party/FreeRTOS/Source/portable/MemMang/heap_4.c.obj
                0x080044cc                pvPortMalloc
 .text.vPortFree
                0x08004604       0x7c CMakeFiles/cleaner.dir/Middlewares/Third_Party/FreeRTOS/Source/portable/MemMang/heap_4.c.obj
                0x08004604                vPortFree
 .text.prvTaskExitError
                0x08004680       0x40 CMakeFiles/cleaner.dir/Middlewares/Third_Party/FreeRTOS/Source/portable/GCC/ARM_CM4F/port.c.obj
 .text.prvPortStartFirstTask
                0x080046c0       0x28 CMakeFiles/cleaner.dir/Middlewares/Third_Party/FreeRTOS/Source/portable/GCC/ARM_CM4F/port.c.obj
 .text.vPortEnableVFP
                0x080046e8       0x14 CMakeFiles/cleaner.dir/Middlewares/Third_Party/FreeRTOS/Source/portable/GCC/ARM_CM4F/port.c.obj
 .text.pxPortInitialiseStack
                0x080046fc       0x2c CMakeFiles/cleaner.dir/Middlewares/Third_Party/FreeRTOS/Source/portable/GCC/ARM_CM4F/port.c.obj
                0x080046fc                pxPortInitialiseStack
 *fill*         0x08004728        0x8 
 .text.SVC_Handler
                0x08004730       0x24 CMakeFiles/cleaner.dir/Middlewares/Third_Party/FreeRTOS/Source/portable/GCC/ARM_CM4F/port.c.obj
                0x08004730                SVC_Handler
 .text.vPortEnterCritical
                0x08004754       0x44 CMakeFiles/cleaner.dir/Middlewares/Third_Party/FreeRTOS/Source/portable/GCC/ARM_CM4F/port.c.obj
                0x08004754                vPortEnterCritical
 .text.vPortExitCritical
                0x08004798       0x2c CMakeFiles/cleaner.dir/Middlewares/Third_Party/FreeRTOS/Source/portable/GCC/ARM_CM4F/port.c.obj
                0x08004798                vPortExitCritical
 *fill*         0x080047c4        0xc 
 .text.PendSV_Handler
                0x080047d0       0x64 CMakeFiles/cleaner.dir/Middlewares/Third_Party/FreeRTOS/Source/portable/GCC/ARM_CM4F/port.c.obj
                0x080047d0                PendSV_Handler
 .text.SysTick_Handler
                0x08004834       0x2c CMakeFiles/cleaner.dir/Middlewares/Third_Party/FreeRTOS/Source/portable/GCC/ARM_CM4F/port.c.obj
                0x08004834                SysTick_Handler
 .text.vPortSetupTimerInterrupt
                0x08004860       0x28 CMakeFiles/cleaner.dir/Middlewares/Third_Party/FreeRTOS/Source/portable/GCC/ARM_CM4F/port.c.obj
                0x08004860                vPortSetupTimerInterrupt
 .text.xPortStartScheduler
                0x08004888      0x11c CMakeFiles/cleaner.dir/Middlewares/Third_Party/FreeRTOS/Source/portable/GCC/ARM_CM4F/port.c.obj
                0x08004888                xPortStartScheduler
 .text.vPortValidateInterruptPriority
                0x080049a4       0x5c CMakeFiles/cleaner.dir/Middlewares/Third_Party/FreeRTOS/Source/portable/GCC/ARM_CM4F/port.c.obj
                0x080049a4                vPortValidateInterruptPriority
 .text.Reset_Handler
                0x08004a00       0x50 CMakeFiles/cleaner.dir/startup_stm32f407xx.s.obj
                0x08004a00                Reset_Handler
 .text.Default_Handler
                0x08004a50        0x2 CMakeFiles/cleaner.dir/startup_stm32f407xx.s.obj
                0x08004a50                RTC_Alarm_IRQHandler
                0x08004a50                HASH_RNG_IRQHandler
                0x08004a50                EXTI2_IRQHandler
                0x08004a50                TIM8_CC_IRQHandler
                0x08004a50                TIM1_CC_IRQHandler
                0x08004a50                DMA2_Stream5_IRQHandler
                0x08004a50                DMA1_Stream5_IRQHandler
                0x08004a50                PVD_IRQHandler
                0x08004a50                SDIO_IRQHandler
                0x08004a50                TAMP_STAMP_IRQHandler
                0x08004a50                CAN2_RX1_IRQHandler
                0x08004a50                EXTI3_IRQHandler
                0x08004a50                TIM8_TRG_COM_TIM14_IRQHandler
                0x08004a50                TIM8_UP_TIM13_IRQHandler
                0x08004a50                I2C3_ER_IRQHandler
                0x08004a50                EXTI0_IRQHandler
                0x08004a50                I2C2_EV_IRQHandler
                0x08004a50                DMA1_Stream2_IRQHandler
                0x08004a50                CAN1_RX0_IRQHandler
                0x08004a50                FPU_IRQHandler
                0x08004a50                OTG_HS_WKUP_IRQHandler
                0x08004a50                CAN2_SCE_IRQHandler
                0x08004a50                SPI1_IRQHandler
                0x08004a50                TIM1_BRK_TIM9_IRQHandler
                0x08004a50                DCMI_IRQHandler
                0x08004a50                CAN2_RX0_IRQHandler
                0x08004a50                DMA2_Stream3_IRQHandler
                0x08004a50                USART6_IRQHandler
                0x08004a50                USART3_IRQHandler
                0x08004a50                CAN1_RX1_IRQHandler
                0x08004a50                UART5_IRQHandler
                0x08004a50                DMA2_Stream0_IRQHandler
                0x08004a50                TIM4_IRQHandler
                0x08004a50                I2C1_EV_IRQHandler
                0x08004a50                DMA1_Stream6_IRQHandler
                0x08004a50                DMA1_Stream1_IRQHandler
                0x08004a50                UART4_IRQHandler
                0x08004a50                TIM3_IRQHandler
                0x08004a50                RCC_IRQHandler
                0x08004a50                TIM8_BRK_TIM12_IRQHandler
                0x08004a50                Default_Handler
                0x08004a50                EXTI15_10_IRQHandler
                0x08004a50                ADC_IRQHandler
                0x08004a50                DMA1_Stream7_IRQHandler
                0x08004a50                TIM7_IRQHandler
                0x08004a50                CAN2_TX_IRQHandler
                0x08004a50                TIM5_IRQHandler
                0x08004a50                DMA2_Stream7_IRQHandler
                0x08004a50                I2C3_EV_IRQHandler
                0x08004a50                EXTI9_5_IRQHandler
                0x08004a50                RTC_WKUP_IRQHandler
                0x08004a50                ETH_WKUP_IRQHandler
                0x08004a50                SPI2_IRQHandler
                0x08004a50                OTG_HS_EP1_IN_IRQHandler
                0x08004a50                DMA1_Stream0_IRQHandler
                0x08004a50                CAN1_TX_IRQHandler
                0x08004a50                EXTI4_IRQHandler
                0x08004a50                FSMC_IRQHandler
                0x08004a50                ETH_IRQHandler
                0x08004a50                OTG_HS_EP1_OUT_IRQHandler
                0x08004a50                WWDG_IRQHandler
                0x08004a50                TIM2_IRQHandler
                0x08004a50                OTG_FS_WKUP_IRQHandler
                0x08004a50                TIM1_TRG_COM_TIM11_IRQHandler
                0x08004a50                OTG_HS_IRQHandler
                0x08004a50                EXTI1_IRQHandler
                0x08004a50                USART2_IRQHandler
                0x08004a50                I2C2_ER_IRQHandler
                0x08004a50                DMA2_Stream1_IRQHandler
                0x08004a50                CAN1_SCE_IRQHandler
                0x08004a50                FLASH_IRQHandler
                0x08004a50                DMA2_Stream4_IRQHandler
                0x08004a50                OTG_FS_IRQHandler
                0x08004a50                SPI3_IRQHandler
                0x08004a50                DMA1_Stream4_IRQHandler
                0x08004a50                I2C1_ER_IRQHandler
                0x08004a50                DMA2_Stream6_IRQHandler
                0x08004a50                DMA1_Stream3_IRQHandler
 .text.memcpy   0x08004a52       0x1c d:/dev_env/gcc-arm-none-eabi/10 2021.10/bin/../lib/gcc/arm-none-eabi/10.3.1/../../../../arm-none-eabi/lib/thumb/v7e-m+fp/hard\libg_nano.a(lib_a-memcpy-stub.o)
                0x08004a52                memcpy
 *(.glue_7)
 .glue_7        0x08004a6e        0x0 linker stubs
 *(.glue_7t)
 .glue_7t       0x08004a6e        0x0 linker stubs
 *(.eh_frame)
 *fill*         0x08004a6e        0x2 
 .eh_frame      0x08004a70        0x0 d:/dev_env/gcc-arm-none-eabi/10 2021.10/bin/../lib/gcc/arm-none-eabi/10.3.1/thumb/v7e-m+fp/hard/crtbegin.o
 *(.init)
 .init          0x08004a70        0x4 d:/dev_env/gcc-arm-none-eabi/10 2021.10/bin/../lib/gcc/arm-none-eabi/10.3.1/thumb/v7e-m+fp/hard/crti.o
                0x08004a70                _init
 .init          0x08004a74        0x8 d:/dev_env/gcc-arm-none-eabi/10 2021.10/bin/../lib/gcc/arm-none-eabi/10.3.1/thumb/v7e-m+fp/hard/crtn.o
 *(.fini)
 .fini          0x08004a7c        0x4 d:/dev_env/gcc-arm-none-eabi/10 2021.10/bin/../lib/gcc/arm-none-eabi/10.3.1/thumb/v7e-m+fp/hard/crti.o
                0x08004a7c                _fini
 .fini          0x08004a80        0x8 d:/dev_env/gcc-arm-none-eabi/10 2021.10/bin/../lib/gcc/arm-none-eabi/10.3.1/thumb/v7e-m+fp/hard/crtn.o
                0x08004a88                . = ALIGN (0x4)
                0x08004a88                _etext = .

.vfp11_veneer   0x08004a88        0x0
 .vfp11_veneer  0x08004a88        0x0 linker stubs

.v4_bx          0x08004a88        0x0
 .v4_bx         0x08004a88        0x0 linker stubs

.iplt           0x08004a88        0x0
 .iplt          0x08004a88        0x0 d:/dev_env/gcc-arm-none-eabi/10 2021.10/bin/../lib/gcc/arm-none-eabi/10.3.1/thumb/v7e-m+fp/hard/crtbegin.o

.rodata         0x08004a88       0x88
                0x08004a88                . = ALIGN (0x4)
 *(.rodata)
 .rodata        0x08004a88       0x38 CMakeFiles/cleaner.dir/Core/Src/freertos.c.obj
 *(.rodata*)
 .rodata.str1.4
                0x08004ac0       0x15 CMakeFiles/cleaner.dir/Core/Src/freertos.c.obj
 *fill*         0x08004ad5        0x3 
 .rodata.flagBitshiftOffset.0
                0x08004ad8        0x8 CMakeFiles/cleaner.dir/Drivers/STM32F4xx_HAL_Driver/Src/stm32f4xx_hal_dma.c.obj
 .rodata.AHBPrescTable
                0x08004ae0       0x10 CMakeFiles/cleaner.dir/Core/Src/system_stm32f4xx.c.obj
                0x08004ae0                AHBPrescTable
 .rodata.APBPrescTable
                0x08004af0        0x8 CMakeFiles/cleaner.dir/Core/Src/system_stm32f4xx.c.obj
                0x08004af0                APBPrescTable
 .rodata.vTaskStartScheduler.str1.4
                0x08004af8        0x5 CMakeFiles/cleaner.dir/Middlewares/Third_Party/FreeRTOS/Source/tasks.c.obj
 *fill*         0x08004afd        0x3 
 .rodata.prvCheckForValidListAndQueue.str1.4
                0x08004b00        0x5 CMakeFiles/cleaner.dir/Middlewares/Third_Party/FreeRTOS/Source/timers.c.obj
 *fill*         0x08004b05        0x3 
 .rodata.xTimerCreateTimerTask.str1.4
                0x08004b08        0x8 CMakeFiles/cleaner.dir/Middlewares/Third_Party/FreeRTOS/Source/timers.c.obj
                0x08004b10                . = ALIGN (0x4)

.ARM.extab
 *(.ARM.extab* .gnu.linkonce.armextab.*)

.ARM            0x08004b10        0x8
                0x08004b10                __exidx_start = .
 *(.ARM.exidx*)
 .ARM.exidx     0x08004b10        0x8 d:/dev_env/gcc-arm-none-eabi/10 2021.10/bin/../lib/gcc/arm-none-eabi/10.3.1/thumb/v7e-m+fp/hard\libgcc.a(_udivmoddi4.o)
                0x08004b18                __exidx_end = .

.rel.dyn        0x08004b18        0x0
 .rel.iplt      0x08004b18        0x0 d:/dev_env/gcc-arm-none-eabi/10 2021.10/bin/../lib/gcc/arm-none-eabi/10.3.1/thumb/v7e-m+fp/hard/crtbegin.o

.preinit_array  0x08004b18        0x0
                0x08004b18                PROVIDE (__preinit_array_start = .)
 *(.preinit_array*)
                0x08004b18                PROVIDE (__preinit_array_end = .)

.init_array     0x08004b18        0x4
                0x08004b18                PROVIDE (__init_array_start = .)
 *(SORT_BY_NAME(.init_array.*))
 *(.init_array*)
 .init_array    0x08004b18        0x4 d:/dev_env/gcc-arm-none-eabi/10 2021.10/bin/../lib/gcc/arm-none-eabi/10.3.1/thumb/v7e-m+fp/hard/crtbegin.o
                0x08004b1c                PROVIDE (__init_array_end = .)

.fini_array     0x08004b1c        0x4
                [!provide]                PROVIDE (__fini_array_start = .)
 *(SORT_BY_NAME(.fini_array.*))
 *(.fini_array*)
 .fini_array    0x08004b1c        0x4 d:/dev_env/gcc-arm-none-eabi/10 2021.10/bin/../lib/gcc/arm-none-eabi/10.3.1/thumb/v7e-m+fp/hard/crtbegin.o
                [!provide]                PROVIDE (__fini_array_end = .)
                0x08004b20                _sidata = LOADADDR (.data)

.data           0x20000000       0x10 load address 0x08004b20
                0x20000000                . = ALIGN (0x4)
                0x20000000                _sdata = .
 *(.data)
 *(.data*)
 .data.uwTickFreq
                0x20000000        0x1 CMakeFiles/cleaner.dir/Drivers/STM32F4xx_HAL_Driver/Src/stm32f4xx_hal.c.obj
                0x20000000                uwTickFreq
 *fill*         0x20000001        0x3 
 .data.uwTickPrio
                0x20000004        0x4 CMakeFiles/cleaner.dir/Drivers/STM32F4xx_HAL_Driver/Src/stm32f4xx_hal.c.obj
                0x20000004                uwTickPrio
 .data.SystemCoreClock
                0x20000008        0x4 CMakeFiles/cleaner.dir/Core/Src/system_stm32f4xx.c.obj
                0x20000008                SystemCoreClock
 .data.uxCriticalNesting
                0x2000000c        0x4 CMakeFiles/cleaner.dir/Middlewares/Third_Party/FreeRTOS/Source/portable/GCC/ARM_CM4F/port.c.obj
                0x20000010                . = ALIGN (0x4)
                0x20000010                _edata = .
                0x08004b30                _siccmram = LOADADDR (.ccmram)

.igot.plt       0x20000010        0x0 load address 0x08004b30
 .igot.plt      0x20000010        0x0 d:/dev_env/gcc-arm-none-eabi/10 2021.10/bin/../lib/gcc/arm-none-eabi/10.3.1/thumb/v7e-m+fp/hard/crtbegin.o

.ccmram         0x10000000        0x0 load address 0x08004b30
                0x10000000                . = ALIGN (0x4)
                0x10000000                _sccmram = .
 *(.ccmram)
 *(.ccmram*)
                0x10000000                . = ALIGN (0x4)
                0x10000000                _eccmram = .
                0x10000000                . = ALIGN (0x4)

.bss            0x20000010     0x6c70
                0x20000010                _sbss = .
                0x20000010                __bss_start__ = _sbss
 *(.bss)
 .bss           0x20000010       0x1c d:/dev_env/gcc-arm-none-eabi/10 2021.10/bin/../lib/gcc/arm-none-eabi/10.3.1/thumb/v7e-m+fp/hard/crtbegin.o
 *(.bss*)
 .bss.dis       0x2000002c       0x10 CMakeFiles/cleaner.dir/Application/distance.c.obj
                0x2000002c                dis
 .bss.forward   0x2000003c       0x18 CMakeFiles/cleaner.dir/Application/distance.c.obj
                0x2000003c                forward
 .bss.rx_buff   0x20000054       0x1e CMakeFiles/cleaner.dir/Bsp/bsp_uart.c.obj
                0x20000054                rx_buff
 *fill*         0x20000072        0x2 
 .bss.DistanceHandle
                0x20000074        0x4 CMakeFiles/cleaner.dir/Core/Src/freertos.c.obj
                0x20000074                DistanceHandle
 .bss.defaultTaskHandle
                0x20000078        0x4 CMakeFiles/cleaner.dir/Core/Src/freertos.c.obj
                0x20000078                defaultTaskHandle
 .bss.test      0x2000007c        0x4 CMakeFiles/cleaner.dir/Core/Src/freertos.c.obj
                0x2000007c                test
 .bss.xIdleStack
                0x20000080      0x200 CMakeFiles/cleaner.dir/Core/Src/freertos.c.obj
 .bss.xIdleTaskTCBBuffer
                0x20000280       0x54 CMakeFiles/cleaner.dir/Core/Src/freertos.c.obj
 .bss.xTimerStack
                0x200002d4      0x400 CMakeFiles/cleaner.dir/Core/Src/freertos.c.obj
 .bss.xTimerTaskTCBBuffer
                0x200006d4       0x54 CMakeFiles/cleaner.dir/Core/Src/freertos.c.obj
 .bss.htim2     0x20000728       0x48 CMakeFiles/cleaner.dir/Core/Src/tim.c.obj
                0x20000728                htim2
 .bss.htim3     0x20000770       0x48 CMakeFiles/cleaner.dir/Core/Src/tim.c.obj
                0x20000770                htim3
 .bss.htim4     0x200007b8       0x48 CMakeFiles/cleaner.dir/Core/Src/tim.c.obj
                0x200007b8                htim4
 .bss.htim5     0x20000800       0x48 CMakeFiles/cleaner.dir/Core/Src/tim.c.obj
                0x20000800                htim5
 .bss.htim6     0x20000848       0x48 CMakeFiles/cleaner.dir/Core/Src/tim.c.obj
                0x20000848                htim6
 .bss.htim8     0x20000890       0x48 CMakeFiles/cleaner.dir/Core/Src/tim.c.obj
                0x20000890                htim8
 .bss.hdma_usart1_rx
                0x200008d8       0x60 CMakeFiles/cleaner.dir/Core/Src/usart.c.obj
                0x200008d8                hdma_usart1_rx
 .bss.huart1    0x20000938       0x48 CMakeFiles/cleaner.dir/Core/Src/usart.c.obj
                0x20000938                huart1
 .bss.htim1     0x20000980       0x48 CMakeFiles/cleaner.dir/Core/Src/stm32f4xx_hal_timebase_tim.c.obj
                0x20000980                htim1
 .bss.uwTick    0x200009c8        0x4 CMakeFiles/cleaner.dir/Drivers/STM32F4xx_HAL_Driver/Src/stm32f4xx_hal.c.obj
                0x200009c8                uwTick
 .bss.xQueueRegistry
                0x200009cc       0x40 CMakeFiles/cleaner.dir/Middlewares/Third_Party/FreeRTOS/Source/queue.c.obj
                0x200009cc                xQueueRegistry
 .bss.pxCurrentTCB
                0x20000a0c        0x4 CMakeFiles/cleaner.dir/Middlewares/Third_Party/FreeRTOS/Source/tasks.c.obj
                0x20000a0c                pxCurrentTCB
 .bss.pxDelayedTaskList
                0x20000a10        0x4 CMakeFiles/cleaner.dir/Middlewares/Third_Party/FreeRTOS/Source/tasks.c.obj
 .bss.pxOverflowDelayedTaskList
                0x20000a14        0x4 CMakeFiles/cleaner.dir/Middlewares/Third_Party/FreeRTOS/Source/tasks.c.obj
 .bss.pxReadyTasksLists
                0x20000a18       0x8c CMakeFiles/cleaner.dir/Middlewares/Third_Party/FreeRTOS/Source/tasks.c.obj
 .bss.uxCurrentNumberOfTasks
                0x20000aa4        0x4 CMakeFiles/cleaner.dir/Middlewares/Third_Party/FreeRTOS/Source/tasks.c.obj
 .bss.uxDeletedTasksWaitingCleanUp
                0x20000aa8        0x4 CMakeFiles/cleaner.dir/Middlewares/Third_Party/FreeRTOS/Source/tasks.c.obj
 .bss.uxSchedulerSuspended
                0x20000aac        0x4 CMakeFiles/cleaner.dir/Middlewares/Third_Party/FreeRTOS/Source/tasks.c.obj
 .bss.uxTaskNumber
                0x20000ab0        0x4 CMakeFiles/cleaner.dir/Middlewares/Third_Party/FreeRTOS/Source/tasks.c.obj
 .bss.uxTopReadyPriority
                0x20000ab4        0x4 CMakeFiles/cleaner.dir/Middlewares/Third_Party/FreeRTOS/Source/tasks.c.obj
 .bss.xDelayedTaskList1
                0x20000ab8       0x14 CMakeFiles/cleaner.dir/Middlewares/Third_Party/FreeRTOS/Source/tasks.c.obj
 .bss.xDelayedTaskList2
                0x20000acc       0x14 CMakeFiles/cleaner.dir/Middlewares/Third_Party/FreeRTOS/Source/tasks.c.obj
 .bss.xNextTaskUnblockTime
                0x20000ae0        0x4 CMakeFiles/cleaner.dir/Middlewares/Third_Party/FreeRTOS/Source/tasks.c.obj
 .bss.xNumOfOverflows
                0x20000ae4        0x4 CMakeFiles/cleaner.dir/Middlewares/Third_Party/FreeRTOS/Source/tasks.c.obj
 .bss.xPendedTicks
                0x20000ae8        0x4 CMakeFiles/cleaner.dir/Middlewares/Third_Party/FreeRTOS/Source/tasks.c.obj
 .bss.xPendingReadyList
                0x20000aec       0x14 CMakeFiles/cleaner.dir/Middlewares/Third_Party/FreeRTOS/Source/tasks.c.obj
 .bss.xSchedulerRunning
                0x20000b00        0x4 CMakeFiles/cleaner.dir/Middlewares/Third_Party/FreeRTOS/Source/tasks.c.obj
 .bss.xSuspendedTaskList
                0x20000b04       0x14 CMakeFiles/cleaner.dir/Middlewares/Third_Party/FreeRTOS/Source/tasks.c.obj
 .bss.xTasksWaitingTermination
                0x20000b18       0x14 CMakeFiles/cleaner.dir/Middlewares/Third_Party/FreeRTOS/Source/tasks.c.obj
 .bss.xTickCount
                0x20000b2c        0x4 CMakeFiles/cleaner.dir/Middlewares/Third_Party/FreeRTOS/Source/tasks.c.obj
 .bss.xYieldPending
                0x20000b30        0x4 CMakeFiles/cleaner.dir/Middlewares/Third_Party/FreeRTOS/Source/tasks.c.obj
 .bss.pxCurrentTimerList
                0x20000b34        0x4 CMakeFiles/cleaner.dir/Middlewares/Third_Party/FreeRTOS/Source/timers.c.obj
 .bss.pxOverflowTimerList
                0x20000b38        0x4 CMakeFiles/cleaner.dir/Middlewares/Third_Party/FreeRTOS/Source/timers.c.obj
 .bss.ucStaticTimerQueueStorage.1
                0x20000b3c       0xa0 CMakeFiles/cleaner.dir/Middlewares/Third_Party/FreeRTOS/Source/timers.c.obj
 .bss.xActiveTimerList1
                0x20000bdc       0x14 CMakeFiles/cleaner.dir/Middlewares/Third_Party/FreeRTOS/Source/timers.c.obj
 .bss.xActiveTimerList2
                0x20000bf0       0x14 CMakeFiles/cleaner.dir/Middlewares/Third_Party/FreeRTOS/Source/timers.c.obj
 .bss.xLastTime.2
                0x20000c04        0x4 CMakeFiles/cleaner.dir/Middlewares/Third_Party/FreeRTOS/Source/timers.c.obj
 .bss.xStaticTimerQueue.0
                0x20000c08       0x48 CMakeFiles/cleaner.dir/Middlewares/Third_Party/FreeRTOS/Source/timers.c.obj
 .bss.xTimerQueue
                0x20000c50        0x4 CMakeFiles/cleaner.dir/Middlewares/Third_Party/FreeRTOS/Source/timers.c.obj
 .bss.xTimerTaskHandle
                0x20000c54        0x4 CMakeFiles/cleaner.dir/Middlewares/Third_Party/FreeRTOS/Source/timers.c.obj
 .bss.pxEnd     0x20000c58        0x4 CMakeFiles/cleaner.dir/Middlewares/Third_Party/FreeRTOS/Source/portable/MemMang/heap_4.c.obj
 .bss.ucHeap    0x20000c5c     0x6000 CMakeFiles/cleaner.dir/Middlewares/Third_Party/FreeRTOS/Source/portable/MemMang/heap_4.c.obj
 .bss.xBlockAllocatedBit
                0x20006c5c        0x4 CMakeFiles/cleaner.dir/Middlewares/Third_Party/FreeRTOS/Source/portable/MemMang/heap_4.c.obj
 .bss.xFreeBytesRemaining
                0x20006c60        0x4 CMakeFiles/cleaner.dir/Middlewares/Third_Party/FreeRTOS/Source/portable/MemMang/heap_4.c.obj
 .bss.xMinimumEverFreeBytesRemaining
                0x20006c64        0x4 CMakeFiles/cleaner.dir/Middlewares/Third_Party/FreeRTOS/Source/portable/MemMang/heap_4.c.obj
 .bss.xNumberOfSuccessfulAllocations
                0x20006c68        0x4 CMakeFiles/cleaner.dir/Middlewares/Third_Party/FreeRTOS/Source/portable/MemMang/heap_4.c.obj
 .bss.xNumberOfSuccessfulFrees
                0x20006c6c        0x4 CMakeFiles/cleaner.dir/Middlewares/Third_Party/FreeRTOS/Source/portable/MemMang/heap_4.c.obj
 .bss.xStart    0x20006c70        0x8 CMakeFiles/cleaner.dir/Middlewares/Third_Party/FreeRTOS/Source/portable/MemMang/heap_4.c.obj
 .bss.ucMaxSysCallPriority
                0x20006c78        0x1 CMakeFiles/cleaner.dir/Middlewares/Third_Party/FreeRTOS/Source/portable/GCC/ARM_CM4F/port.c.obj
 *fill*         0x20006c79        0x3 
 .bss.ulMaxPRIGROUPValue
                0x20006c7c        0x4 CMakeFiles/cleaner.dir/Middlewares/Third_Party/FreeRTOS/Source/portable/GCC/ARM_CM4F/port.c.obj
 *(COMMON)
                0x20006c80                . = ALIGN (0x4)
                0x20006c80                _ebss = .
                0x20006c80                __bss_end__ = _ebss

._user_heap_stack
                0x20006c80      0x600
                0x20006c80                . = ALIGN (0x8)
                [!provide]                PROVIDE (end = .)
                0x20006c80                PROVIDE (_end = .)
                0x20006e80                . = (. + _Min_Heap_Size)
 *fill*         0x20006c80      0x200 
                0x20007280                . = (. + _Min_Stack_Size)
 *fill*         0x20006e80      0x400 
                0x20007280                . = ALIGN (0x8)

/DISCARD/
 libc.a(*)
 libm.a(*)
 libgcc.a(*)

.ARM.attributes
                0x00000000       0x30
 *(.ARM.attributes)
 .ARM.attributes
                0x00000000       0x1e d:/dev_env/gcc-arm-none-eabi/10 2021.10/bin/../lib/gcc/arm-none-eabi/10.3.1/thumb/v7e-m+fp/hard/crti.o
 .ARM.attributes
                0x0000001e       0x34 d:/dev_env/gcc-arm-none-eabi/10 2021.10/bin/../lib/gcc/arm-none-eabi/10.3.1/thumb/v7e-m+fp/hard/crtbegin.o
 .ARM.attributes
                0x00000052       0x34 d:/dev_env/gcc-arm-none-eabi/10 2021.10/bin/../lib/gcc/arm-none-eabi/10.3.1/../../../../arm-none-eabi/lib/thumb/v7e-m+fp/hard\libc_nano.a(lib_a-init.o)
 .ARM.attributes
                0x00000086       0x34 d:/dev_env/gcc-arm-none-eabi/10 2021.10/bin/../lib/gcc/arm-none-eabi/10.3.1/../../../../arm-none-eabi/lib/thumb/v7e-m+fp/hard\libc_nano.a(lib_a-memset.o)
 .ARM.attributes
                0x000000ba       0x34 CMakeFiles/cleaner.dir/Application/distance.c.obj
 .ARM.attributes
                0x000000ee       0x34 CMakeFiles/cleaner.dir/Bsp/bsp_dwt.c.obj
 .ARM.attributes
                0x00000122       0x34 CMakeFiles/cleaner.dir/Bsp/bsp_uart.c.obj
 .ARM.attributes
                0x00000156       0x34 CMakeFiles/cleaner.dir/Components/hcsr04.c.obj
 .ARM.attributes
                0x0000018a       0x34 CMakeFiles/cleaner.dir/Core/Src/main.c.obj
 .ARM.attributes
                0x000001be       0x34 CMakeFiles/cleaner.dir/Core/Src/gpio.c.obj
 .ARM.attributes
                0x000001f2       0x34 CMakeFiles/cleaner.dir/Core/Src/freertos.c.obj
 .ARM.attributes
                0x00000226       0x34 CMakeFiles/cleaner.dir/Core/Src/dma.c.obj
 .ARM.attributes
                0x0000025a       0x34 CMakeFiles/cleaner.dir/Core/Src/tim.c.obj
 .ARM.attributes
                0x0000028e       0x34 CMakeFiles/cleaner.dir/Core/Src/usart.c.obj
 .ARM.attributes
                0x000002c2       0x34 CMakeFiles/cleaner.dir/Core/Src/stm32f4xx_it.c.obj
 .ARM.attributes
                0x000002f6       0x34 CMakeFiles/cleaner.dir/Core/Src/stm32f4xx_hal_msp.c.obj
 .ARM.attributes
                0x0000032a       0x34 CMakeFiles/cleaner.dir/Core/Src/stm32f4xx_hal_timebase_tim.c.obj
 .ARM.attributes
                0x0000035e       0x34 CMakeFiles/cleaner.dir/Drivers/STM32F4xx_HAL_Driver/Src/stm32f4xx_hal_rcc.c.obj
 .ARM.attributes
                0x00000392       0x34 CMakeFiles/cleaner.dir/Drivers/STM32F4xx_HAL_Driver/Src/stm32f4xx_hal_gpio.c.obj
 .ARM.attributes
                0x000003c6       0x34 CMakeFiles/cleaner.dir/Drivers/STM32F4xx_HAL_Driver/Src/stm32f4xx_hal_dma.c.obj
 .ARM.attributes
                0x000003fa       0x34 CMakeFiles/cleaner.dir/Drivers/STM32F4xx_HAL_Driver/Src/stm32f4xx_hal_cortex.c.obj
 .ARM.attributes
                0x0000042e       0x34 CMakeFiles/cleaner.dir/Drivers/STM32F4xx_HAL_Driver/Src/stm32f4xx_hal.c.obj
 .ARM.attributes
                0x00000462       0x34 CMakeFiles/cleaner.dir/Drivers/STM32F4xx_HAL_Driver/Src/stm32f4xx_hal_tim.c.obj
 .ARM.attributes
                0x00000496       0x34 CMakeFiles/cleaner.dir/Drivers/STM32F4xx_HAL_Driver/Src/stm32f4xx_hal_tim_ex.c.obj
 .ARM.attributes
                0x000004ca       0x34 CMakeFiles/cleaner.dir/Drivers/STM32F4xx_HAL_Driver/Src/stm32f4xx_hal_uart.c.obj
 .ARM.attributes
                0x000004fe       0x34 CMakeFiles/cleaner.dir/Core/Src/system_stm32f4xx.c.obj
 .ARM.attributes
                0x00000532       0x34 CMakeFiles/cleaner.dir/Middlewares/Third_Party/FreeRTOS/Source/list.c.obj
 .ARM.attributes
                0x00000566       0x34 CMakeFiles/cleaner.dir/Middlewares/Third_Party/FreeRTOS/Source/queue.c.obj
 .ARM.attributes
                0x0000059a       0x34 CMakeFiles/cleaner.dir/Middlewares/Third_Party/FreeRTOS/Source/tasks.c.obj
 .ARM.attributes
                0x000005ce       0x34 CMakeFiles/cleaner.dir/Middlewares/Third_Party/FreeRTOS/Source/timers.c.obj
 .ARM.attributes
                0x00000602       0x34 CMakeFiles/cleaner.dir/Middlewares/Third_Party/FreeRTOS/Source/CMSIS_RTOS/cmsis_os.c.obj
 .ARM.attributes
                0x00000636       0x34 CMakeFiles/cleaner.dir/Middlewares/Third_Party/FreeRTOS/Source/portable/MemMang/heap_4.c.obj
 .ARM.attributes
                0x0000066a       0x34 CMakeFiles/cleaner.dir/Middlewares/Third_Party/FreeRTOS/Source/portable/GCC/ARM_CM4F/port.c.obj
 .ARM.attributes
                0x0000069e       0x21 CMakeFiles/cleaner.dir/startup_stm32f407xx.s.obj
 .ARM.attributes
                0x000006bf       0x1e d:/dev_env/gcc-arm-none-eabi/10 2021.10/bin/../lib/gcc/arm-none-eabi/10.3.1/thumb/v7e-m+fp/hard\libgcc.a(_aeabi_uldivmod.o)
 .ARM.attributes
                0x000006dd       0x34 d:/dev_env/gcc-arm-none-eabi/10 2021.10/bin/../lib/gcc/arm-none-eabi/10.3.1/thumb/v7e-m+fp/hard\libgcc.a(_udivmoddi4.o)
 .ARM.attributes
                0x00000711       0x1e d:/dev_env/gcc-arm-none-eabi/10 2021.10/bin/../lib/gcc/arm-none-eabi/10.3.1/thumb/v7e-m+fp/hard\libgcc.a(_dvmd_tls.o)
 .ARM.attributes
                0x0000072f       0x34 d:/dev_env/gcc-arm-none-eabi/10 2021.10/bin/../lib/gcc/arm-none-eabi/10.3.1/../../../../arm-none-eabi/lib/thumb/v7e-m+fp/hard\libg_nano.a(lib_a-memcpy-stub.o)
 .ARM.attributes
                0x00000763       0x1e d:/dev_env/gcc-arm-none-eabi/10 2021.10/bin/../lib/gcc/arm-none-eabi/10.3.1/thumb/v7e-m+fp/hard/crtn.o
OUTPUT(cleaner.elf elf32-littlearm)
LOAD linker stubs
LOAD d:/dev_env/gcc-arm-none-eabi/10 2021.10/bin/../lib/gcc/arm-none-eabi/10.3.1/../../../../arm-none-eabi/lib/thumb/v7e-m+fp/hard\libc.a
LOAD d:/dev_env/gcc-arm-none-eabi/10 2021.10/bin/../lib/gcc/arm-none-eabi/10.3.1/../../../../arm-none-eabi/lib/thumb/v7e-m+fp/hard\libm.a
LOAD d:/dev_env/gcc-arm-none-eabi/10 2021.10/bin/../lib/gcc/arm-none-eabi/10.3.1/thumb/v7e-m+fp/hard\libgcc.a

.debug_frame    0x00000000     0x3590
 .debug_frame   0x00000000       0x2c d:/dev_env/gcc-arm-none-eabi/10 2021.10/bin/../lib/gcc/arm-none-eabi/10.3.1/../../../../arm-none-eabi/lib/thumb/v7e-m+fp/hard\libc_nano.a(lib_a-init.o)
 .debug_frame   0x0000002c       0x20 d:/dev_env/gcc-arm-none-eabi/10 2021.10/bin/../lib/gcc/arm-none-eabi/10.3.1/../../../../arm-none-eabi/lib/thumb/v7e-m+fp/hard\libc_nano.a(lib_a-memset.o)
 .debug_frame   0x0000004c       0x44 CMakeFiles/cleaner.dir/Application/distance.c.obj
 .debug_frame   0x00000090       0x30 CMakeFiles/cleaner.dir/Bsp/bsp_dwt.c.obj
 .debug_frame   0x000000c0       0x5c CMakeFiles/cleaner.dir/Bsp/bsp_uart.c.obj
 .debug_frame   0x0000011c       0x44 CMakeFiles/cleaner.dir/Components/hcsr04.c.obj
 .debug_frame   0x00000160       0x70 CMakeFiles/cleaner.dir/Core/Src/main.c.obj
 .debug_frame   0x000001d0       0x30 CMakeFiles/cleaner.dir/Core/Src/gpio.c.obj
 .debug_frame   0x00000200       0x80 CMakeFiles/cleaner.dir/Core/Src/freertos.c.obj
 .debug_frame   0x00000280       0x2c CMakeFiles/cleaner.dir/Core/Src/dma.c.obj
 .debug_frame   0x000002ac      0x158 CMakeFiles/cleaner.dir/Core/Src/tim.c.obj
 .debug_frame   0x00000404       0x64 CMakeFiles/cleaner.dir/Core/Src/usart.c.obj
 .debug_frame   0x00000468       0xd0 CMakeFiles/cleaner.dir/Core/Src/stm32f4xx_it.c.obj
 .debug_frame   0x00000538       0x2c CMakeFiles/cleaner.dir/Core/Src/stm32f4xx_hal_msp.c.obj
 .debug_frame   0x00000564       0x54 CMakeFiles/cleaner.dir/Core/Src/stm32f4xx_hal_timebase_tim.c.obj
 .debug_frame   0x000005b8      0x170 CMakeFiles/cleaner.dir/Drivers/STM32F4xx_HAL_Driver/Src/stm32f4xx_hal_rcc.c.obj
 .debug_frame   0x00000728       0xd8 CMakeFiles/cleaner.dir/Drivers/STM32F4xx_HAL_Driver/Src/stm32f4xx_hal_gpio.c.obj
 .debug_frame   0x00000800      0x174 CMakeFiles/cleaner.dir/Drivers/STM32F4xx_HAL_Driver/Src/stm32f4xx_hal_dma.c.obj
 .debug_frame   0x00000974      0x158 CMakeFiles/cleaner.dir/Drivers/STM32F4xx_HAL_Driver/Src/stm32f4xx_hal_cortex.c.obj
 .debug_frame   0x00000acc      0x1ec CMakeFiles/cleaner.dir/Drivers/STM32F4xx_HAL_Driver/Src/stm32f4xx_hal.c.obj
 .debug_frame   0x00000cb8      0xa94 CMakeFiles/cleaner.dir/Drivers/STM32F4xx_HAL_Driver/Src/stm32f4xx_hal_tim.c.obj
 .debug_frame   0x0000174c      0x40c CMakeFiles/cleaner.dir/Drivers/STM32F4xx_HAL_Driver/Src/stm32f4xx_hal_tim_ex.c.obj
 .debug_frame   0x00001b58      0x5b0 CMakeFiles/cleaner.dir/Drivers/STM32F4xx_HAL_Driver/Src/stm32f4xx_hal_uart.c.obj
 .debug_frame   0x00002108       0x30 CMakeFiles/cleaner.dir/Core/Src/system_stm32f4xx.c.obj
 .debug_frame   0x00002138       0x70 CMakeFiles/cleaner.dir/Middlewares/Third_Party/FreeRTOS/Source/list.c.obj
 .debug_frame   0x000021a8      0x370 CMakeFiles/cleaner.dir/Middlewares/Third_Party/FreeRTOS/Source/queue.c.obj
 .debug_frame   0x00002518      0x62c CMakeFiles/cleaner.dir/Middlewares/Third_Party/FreeRTOS/Source/tasks.c.obj
 .debug_frame   0x00002b44      0x238 CMakeFiles/cleaner.dir/Middlewares/Third_Party/FreeRTOS/Source/timers.c.obj
 .debug_frame   0x00002d7c      0x5c4 CMakeFiles/cleaner.dir/Middlewares/Third_Party/FreeRTOS/Source/CMSIS_RTOS/cmsis_os.c.obj
 .debug_frame   0x00003340       0xb8 CMakeFiles/cleaner.dir/Middlewares/Third_Party/FreeRTOS/Source/portable/MemMang/heap_4.c.obj
 .debug_frame   0x000033f8      0x110 CMakeFiles/cleaner.dir/Middlewares/Third_Party/FreeRTOS/Source/portable/GCC/ARM_CM4F/port.c.obj
 .debug_frame   0x00003508       0x2c d:/dev_env/gcc-arm-none-eabi/10 2021.10/bin/../lib/gcc/arm-none-eabi/10.3.1/thumb/v7e-m+fp/hard\libgcc.a(_aeabi_uldivmod.o)
 .debug_frame   0x00003534       0x34 d:/dev_env/gcc-arm-none-eabi/10 2021.10/bin/../lib/gcc/arm-none-eabi/10.3.1/thumb/v7e-m+fp/hard\libgcc.a(_udivmoddi4.o)
 .debug_frame   0x00003568       0x28 d:/dev_env/gcc-arm-none-eabi/10 2021.10/bin/../lib/gcc/arm-none-eabi/10.3.1/../../../../arm-none-eabi/lib/thumb/v7e-m+fp/hard\libg_nano.a(lib_a-memcpy-stub.o)

.debug_info     0x00000000    0x1f837
 .debug_info    0x00000000      0x322 CMakeFiles/cleaner.dir/Application/distance.c.obj
 .debug_info    0x00000322      0x114 CMakeFiles/cleaner.dir/Bsp/bsp_dwt.c.obj
 .debug_info    0x00000436      0x72c CMakeFiles/cleaner.dir/Bsp/bsp_uart.c.obj
 .debug_info    0x00000b62      0x33c CMakeFiles/cleaner.dir/Components/hcsr04.c.obj
 .debug_info    0x00000e9e     0x1307 CMakeFiles/cleaner.dir/Core/Src/main.c.obj
 .debug_info    0x000021a5      0x4cf CMakeFiles/cleaner.dir/Core/Src/gpio.c.obj
 .debug_info    0x00002674      0x59c CMakeFiles/cleaner.dir/Core/Src/freertos.c.obj
 .debug_info    0x00002c10      0x500 CMakeFiles/cleaner.dir/Core/Src/dma.c.obj
 .debug_info    0x00003110     0x1861 CMakeFiles/cleaner.dir/Core/Src/tim.c.obj
 .debug_info    0x00004971      0xcdc CMakeFiles/cleaner.dir/Core/Src/usart.c.obj
 .debug_info    0x0000564d      0xa28 CMakeFiles/cleaner.dir/Core/Src/stm32f4xx_it.c.obj
 .debug_info    0x00006075      0x4fc CMakeFiles/cleaner.dir/Core/Src/stm32f4xx_hal_msp.c.obj
 .debug_info    0x00006571      0xc83 CMakeFiles/cleaner.dir/Core/Src/stm32f4xx_hal_timebase_tim.c.obj
 .debug_info    0x000071f4      0xb29 CMakeFiles/cleaner.dir/Drivers/STM32F4xx_HAL_Driver/Src/stm32f4xx_hal_rcc.c.obj
 .debug_info    0x00007d1d      0x7b0 CMakeFiles/cleaner.dir/Drivers/STM32F4xx_HAL_Driver/Src/stm32f4xx_hal_gpio.c.obj
 .debug_info    0x000084cd      0xb9d CMakeFiles/cleaner.dir/Drivers/STM32F4xx_HAL_Driver/Src/stm32f4xx_hal_dma.c.obj
 .debug_info    0x0000906a     0x10ab CMakeFiles/cleaner.dir/Drivers/STM32F4xx_HAL_Driver/Src/stm32f4xx_hal_cortex.c.obj
 .debug_info    0x0000a115      0x9f4 CMakeFiles/cleaner.dir/Drivers/STM32F4xx_HAL_Driver/Src/stm32f4xx_hal.c.obj
 .debug_info    0x0000ab09     0x4166 CMakeFiles/cleaner.dir/Drivers/STM32F4xx_HAL_Driver/Src/stm32f4xx_hal_tim.c.obj
 .debug_info    0x0000ec6f     0x1b13 CMakeFiles/cleaner.dir/Drivers/STM32F4xx_HAL_Driver/Src/stm32f4xx_hal_tim_ex.c.obj
 .debug_info    0x00010782     0x423f CMakeFiles/cleaner.dir/Drivers/STM32F4xx_HAL_Driver/Src/stm32f4xx_hal_uart.c.obj
 .debug_info    0x000149c1      0x53c CMakeFiles/cleaner.dir/Core/Src/system_stm32f4xx.c.obj
 .debug_info    0x00014efd      0x2e4 CMakeFiles/cleaner.dir/Middlewares/Third_Party/FreeRTOS/Source/list.c.obj
 .debug_info    0x000151e1     0x24f2 CMakeFiles/cleaner.dir/Middlewares/Third_Party/FreeRTOS/Source/queue.c.obj
 .debug_info    0x000176d3     0x3083 CMakeFiles/cleaner.dir/Middlewares/Third_Party/FreeRTOS/Source/tasks.c.obj
 .debug_info    0x0001a756     0x1b0e CMakeFiles/cleaner.dir/Middlewares/Third_Party/FreeRTOS/Source/timers.c.obj
 .debug_info    0x0001c264     0x29e0 CMakeFiles/cleaner.dir/Middlewares/Third_Party/FreeRTOS/Source/CMSIS_RTOS/cmsis_os.c.obj
 .debug_info    0x0001ec44      0x646 CMakeFiles/cleaner.dir/Middlewares/Third_Party/FreeRTOS/Source/portable/MemMang/heap_4.c.obj
 .debug_info    0x0001f28a      0x58b CMakeFiles/cleaner.dir/Middlewares/Third_Party/FreeRTOS/Source/portable/GCC/ARM_CM4F/port.c.obj
 .debug_info    0x0001f815       0x22 CMakeFiles/cleaner.dir/startup_stm32f407xx.s.obj

.debug_abbrev   0x00000000     0x4021
 .debug_abbrev  0x00000000      0x139 CMakeFiles/cleaner.dir/Application/distance.c.obj
 .debug_abbrev  0x00000139       0xab CMakeFiles/cleaner.dir/Bsp/bsp_dwt.c.obj
 .debug_abbrev  0x000001e4      0x1c2 CMakeFiles/cleaner.dir/Bsp/bsp_uart.c.obj
 .debug_abbrev  0x000003a6      0x17b CMakeFiles/cleaner.dir/Components/hcsr04.c.obj
 .debug_abbrev  0x00000521      0x272 CMakeFiles/cleaner.dir/Core/Src/main.c.obj
 .debug_abbrev  0x00000793      0x151 CMakeFiles/cleaner.dir/Core/Src/gpio.c.obj
 .debug_abbrev  0x000008e4      0x193 CMakeFiles/cleaner.dir/Core/Src/freertos.c.obj
 .debug_abbrev  0x00000a77      0x129 CMakeFiles/cleaner.dir/Core/Src/dma.c.obj
 .debug_abbrev  0x00000ba0      0x24a CMakeFiles/cleaner.dir/Core/Src/tim.c.obj
 .debug_abbrev  0x00000dea      0x1f9 CMakeFiles/cleaner.dir/Core/Src/usart.c.obj
 .debug_abbrev  0x00000fe3      0x196 CMakeFiles/cleaner.dir/Core/Src/stm32f4xx_it.c.obj
 .debug_abbrev  0x00001179      0x11c CMakeFiles/cleaner.dir/Core/Src/stm32f4xx_hal_msp.c.obj
 .debug_abbrev  0x00001295      0x202 CMakeFiles/cleaner.dir/Core/Src/stm32f4xx_hal_timebase_tim.c.obj
 .debug_abbrev  0x00001497      0x2ac CMakeFiles/cleaner.dir/Drivers/STM32F4xx_HAL_Driver/Src/stm32f4xx_hal_rcc.c.obj
 .debug_abbrev  0x00001743      0x1f0 CMakeFiles/cleaner.dir/Drivers/STM32F4xx_HAL_Driver/Src/stm32f4xx_hal_gpio.c.obj
 .debug_abbrev  0x00001933      0x328 CMakeFiles/cleaner.dir/Drivers/STM32F4xx_HAL_Driver/Src/stm32f4xx_hal_dma.c.obj
 .debug_abbrev  0x00001c5b      0x354 CMakeFiles/cleaner.dir/Drivers/STM32F4xx_HAL_Driver/Src/stm32f4xx_hal_cortex.c.obj
 .debug_abbrev  0x00001faf      0x209 CMakeFiles/cleaner.dir/Drivers/STM32F4xx_HAL_Driver/Src/stm32f4xx_hal.c.obj
 .debug_abbrev  0x000021b8      0x2b3 CMakeFiles/cleaner.dir/Drivers/STM32F4xx_HAL_Driver/Src/stm32f4xx_hal_tim.c.obj
 .debug_abbrev  0x0000246b      0x24b CMakeFiles/cleaner.dir/Drivers/STM32F4xx_HAL_Driver/Src/stm32f4xx_hal_tim_ex.c.obj
 .debug_abbrev  0x000026b6      0x34c CMakeFiles/cleaner.dir/Drivers/STM32F4xx_HAL_Driver/Src/stm32f4xx_hal_uart.c.obj
 .debug_abbrev  0x00002a02      0x11c CMakeFiles/cleaner.dir/Core/Src/system_stm32f4xx.c.obj
 .debug_abbrev  0x00002b1e      0x109 CMakeFiles/cleaner.dir/Middlewares/Third_Party/FreeRTOS/Source/list.c.obj
 .debug_abbrev  0x00002c27      0x3dc CMakeFiles/cleaner.dir/Middlewares/Third_Party/FreeRTOS/Source/queue.c.obj
 .debug_abbrev  0x00003003      0x39a CMakeFiles/cleaner.dir/Middlewares/Third_Party/FreeRTOS/Source/tasks.c.obj
 .debug_abbrev  0x0000339d      0x3c7 CMakeFiles/cleaner.dir/Middlewares/Third_Party/FreeRTOS/Source/timers.c.obj
 .debug_abbrev  0x00003764      0x3c1 CMakeFiles/cleaner.dir/Middlewares/Third_Party/FreeRTOS/Source/CMSIS_RTOS/cmsis_os.c.obj
 .debug_abbrev  0x00003b25      0x27c CMakeFiles/cleaner.dir/Middlewares/Third_Party/FreeRTOS/Source/portable/MemMang/heap_4.c.obj
 .debug_abbrev  0x00003da1      0x26e CMakeFiles/cleaner.dir/Middlewares/Third_Party/FreeRTOS/Source/portable/GCC/ARM_CM4F/port.c.obj
 .debug_abbrev  0x0000400f       0x12 CMakeFiles/cleaner.dir/startup_stm32f407xx.s.obj

.debug_aranges  0x00000000     0x1378
 .debug_aranges
                0x00000000       0x28 CMakeFiles/cleaner.dir/Application/distance.c.obj
 .debug_aranges
                0x00000028       0x28 CMakeFiles/cleaner.dir/Bsp/bsp_dwt.c.obj
 .debug_aranges
                0x00000050       0x30 CMakeFiles/cleaner.dir/Bsp/bsp_uart.c.obj
 .debug_aranges
                0x00000080       0x28 CMakeFiles/cleaner.dir/Components/hcsr04.c.obj
 .debug_aranges
                0x000000a8       0x38 CMakeFiles/cleaner.dir/Core/Src/main.c.obj
 .debug_aranges
                0x000000e0       0x20 CMakeFiles/cleaner.dir/Core/Src/gpio.c.obj
 .debug_aranges
                0x00000100       0x40 CMakeFiles/cleaner.dir/Core/Src/freertos.c.obj
 .debug_aranges
                0x00000140       0x20 CMakeFiles/cleaner.dir/Core/Src/dma.c.obj
 .debug_aranges
                0x00000160       0x70 CMakeFiles/cleaner.dir/Core/Src/tim.c.obj
 .debug_aranges
                0x000001d0       0x30 CMakeFiles/cleaner.dir/Core/Src/usart.c.obj
 .debug_aranges
                0x00000200       0x68 CMakeFiles/cleaner.dir/Core/Src/stm32f4xx_it.c.obj
 .debug_aranges
                0x00000268       0x20 CMakeFiles/cleaner.dir/Core/Src/stm32f4xx_hal_msp.c.obj
 .debug_aranges
                0x00000288       0x30 CMakeFiles/cleaner.dir/Core/Src/stm32f4xx_hal_timebase_tim.c.obj
 .debug_aranges
                0x000002b8       0x88 CMakeFiles/cleaner.dir/Drivers/STM32F4xx_HAL_Driver/Src/stm32f4xx_hal_rcc.c.obj
 .debug_aranges
                0x00000340       0x58 CMakeFiles/cleaner.dir/Drivers/STM32F4xx_HAL_Driver/Src/stm32f4xx_hal_gpio.c.obj
 .debug_aranges
                0x00000398       0x80 CMakeFiles/cleaner.dir/Drivers/STM32F4xx_HAL_Driver/Src/stm32f4xx_hal_dma.c.obj
 .debug_aranges
                0x00000418       0xb0 CMakeFiles/cleaner.dir/Drivers/STM32F4xx_HAL_Driver/Src/stm32f4xx_hal_cortex.c.obj
 .debug_aranges
                0x000004c8       0xf0 CMakeFiles/cleaner.dir/Drivers/STM32F4xx_HAL_Driver/Src/stm32f4xx_hal.c.obj
 .debug_aranges
                0x000005b8      0x3a0 CMakeFiles/cleaner.dir/Drivers/STM32F4xx_HAL_Driver/Src/stm32f4xx_hal_tim.c.obj
 .debug_aranges
                0x00000958      0x168 CMakeFiles/cleaner.dir/Drivers/STM32F4xx_HAL_Driver/Src/stm32f4xx_hal_tim_ex.c.obj
 .debug_aranges
                0x00000ac0      0x1f0 CMakeFiles/cleaner.dir/Drivers/STM32F4xx_HAL_Driver/Src/stm32f4xx_hal_uart.c.obj
 .debug_aranges
                0x00000cb0       0x28 CMakeFiles/cleaner.dir/Core/Src/system_stm32f4xx.c.obj
 .debug_aranges
                0x00000cd8       0x40 CMakeFiles/cleaner.dir/Middlewares/Third_Party/FreeRTOS/Source/list.c.obj
 .debug_aranges
                0x00000d18      0x108 CMakeFiles/cleaner.dir/Middlewares/Third_Party/FreeRTOS/Source/queue.c.obj
 .debug_aranges
                0x00000e20      0x1e0 CMakeFiles/cleaner.dir/Middlewares/Third_Party/FreeRTOS/Source/tasks.c.obj
 .debug_aranges
                0x00001000       0xb0 CMakeFiles/cleaner.dir/Middlewares/Third_Party/FreeRTOS/Source/timers.c.obj
 .debug_aranges
                0x000010b0      0x1d0 CMakeFiles/cleaner.dir/Middlewares/Third_Party/FreeRTOS/Source/CMSIS_RTOS/cmsis_os.c.obj
 .debug_aranges
                0x00001280       0x50 CMakeFiles/cleaner.dir/Middlewares/Third_Party/FreeRTOS/Source/portable/MemMang/heap_4.c.obj
 .debug_aranges
                0x000012d0       0x80 CMakeFiles/cleaner.dir/Middlewares/Third_Party/FreeRTOS/Source/portable/GCC/ARM_CM4F/port.c.obj
 .debug_aranges
                0x00001350       0x28 CMakeFiles/cleaner.dir/startup_stm32f407xx.s.obj

.debug_ranges   0x00000000     0x1838
 .debug_ranges  0x00000000       0x18 CMakeFiles/cleaner.dir/Application/distance.c.obj
 .debug_ranges  0x00000018       0x18 CMakeFiles/cleaner.dir/Bsp/bsp_dwt.c.obj
 .debug_ranges  0x00000030       0x20 CMakeFiles/cleaner.dir/Bsp/bsp_uart.c.obj
 .debug_ranges  0x00000050       0x18 CMakeFiles/cleaner.dir/Components/hcsr04.c.obj
 .debug_ranges  0x00000068       0x58 CMakeFiles/cleaner.dir/Core/Src/main.c.obj
 .debug_ranges  0x000000c0       0x10 CMakeFiles/cleaner.dir/Core/Src/gpio.c.obj
 .debug_ranges  0x000000d0       0x30 CMakeFiles/cleaner.dir/Core/Src/freertos.c.obj
 .debug_ranges  0x00000100       0x10 CMakeFiles/cleaner.dir/Core/Src/dma.c.obj
 .debug_ranges  0x00000110       0x60 CMakeFiles/cleaner.dir/Core/Src/tim.c.obj
 .debug_ranges  0x00000170       0x20 CMakeFiles/cleaner.dir/Core/Src/usart.c.obj
 .debug_ranges  0x00000190       0x58 CMakeFiles/cleaner.dir/Core/Src/stm32f4xx_it.c.obj
 .debug_ranges  0x000001e8       0x10 CMakeFiles/cleaner.dir/Core/Src/stm32f4xx_hal_msp.c.obj
 .debug_ranges  0x000001f8       0x20 CMakeFiles/cleaner.dir/Core/Src/stm32f4xx_hal_timebase_tim.c.obj
 .debug_ranges  0x00000218       0x90 CMakeFiles/cleaner.dir/Drivers/STM32F4xx_HAL_Driver/Src/stm32f4xx_hal_rcc.c.obj
 .debug_ranges  0x000002a8       0x60 CMakeFiles/cleaner.dir/Drivers/STM32F4xx_HAL_Driver/Src/stm32f4xx_hal_gpio.c.obj
 .debug_ranges  0x00000308       0xc8 CMakeFiles/cleaner.dir/Drivers/STM32F4xx_HAL_Driver/Src/stm32f4xx_hal_dma.c.obj
 .debug_ranges  0x000003d0       0xd0 CMakeFiles/cleaner.dir/Drivers/STM32F4xx_HAL_Driver/Src/stm32f4xx_hal_cortex.c.obj
 .debug_ranges  0x000004a0       0xe0 CMakeFiles/cleaner.dir/Drivers/STM32F4xx_HAL_Driver/Src/stm32f4xx_hal.c.obj
 .debug_ranges  0x00000580      0x420 CMakeFiles/cleaner.dir/Drivers/STM32F4xx_HAL_Driver/Src/stm32f4xx_hal_tim.c.obj
 .debug_ranges  0x000009a0      0x158 CMakeFiles/cleaner.dir/Drivers/STM32F4xx_HAL_Driver/Src/stm32f4xx_hal_tim_ex.c.obj
 .debug_ranges  0x00000af8      0x210 CMakeFiles/cleaner.dir/Drivers/STM32F4xx_HAL_Driver/Src/stm32f4xx_hal_uart.c.obj
 .debug_ranges  0x00000d08       0x18 CMakeFiles/cleaner.dir/Core/Src/system_stm32f4xx.c.obj
 .debug_ranges  0x00000d20       0x30 CMakeFiles/cleaner.dir/Middlewares/Third_Party/FreeRTOS/Source/list.c.obj
 .debug_ranges  0x00000d50      0x200 CMakeFiles/cleaner.dir/Middlewares/Third_Party/FreeRTOS/Source/queue.c.obj
 .debug_ranges  0x00000f50      0x2d0 CMakeFiles/cleaner.dir/Middlewares/Third_Party/FreeRTOS/Source/tasks.c.obj
 .debug_ranges  0x00001220      0x130 CMakeFiles/cleaner.dir/Middlewares/Third_Party/FreeRTOS/Source/timers.c.obj
 .debug_ranges  0x00001350      0x400 CMakeFiles/cleaner.dir/Middlewares/Third_Party/FreeRTOS/Source/CMSIS_RTOS/cmsis_os.c.obj
 .debug_ranges  0x00001750       0x40 CMakeFiles/cleaner.dir/Middlewares/Third_Party/FreeRTOS/Source/portable/MemMang/heap_4.c.obj
 .debug_ranges  0x00001790       0x88 CMakeFiles/cleaner.dir/Middlewares/Third_Party/FreeRTOS/Source/portable/GCC/ARM_CM4F/port.c.obj
 .debug_ranges  0x00001818       0x20 CMakeFiles/cleaner.dir/startup_stm32f407xx.s.obj

.debug_macro    0x00000000    0x23197
 .debug_macro   0x00000000      0x1ea CMakeFiles/cleaner.dir/Application/distance.c.obj
 .debug_macro   0x000001ea       0x10 CMakeFiles/cleaner.dir/Application/distance.c.obj
 .debug_macro   0x000001fa      0x29b CMakeFiles/cleaner.dir/Application/distance.c.obj
 .debug_macro   0x00000495       0x2e CMakeFiles/cleaner.dir/Application/distance.c.obj
 .debug_macro   0x000004c3       0x2f CMakeFiles/cleaner.dir/Application/distance.c.obj
 .debug_macro   0x000004f2       0x22 CMakeFiles/cleaner.dir/Application/distance.c.obj
 .debug_macro   0x00000514       0x8e CMakeFiles/cleaner.dir/Application/distance.c.obj
 .debug_macro   0x000005a2       0x51 CMakeFiles/cleaner.dir/Application/distance.c.obj
 .debug_macro   0x000005f3      0x103 CMakeFiles/cleaner.dir/Application/distance.c.obj
 .debug_macro   0x000006f6       0x6a CMakeFiles/cleaner.dir/Application/distance.c.obj
 .debug_macro   0x00000760      0x1df CMakeFiles/cleaner.dir/Application/distance.c.obj
 .debug_macro   0x0000093f       0x1c CMakeFiles/cleaner.dir/Application/distance.c.obj
 .debug_macro   0x0000095b       0x22 CMakeFiles/cleaner.dir/Application/distance.c.obj
 .debug_macro   0x0000097d       0xfb CMakeFiles/cleaner.dir/Application/distance.c.obj
 .debug_macro   0x00000a78     0x1011 CMakeFiles/cleaner.dir/Application/distance.c.obj
 .debug_macro   0x00001a89      0x11f CMakeFiles/cleaner.dir/Application/distance.c.obj
 .debug_macro   0x00001ba8    0x15e97 CMakeFiles/cleaner.dir/Application/distance.c.obj
 .debug_macro   0x00017a3f       0x6d CMakeFiles/cleaner.dir/Application/distance.c.obj
 .debug_macro   0x00017aac     0x368c CMakeFiles/cleaner.dir/Application/distance.c.obj
 .debug_macro   0x0001b138      0x174 CMakeFiles/cleaner.dir/Application/distance.c.obj
 .debug_macro   0x0001b2ac       0x5c CMakeFiles/cleaner.dir/Application/distance.c.obj
 .debug_macro   0x0001b308      0x980 CMakeFiles/cleaner.dir/Application/distance.c.obj
 .debug_macro   0x0001bc88      0x9e9 CMakeFiles/cleaner.dir/Application/distance.c.obj
 .debug_macro   0x0001c671      0x115 CMakeFiles/cleaner.dir/Application/distance.c.obj
 .debug_macro   0x0001c786      0x13e CMakeFiles/cleaner.dir/Application/distance.c.obj
 .debug_macro   0x0001c8c4       0xa5 CMakeFiles/cleaner.dir/Application/distance.c.obj
 .debug_macro   0x0001c969      0x174 CMakeFiles/cleaner.dir/Application/distance.c.obj
 .debug_macro   0x0001cadd      0x287 CMakeFiles/cleaner.dir/Application/distance.c.obj
 .debug_macro   0x0001cd64       0x5f CMakeFiles/cleaner.dir/Application/distance.c.obj
 .debug_macro   0x0001cdc3      0x236 CMakeFiles/cleaner.dir/Application/distance.c.obj
 .debug_macro   0x0001cff9      0x12c CMakeFiles/cleaner.dir/Application/distance.c.obj
 .debug_macro   0x0001d125      0x21e CMakeFiles/cleaner.dir/Application/distance.c.obj
 .debug_macro   0x0001d343       0x2e CMakeFiles/cleaner.dir/Application/distance.c.obj
 .debug_macro   0x0001d371      0x127 CMakeFiles/cleaner.dir/Application/distance.c.obj
 .debug_macro   0x0001d498       0x7e CMakeFiles/cleaner.dir/Application/distance.c.obj
 .debug_macro   0x0001d516       0x89 CMakeFiles/cleaner.dir/Application/distance.c.obj
 .debug_macro   0x0001d59f      0x8ed CMakeFiles/cleaner.dir/Application/distance.c.obj
 .debug_macro   0x0001de8c       0x4d CMakeFiles/cleaner.dir/Application/distance.c.obj
 .debug_macro   0x0001ded9      0x2aa CMakeFiles/cleaner.dir/Application/distance.c.obj
 .debug_macro   0x0001e183      0x12d CMakeFiles/cleaner.dir/Application/distance.c.obj
 .debug_macro   0x0001e2b0       0x22 CMakeFiles/cleaner.dir/Application/distance.c.obj
 .debug_macro   0x0001e2d2      0x1dd CMakeFiles/cleaner.dir/Bsp/bsp_dwt.c.obj
 .debug_macro   0x0001e4af       0x22 CMakeFiles/cleaner.dir/Bsp/bsp_dwt.c.obj
 .debug_macro   0x0001e4d1      0x2ab CMakeFiles/cleaner.dir/Bsp/bsp_uart.c.obj
 .debug_macro   0x0001e77c       0x1c CMakeFiles/cleaner.dir/Bsp/bsp_uart.c.obj
 .debug_macro   0x0001e798       0x64 CMakeFiles/cleaner.dir/Bsp/bsp_uart.c.obj
 .debug_macro   0x0001e7fc       0x1e CMakeFiles/cleaner.dir/Bsp/bsp_uart.c.obj
 .debug_macro   0x0001e81a       0x35 CMakeFiles/cleaner.dir/Bsp/bsp_uart.c.obj
 .debug_macro   0x0001e84f       0x34 CMakeFiles/cleaner.dir/Bsp/bsp_uart.c.obj
 .debug_macro   0x0001e883       0x16 CMakeFiles/cleaner.dir/Bsp/bsp_uart.c.obj
 .debug_macro   0x0001e899       0x43 CMakeFiles/cleaner.dir/Bsp/bsp_uart.c.obj
 .debug_macro   0x0001e8dc       0x34 CMakeFiles/cleaner.dir/Bsp/bsp_uart.c.obj
 .debug_macro   0x0001e910       0x10 CMakeFiles/cleaner.dir/Bsp/bsp_uart.c.obj
 .debug_macro   0x0001e920       0x58 CMakeFiles/cleaner.dir/Bsp/bsp_uart.c.obj
 .debug_macro   0x0001e978      0x182 CMakeFiles/cleaner.dir/Bsp/bsp_uart.c.obj
 .debug_macro   0x0001eafa      0x341 CMakeFiles/cleaner.dir/Bsp/bsp_uart.c.obj
 .debug_macro   0x0001ee3b       0x10 CMakeFiles/cleaner.dir/Bsp/bsp_uart.c.obj
 .debug_macro   0x0001ee4b       0x35 CMakeFiles/cleaner.dir/Bsp/bsp_uart.c.obj
 .debug_macro   0x0001ee80      0x293 CMakeFiles/cleaner.dir/Components/hcsr04.c.obj
 .debug_macro   0x0001f113      0x142 CMakeFiles/cleaner.dir/Components/hcsr04.c.obj
 .debug_macro   0x0001f255      0x15a CMakeFiles/cleaner.dir/Components/hcsr04.c.obj
 .debug_macro   0x0001f3af       0xde CMakeFiles/cleaner.dir/Components/hcsr04.c.obj
 .debug_macro   0x0001f48d       0x1c CMakeFiles/cleaner.dir/Components/hcsr04.c.obj
 .debug_macro   0x0001f4a9       0x26 CMakeFiles/cleaner.dir/Components/hcsr04.c.obj
 .debug_macro   0x0001f4cf      0x4c5 CMakeFiles/cleaner.dir/Components/hcsr04.c.obj
 .debug_macro   0x0001f994       0xb5 CMakeFiles/cleaner.dir/Components/hcsr04.c.obj
 .debug_macro   0x0001fa49       0xaa CMakeFiles/cleaner.dir/Components/hcsr04.c.obj
 .debug_macro   0x0001faf3       0x91 CMakeFiles/cleaner.dir/Components/hcsr04.c.obj
 .debug_macro   0x0001fb84       0x8d CMakeFiles/cleaner.dir/Components/hcsr04.c.obj
 .debug_macro   0x0001fc11       0x7e CMakeFiles/cleaner.dir/Components/hcsr04.c.obj
 .debug_macro   0x0001fc8f       0x19 CMakeFiles/cleaner.dir/Components/hcsr04.c.obj
 .debug_macro   0x0001fca8       0xf2 CMakeFiles/cleaner.dir/Components/hcsr04.c.obj
 .debug_macro   0x0001fd9a       0x28 CMakeFiles/cleaner.dir/Components/hcsr04.c.obj
 .debug_macro   0x0001fdc2      0x2e2 CMakeFiles/cleaner.dir/Core/Src/main.c.obj
 .debug_macro   0x000200a4      0x1e7 CMakeFiles/cleaner.dir/Core/Src/gpio.c.obj
 .debug_macro   0x0002028b      0x2a3 CMakeFiles/cleaner.dir/Core/Src/freertos.c.obj
 .debug_macro   0x0002052e      0x142 CMakeFiles/cleaner.dir/Core/Src/freertos.c.obj
 .debug_macro   0x00020670      0x1e7 CMakeFiles/cleaner.dir/Core/Src/dma.c.obj
 .debug_macro   0x00020857      0x1e7 CMakeFiles/cleaner.dir/Core/Src/tim.c.obj
 .debug_macro   0x00020a3e      0x1e7 CMakeFiles/cleaner.dir/Core/Src/usart.c.obj
 .debug_macro   0x00020c25      0x1ff CMakeFiles/cleaner.dir/Core/Src/stm32f4xx_it.c.obj
 .debug_macro   0x00020e24      0x1dd CMakeFiles/cleaner.dir/Core/Src/stm32f4xx_hal_msp.c.obj
 .debug_macro   0x00021001      0x1ce CMakeFiles/cleaner.dir/Core/Src/stm32f4xx_hal_timebase_tim.c.obj
 .debug_macro   0x000211cf      0x1f2 CMakeFiles/cleaner.dir/Drivers/STM32F4xx_HAL_Driver/Src/stm32f4xx_hal_rcc.c.obj
 .debug_macro   0x000213c1      0x1d4 CMakeFiles/cleaner.dir/Drivers/STM32F4xx_HAL_Driver/Src/stm32f4xx_hal_gpio.c.obj
 .debug_macro   0x00021595      0x1d4 CMakeFiles/cleaner.dir/Drivers/STM32F4xx_HAL_Driver/Src/stm32f4xx_hal_dma.c.obj
 .debug_macro   0x00021769      0x1ce CMakeFiles/cleaner.dir/Drivers/STM32F4xx_HAL_Driver/Src/stm32f4xx_hal_cortex.c.obj
 .debug_macro   0x00021937      0x22e CMakeFiles/cleaner.dir/Drivers/STM32F4xx_HAL_Driver/Src/stm32f4xx_hal.c.obj
 .debug_macro   0x00021b65      0x1cf CMakeFiles/cleaner.dir/Drivers/STM32F4xx_HAL_Driver/Src/stm32f4xx_hal_tim.c.obj
 .debug_macro   0x00021d34      0x1ce CMakeFiles/cleaner.dir/Drivers/STM32F4xx_HAL_Driver/Src/stm32f4xx_hal_tim_ex.c.obj
 .debug_macro   0x00021f02      0x1cf CMakeFiles/cleaner.dir/Drivers/STM32F4xx_HAL_Driver/Src/stm32f4xx_hal_uart.c.obj
 .debug_macro   0x000220d1      0x1ce CMakeFiles/cleaner.dir/Core/Src/system_stm32f4xx.c.obj
 .debug_macro   0x0002229f      0x178 CMakeFiles/cleaner.dir/Middlewares/Third_Party/FreeRTOS/Source/list.c.obj
 .debug_macro   0x00022417      0x202 CMakeFiles/cleaner.dir/Middlewares/Third_Party/FreeRTOS/Source/queue.c.obj
 .debug_macro   0x00022619       0x16 CMakeFiles/cleaner.dir/Middlewares/Third_Party/FreeRTOS/Source/queue.c.obj
 .debug_macro   0x0002262f       0x87 CMakeFiles/cleaner.dir/Middlewares/Third_Party/FreeRTOS/Source/queue.c.obj
 .debug_macro   0x000226b6      0x265 CMakeFiles/cleaner.dir/Middlewares/Third_Party/FreeRTOS/Source/tasks.c.obj
 .debug_macro   0x0002291b       0x10 CMakeFiles/cleaner.dir/Middlewares/Third_Party/FreeRTOS/Source/tasks.c.obj
 .debug_macro   0x0002292b      0x1cd CMakeFiles/cleaner.dir/Middlewares/Third_Party/FreeRTOS/Source/timers.c.obj
 .debug_macro   0x00022af8       0x97 CMakeFiles/cleaner.dir/Middlewares/Third_Party/FreeRTOS/Source/timers.c.obj
 .debug_macro   0x00022b8f      0x1ea CMakeFiles/cleaner.dir/Middlewares/Third_Party/FreeRTOS/Source/CMSIS_RTOS/cmsis_os.c.obj
 .debug_macro   0x00022d79       0xe9 CMakeFiles/cleaner.dir/Middlewares/Third_Party/FreeRTOS/Source/CMSIS_RTOS/cmsis_os.c.obj
 .debug_macro   0x00022e62      0x19f CMakeFiles/cleaner.dir/Middlewares/Third_Party/FreeRTOS/Source/portable/MemMang/heap_4.c.obj
 .debug_macro   0x00023001      0x196 CMakeFiles/cleaner.dir/Middlewares/Third_Party/FreeRTOS/Source/portable/GCC/ARM_CM4F/port.c.obj

.debug_line     0x00000000    0x1de8b
 .debug_line    0x00000000      0x5b3 CMakeFiles/cleaner.dir/Application/distance.c.obj
 .debug_line    0x000005b3      0x5af CMakeFiles/cleaner.dir/Bsp/bsp_dwt.c.obj
 .debug_line    0x00000b62      0x65f CMakeFiles/cleaner.dir/Bsp/bsp_uart.c.obj
 .debug_line    0x000011c1      0x805 CMakeFiles/cleaner.dir/Components/hcsr04.c.obj
 .debug_line    0x000019c6      0x963 CMakeFiles/cleaner.dir/Core/Src/main.c.obj
 .debug_line    0x00002329      0x5c6 CMakeFiles/cleaner.dir/Core/Src/gpio.c.obj
 .debug_line    0x000028ef      0x844 CMakeFiles/cleaner.dir/Core/Src/freertos.c.obj
 .debug_line    0x00003133      0x565 CMakeFiles/cleaner.dir/Core/Src/dma.c.obj
 .debug_line    0x00003698      0xd16 CMakeFiles/cleaner.dir/Core/Src/tim.c.obj
 .debug_line    0x000043ae      0x6a9 CMakeFiles/cleaner.dir/Core/Src/usart.c.obj
 .debug_line    0x00004a57      0x6b9 CMakeFiles/cleaner.dir/Core/Src/stm32f4xx_it.c.obj
 .debug_line    0x00005110      0x56f CMakeFiles/cleaner.dir/Core/Src/stm32f4xx_hal_msp.c.obj
 .debug_line    0x0000567f      0x631 CMakeFiles/cleaner.dir/Core/Src/stm32f4xx_hal_timebase_tim.c.obj
 .debug_line    0x00005cb0      0xe65 CMakeFiles/cleaner.dir/Drivers/STM32F4xx_HAL_Driver/Src/stm32f4xx_hal_rcc.c.obj
 .debug_line    0x00006b15      0xac8 CMakeFiles/cleaner.dir/Drivers/STM32F4xx_HAL_Driver/Src/stm32f4xx_hal_gpio.c.obj
 .debug_line    0x000075dd     0x1159 CMakeFiles/cleaner.dir/Drivers/STM32F4xx_HAL_Driver/Src/stm32f4xx_hal_dma.c.obj
 .debug_line    0x00008736      0xb0b CMakeFiles/cleaner.dir/Drivers/STM32F4xx_HAL_Driver/Src/stm32f4xx_hal_cortex.c.obj
 .debug_line    0x00009241      0x8c1 CMakeFiles/cleaner.dir/Drivers/STM32F4xx_HAL_Driver/Src/stm32f4xx_hal.c.obj
 .debug_line    0x00009b02     0x4fc3 CMakeFiles/cleaner.dir/Drivers/STM32F4xx_HAL_Driver/Src/stm32f4xx_hal_tim.c.obj
 .debug_line    0x0000eac5     0x20e7 CMakeFiles/cleaner.dir/Drivers/STM32F4xx_HAL_Driver/Src/stm32f4xx_hal_tim_ex.c.obj
 .debug_line    0x00010bac     0x4531 CMakeFiles/cleaner.dir/Drivers/STM32F4xx_HAL_Driver/Src/stm32f4xx_hal_uart.c.obj
 .debug_line    0x000150dd      0x622 CMakeFiles/cleaner.dir/Core/Src/system_stm32f4xx.c.obj
 .debug_line    0x000156ff      0x562 CMakeFiles/cleaner.dir/Middlewares/Third_Party/FreeRTOS/Source/list.c.obj
 .debug_line    0x00015c61     0x1e28 CMakeFiles/cleaner.dir/Middlewares/Third_Party/FreeRTOS/Source/queue.c.obj
 .debug_line    0x00017a89     0x2bfd CMakeFiles/cleaner.dir/Middlewares/Third_Party/FreeRTOS/Source/tasks.c.obj
 .debug_line    0x0001a686      0xfcc CMakeFiles/cleaner.dir/Middlewares/Third_Party/FreeRTOS/Source/timers.c.obj
 .debug_line    0x0001b652     0x16a9 CMakeFiles/cleaner.dir/Middlewares/Third_Party/FreeRTOS/Source/CMSIS_RTOS/cmsis_os.c.obj
 .debug_line    0x0001ccfb      0x8ab CMakeFiles/cleaner.dir/Middlewares/Third_Party/FreeRTOS/Source/portable/MemMang/heap_4.c.obj
 .debug_line    0x0001d5a6      0x85c CMakeFiles/cleaner.dir/Middlewares/Third_Party/FreeRTOS/Source/portable/GCC/ARM_CM4F/port.c.obj
 .debug_line    0x0001de02       0x89 CMakeFiles/cleaner.dir/startup_stm32f407xx.s.obj

.debug_str      0x00000000    0xd3e2a
 .debug_str     0x00000000    0xc3a8d CMakeFiles/cleaner.dir/Application/distance.c.obj
                              0xc3d35 (size before relaxing)
 .debug_str     0x000c3a8d      0x120 CMakeFiles/cleaner.dir/Bsp/bsp_dwt.c.obj
                              0xc3c6e (size before relaxing)
 .debug_str     0x000c3bad     0x2cc6 CMakeFiles/cleaner.dir/Bsp/bsp_uart.c.obj
                              0xc68fd (size before relaxing)
 .debug_str     0x000c6873     0x60a0 CMakeFiles/cleaner.dir/Components/hcsr04.c.obj
                              0xc9d91 (size before relaxing)
 .debug_str     0x000cc913      0x662 CMakeFiles/cleaner.dir/Core/Src/main.c.obj
                              0xca8c9 (size before relaxing)
 .debug_str     0x000ccf75       0x67 CMakeFiles/cleaner.dir/Core/Src/gpio.c.obj
                              0xc3daa (size before relaxing)
 .debug_str     0x000ccfdc      0x37b CMakeFiles/cleaner.dir/Core/Src/freertos.c.obj
                              0xc9fee (size before relaxing)
 .debug_str     0x000cd357      0x51b CMakeFiles/cleaner.dir/Core/Src/dma.c.obj