Archive member included to satisfy reference by file (symbol)

d:/dev_env/gcc-arm-none-eabi/10 2021.10/bin/../lib/gcc/arm-none-eabi/10.3.1/../../../../arm-none-eabi/lib/thumb/v7e-m+fp/hard\libc_nano.a(lib_a-exit.o)
                              d:/dev_env/gcc-arm-none-eabi/10 2021.10/bin/../lib/gcc/arm-none-eabi/10.3.1/../../../../arm-none-eabi/lib/thumb/v7e-m+fp/hard/crt0.o (exit)
d:/dev_env/gcc-arm-none-eabi/10 2021.10/bin/../lib/gcc/arm-none-eabi/10.3.1/../../../../arm-none-eabi/lib/thumb/v7e-m+fp/hard\libc_nano.a(lib_a-impure.o)
                              d:/dev_env/gcc-arm-none-eabi/10 2021.10/bin/../lib/gcc/arm-none-eabi/10.3.1/../../../../arm-none-eabi/lib/thumb/v7e-m+fp/hard\libc_nano.a(lib_a-exit.o) (_global_impure_ptr)
d:/dev_env/gcc-arm-none-eabi/10 2021.10/bin/../lib/gcc/arm-none-eabi/10.3.1/../../../../arm-none-eabi/lib/thumb/v7e-m+fp/hard\libc_nano.a(lib_a-init.o)
                              d:/dev_env/gcc-arm-none-eabi/10 2021.10/bin/../lib/gcc/arm-none-eabi/10.3.1/../../../../arm-none-eabi/lib/thumb/v7e-m+fp/hard/crt0.o (__libc_init_array)
d:/dev_env/gcc-arm-none-eabi/10 2021.10/bin/../lib/gcc/arm-none-eabi/10.3.1/../../../../arm-none-eabi/lib/thumb/v7e-m+fp/hard\libc_nano.a(lib_a-memset.o)
                              d:/dev_env/gcc-arm-none-eabi/10 2021.10/bin/../lib/gcc/arm-none-eabi/10.3.1/../../../../arm-none-eabi/lib/thumb/v7e-m+fp/hard/crt0.o (memset)
d:/dev_env/gcc-arm-none-eabi/10 2021.10/bin/../lib/gcc/arm-none-eabi/10.3.1/thumb/v7e-m+fp/hard\libgcc.a(_aeabi_uldivmod.o)
                              CMakeFiles/cleaner.dir/Drivers/STM32F4xx_HAL_Driver/Src/stm32f4xx_hal_rcc.c.obj (__aeabi_uldivmod)
d:/dev_env/gcc-arm-none-eabi/10 2021.10/bin/../lib/gcc/arm-none-eabi/10.3.1/thumb/v7e-m+fp/hard\libgcc.a(_udivmoddi4.o)
                              d:/dev_env/gcc-arm-none-eabi/10 2021.10/bin/../lib/gcc/arm-none-eabi/10.3.1/thumb/v7e-m+fp/hard\libgcc.a(_aeabi_uldivmod.o) (__udivmoddi4)
d:/dev_env/gcc-arm-none-eabi/10 2021.10/bin/../lib/gcc/arm-none-eabi/10.3.1/thumb/v7e-m+fp/hard\libgcc.a(_dvmd_tls.o)
                              d:/dev_env/gcc-arm-none-eabi/10 2021.10/bin/../lib/gcc/arm-none-eabi/10.3.1/thumb/v7e-m+fp/hard\libgcc.a(_aeabi_uldivmod.o) (__aeabi_ldiv0)
d:/dev_env/gcc-arm-none-eabi/10 2021.10/bin/../lib/gcc/arm-none-eabi/10.3.1/../../../../arm-none-eabi/lib/thumb/v7e-m+fp/hard\libg_nano.a(lib_a-errno.o)
                              CMakeFiles/cleaner.dir/Core/Src/sysmem.c.obj (__errno)
d:/dev_env/gcc-arm-none-eabi/10 2021.10/bin/../lib/gcc/arm-none-eabi/10.3.1/../../../../arm-none-eabi/lib/thumb/v7e-m+fp/hard\libg_nano.a(lib_a-memcpy-stub.o)
                              CMakeFiles/cleaner.dir/Middlewares/Third_Party/FreeRTOS/Source/queue.c.obj (memcpy)
d:/dev_env/gcc-arm-none-eabi/10 2021.10/bin/../lib/gcc/arm-none-eabi/10.3.1/../../../../arm-none-eabi/lib/thumb/v7e-m+fp/hard\libg_nano.a(lib_a-strlen.o)
                              CMakeFiles/cleaner.dir/Middlewares/Third_Party/FreeRTOS/Source/tasks.c.obj (strlen)

Discarded input sections

 .text          0x00000000        0x0 d:/dev_env/gcc-arm-none-eabi/10 2021.10/bin/../lib/gcc/arm-none-eabi/10.3.1/thumb/v7e-m+fp/hard/crti.o
 .data          0x00000000        0x0 d:/dev_env/gcc-arm-none-eabi/10 2021.10/bin/../lib/gcc/arm-none-eabi/10.3.1/thumb/v7e-m+fp/hard/crti.o
 .bss           0x00000000        0x0 d:/dev_env/gcc-arm-none-eabi/10 2021.10/bin/../lib/gcc/arm-none-eabi/10.3.1/thumb/v7e-m+fp/hard/crti.o
 .data          0x00000000        0x4 d:/dev_env/gcc-arm-none-eabi/10 2021.10/bin/../lib/gcc/arm-none-eabi/10.3.1/thumb/v7e-m+fp/hard/crtbegin.o
 .rodata        0x00000000       0x24 d:/dev_env/gcc-arm-none-eabi/10 2021.10/bin/../lib/gcc/arm-none-eabi/10.3.1/thumb/v7e-m+fp/hard/crtbegin.o
 .text          0x00000000       0x7c d:/dev_env/gcc-arm-none-eabi/10 2021.10/bin/../lib/gcc/arm-none-eabi/10.3.1/../../../../arm-none-eabi/lib/thumb/v7e-m+fp/hard/crt0.o
 .data          0x00000000        0x0 d:/dev_env/gcc-arm-none-eabi/10 2021.10/bin/../lib/gcc/arm-none-eabi/10.3.1/../../../../arm-none-eabi/lib/thumb/v7e-m+fp/hard/crt0.o
 .bss           0x00000000        0x0 d:/dev_env/gcc-arm-none-eabi/10 2021.10/bin/../lib/gcc/arm-none-eabi/10.3.1/../../../../arm-none-eabi/lib/thumb/v7e-m+fp/hard/crt0.o
 .ARM.extab     0x00000000        0x0 d:/dev_env/gcc-arm-none-eabi/10 2021.10/bin/../lib/gcc/arm-none-eabi/10.3.1/../../../../arm-none-eabi/lib/thumb/v7e-m+fp/hard/crt0.o
 .ARM.exidx     0x00000000       0x10 d:/dev_env/gcc-arm-none-eabi/10 2021.10/bin/../lib/gcc/arm-none-eabi/10.3.1/../../../../arm-none-eabi/lib/thumb/v7e-m+fp/hard/crt0.o
 .ARM.attributes
                0x00000000       0x1c d:/dev_env/gcc-arm-none-eabi/10 2021.10/bin/../lib/gcc/arm-none-eabi/10.3.1/../../../../arm-none-eabi/lib/thumb/v7e-m+fp/hard/crt0.o
 .text          0x00000000        0x0 d:/dev_env/gcc-arm-none-eabi/10 2021.10/bin/../lib/gcc/arm-none-eabi/10.3.1/../../../../arm-none-eabi/lib/thumb/v7e-m+fp/hard\libc_nano.a(lib_a-exit.o)
[...]
Memory Configuration

Name             Origin             Length             Attributes
RAM              0x20000000         0x00020000         xrw
CCMRAM           0x10000000         0x00010000         xrw
FLASH            0x08000000         0x00080000         xr
*default*        0x00000000         0xffffffff

Linker script and memory map

LOAD d:/dev_env/gcc-arm-none-eabi/10 2021.10/bin/../lib/gcc/arm-none-eabi/10.3.1/thumb/v7e-m+fp/hard/crti.o
LOAD d:/dev_env/gcc-arm-none-eabi/10 2021.10/bin/../lib/gcc/arm-none-eabi/10.3.1/thumb/v7e-m+fp/hard/crtbegin.o
LOAD d:/dev_env/gcc-arm-none-eabi/10 2021.10/bin/../lib/gcc/arm-none-eabi/10.3.1/../../../../arm-none-eabi/lib/thumb/v7e-m+fp/hard/crt0.o
START GROUP
LOAD d:/dev_env/gcc-arm-none-eabi/10 2021.10/bin/../lib/gcc/arm-none-eabi/10.3.1/../../../../arm-none-eabi/lib/thumb/v7e-m+fp/hard\libc_nano.a
LOAD d:/dev_env/gcc-arm-none-eabi/10 2021.10/bin/../lib/gcc/arm-none-eabi/10.3.1/../../../../arm-none-eabi/lib/thumb/v7e-m+fp/hard\libm.a
END GROUP
LOAD CMakeFiles/cleaner.dir/Application/arm.c.obj
LOAD CMakeFiles/cleaner.dir/Application/chassis.c.obj
LOAD CMakeFiles/cleaner.dir/Application/distance.c.obj
LOAD CMakeFiles/cleaner.dir/Application/upper.c.obj
LOAD CMakeFiles/cleaner.dir/Bsp/bsp_dwt.c.obj
LOAD CMakeFiles/cleaner.dir/Bsp/bsp_uart.c.obj
LOAD CMakeFiles/cleaner.dir/Components/hcsr04.c.obj
LOAD CMakeFiles/cleaner.dir/Components/magnet.c.obj
LOAD CMakeFiles/cleaner.dir/Components/motor.c.obj
LOAD CMakeFiles/cleaner.dir/Components/pid.c.obj
LOAD CMakeFiles/cleaner.dir/Components/servo.c.obj
LOAD CMakeFiles/cleaner.dir/Core/Src/main.c.obj
LOAD CMakeFiles/cleaner.dir/Core/Src/gpio.c.obj
LOAD CMakeFiles/cleaner.dir/Core/Src/freertos.c.obj
LOAD CMakeFiles/cleaner.dir/Core/Src/dma.c.obj
LOAD CMakeFiles/cleaner.dir/Core/Src/tim.c.obj
LOAD CMakeFiles/cleaner.dir/Core/Src/usart.c.obj
LOAD CMakeFiles/cleaner.dir/Core/Src/stm32f4xx_it.c.obj
LOAD CMakeFiles/cleaner.dir/Core/Src/stm32f4xx_hal_msp.c.obj
LOAD CMakeFiles/cleaner.dir/Core/Src/stm32f4xx_hal_timebase_tim.c.obj
LOAD CMakeFiles/cleaner.dir/Drivers/STM32F4xx_HAL_Driver/Src/stm32f4xx_hal_rcc.c.obj
LOAD CMakeFiles/cleaner.dir/Drivers/STM32F4xx_HAL_Driver/Src/stm32f4xx_hal_rcc_ex.c.obj
LOAD CMakeFiles/cleaner.dir/Drivers/STM32F4xx_HAL_Driver/Src/stm32f4xx_hal_flash.c.obj
LOAD CMakeFiles/cleaner.dir/Drivers/STM32F4xx_HAL_Driver/Src/stm32f4xx_hal_flash_ex.c.obj
LOAD CMakeFiles/cleaner.dir/Drivers/STM32F4xx_HAL_Driver/Src/stm32f4xx_hal_flash_ramfunc.c.obj
LOAD CMakeFiles/cleaner.dir/Drivers/STM32F4xx_HAL_Driver/Src/stm32f4xx_hal_gpio.c.obj
LOAD CMakeFiles/cleaner.dir/Drivers/STM32F4xx_HAL_Driver/Src/stm32f4xx_hal_dma_ex.c.obj
LOAD CMakeFiles/cleaner.dir/Drivers/STM32F4xx_HAL_Driver/Src/stm32f4xx_hal_dma.c.obj
LOAD CMakeFiles/cleaner.dir/Drivers/STM32F4xx_HAL_Driver/Src/stm32f4xx_hal_pwr.c.obj
LOAD CMakeFiles/cleaner.dir/Drivers/STM32F4xx_HAL_Driver/Src/stm32f4xx_hal_pwr_ex.c.obj
LOAD CMakeFiles/cleaner.dir/Drivers/STM32F4xx_HAL_Driver/Src/stm32f4xx_hal_cortex.c.obj
LOAD CMakeFiles/cleaner.dir/Drivers/STM32F4xx_HAL_Driver/Src/stm32f4xx_hal.c.obj
LOAD CMakeFiles/cleaner.dir/Drivers/STM32F4xx_HAL_Driver/Src/stm32f4xx_hal_exti.c.obj
LOAD CMakeFiles/cleaner.dir/Drivers/STM32F4xx_HAL_Driver/Src/stm32f4xx_hal_tim.c.obj
LOAD CMakeFiles/cleaner.dir/Drivers/STM32F4xx_HAL_Driver/Src/stm32f4xx_hal_tim_ex.c.obj
LOAD CMakeFiles/cleaner.dir/Drivers/STM32F4xx_HAL_Driver/Src/stm32f4xx_hal_uart.c.obj
LOAD CMakeFiles/cleaner.dir/Core/Src/system_stm32f4xx.c.obj
LOAD CMakeFiles/cleaner.dir/Middlewares/Third_Party/FreeRTOS/Source/croutine.c.obj
LOAD CMakeFiles/cleaner.dir/Middlewares/Third_Party/FreeRTOS/Source/event_groups.c.obj
LOAD CMakeFiles/cleaner.dir/Middlewares/Third_Party/FreeRTOS/Source/list.c.obj
LOAD CMakeFiles/cleaner.dir/Middlewares/Third_Party/FreeRTOS/Source/queue.c.obj
LOAD CMakeFiles/cleaner.dir/Middlewares/Third_Party/FreeRTOS/Source/stream_buffer.c.obj
LOAD CMakeFiles/cleaner.dir/Middlewares/Third_Party/FreeRTOS/Source/tasks.c.obj
LOAD CMakeFiles/cleaner.dir/Middlewares/Third_Party/FreeRTOS/Source/timers.c.obj
LOAD CMakeFiles/cleaner.dir/Middlewares/Third_Party/FreeRTOS/Source/CMSIS_RTOS/cmsis_os.c.obj
LOAD CMakeFiles/cleaner.dir/Middlewares/Third_Party/FreeRTOS/Source/portable/MemMang/heap_4.c.obj
LOAD CMakeFiles/cleaner.dir/Middlewares/Third_Party/FreeRTOS/Source/portable/GCC/ARM_CM4F/port.c.obj
LOAD CMakeFiles/cleaner.dir/Core/Src/sysmem.c.obj
LOAD CMakeFiles/cleaner.dir/Core/Src/syscalls.c.obj
LOAD CMakeFiles/cleaner.dir/startup_stm32f407xx.s.obj
START GROUP
LOAD d:/dev_env/gcc-arm-none-eabi/10 2021.10/bin/../lib/gcc/arm-none-eabi/10.3.1/thumb/v7e-m+fp/hard\libgcc.a
LOAD d:/dev_env/gcc-arm-none-eabi/10 2021.10/bin/../lib/gcc/arm-none-eabi/10.3.1/../../../../arm-none-eabi/lib/thumb/v7e-m+fp/hard\libg_nano.a
LOAD d:/dev_env/gcc-arm-none-eabi/10 2021.10/bin/../lib/gcc/arm-none-eabi/10.3.1/../../../../arm-none-eabi/lib/thumb/v7e-m+fp/hard\libc_nano.a
END GROUP
START GROUP
LOAD d:/dev_env/gcc-arm-none-eabi/10 2021.10/bin/../lib/gcc/arm-none-eabi/10.3.1/thumb/v7e-m+fp/hard\libgcc.a
LOAD d:/dev_env/gcc-arm-none-eabi/10 2021.10/bin/../lib/gcc/arm-none-eabi/10.3.1/../../../../arm-none-eabi/lib/thumb/v7e-m+fp/hard\libc_nano.a
END GROUP
LOAD d:/dev_env/gcc-arm-none-eabi/10 2021.10/bin/../lib/gcc/arm-none-eabi/10.3.1/thumb/v7e-m+fp/hard/crtend.o
LOAD d:/dev_env/gcc-arm-none-eabi/10 2021.10/bin/../lib/gcc/arm-none-eabi/10.3.1/thumb/v7e-m+fp/hard/crtn.o
                0x20020000                _estack = (ORIGIN (RAM) + LENGTH (RAM))
                0x00000200                _Min_Heap_Size = 0x200
                0x00000400                _Min_Stack_Size = 0x400

.isr_vector     0x08000000      0x188
                0x08000000                . = ALIGN (0x4)
 *(.isr_vector)
 .isr_vector    0x08000000      0x188 CMakeFiles/cleaner.dir/startup_stm32f407xx.s.obj
                0x08000000                g_pfnVectors
                0x08000188                . = ALIGN (0x4)

.text           0x08000190     0x7e00
                0x08000190                . = ALIGN (0x4)
 *(.text)
 .text          0x08000190       0x40 d:/dev_env/gcc-arm-none-eabi/10 2021.10/bin/../lib/gcc/arm-none-eabi/10.3.1/thumb/v7e-m+fp/hard/crtbegin.o
 .text          0x080001d0       0x30 d:/dev_env/gcc-arm-none-eabi/10 2021.10/bin/../lib/gcc/arm-none-eabi/10.3.1/thumb/v7e-m+fp/hard\libgcc.a(_aeabi_uldivmod.o)
                0x080001d0                __aeabi_uldivmod
 .text          0x08000200      0x2d0 d:/dev_env/gcc-arm-none-eabi/10 2021.10/bin/../lib/gcc/arm-none-eabi/10.3.1/thumb/v7e-m+fp/hard\libgcc.a(_udivmoddi4.o)
                0x08000200                __udivmoddi4
 .text          0x080004d0        0x4 d:/dev_env/gcc-arm-none-eabi/10 2021.10/bin/../lib/gcc/arm-none-eabi/10.3.1/thumb/v7e-m+fp/hard\libgcc.a(_dvmd_tls.o)
                0x080004d0                __aeabi_idiv0
                0x080004d0                __aeabi_ldiv0
 *(.text*)
 .text.__libc_init_array
                0x080004d4       0x48 d:/dev_env/gcc-arm-none-eabi/10 2021.10/bin/../lib/gcc/arm-none-eabi/10.3.1/../../../../arm-none-eabi/lib/thumb/v7e-m+fp/hard\libc_nano.a(lib_a-init.o)
                0x080004d4                __libc_init_array
 .text.memset   0x0800051c       0x10 d:/dev_env/gcc-arm-none-eabi/10 2021.10/bin/../lib/gcc/arm-none-eabi/10.3.1/../../../../arm-none-eabi/lib/thumb/v7e-m+fp/hard\libc_nano.a(lib_a-memset.o)
                0x0800051c                memset
 .text.initArm  0x0800052c       0x68 CMakeFiles/cleaner.dir/Application/arm.c.obj
                0x0800052c                initArm
 .text.controlArm
                0x08000594       0x10 CMakeFiles/cleaner.dir/Application/arm.c.obj
                0x08000594                controlArm
 .text.updateControlValue
                0x080005a4      0x1dc CMakeFiles/cleaner.dir/Application/arm.c.obj
                0x080005a4                updateControlValue
 .text.setArmControl
                0x08000780       0x44 CMakeFiles/cleaner.dir/Application/arm.c.obj
                0x08000780                setArmControl
 .text.initChassis
                0x080007c4      0x164 CMakeFiles/cleaner.dir/Application/chassis.c.obj
                0x080007c4                initChassis
 .text.controlChassis
                0x08000928       0x14 CMakeFiles/cleaner.dir/Application/chassis.c.obj
                0x08000928                controlChassis
 .text.setChassisMode
                0x0800093c       0x50 CMakeFiles/cleaner.dir/Application/chassis.c.obj
                0x0800093c                setChassisMode
 .text.updateChassisRef
                0x0800098c      0x130 CMakeFiles/cleaner.dir/Application/chassis.c.obj
                0x0800098c                updateChassisRef
 .text.setChassisControl
                0x08000abc       0xf8 CMakeFiles/cleaner.dir/Application/chassis.c.obj
                0x08000abc                setChassisControl
 .text.isClose  0x08000bb4       0x40 CMakeFiles/cleaner.dir/Application/chassis.c.obj
                0x08000bb4                isClose
 .text.initDistance
                0x08000bf4       0x54 CMakeFiles/cleaner.dir/Application/distance.c.obj
                0x08000bf4                initDistance
 .text.updateDistance
                0x08000c48       0x48 CMakeFiles/cleaner.dir/Application/distance.c.obj
                0x08000c48                updateDistance
 .text.initUpper
                0x08000c90       0x5c CMakeFiles/cleaner.dir/Application/upper.c.obj
                0x08000c90                initUpper
 .text.controlUpper
                0x08000cec       0x34 CMakeFiles/cleaner.dir/Application/upper.c.obj
                0x08000cec                controlUpper
 .text.updateBlock
                0x08000d20       0x46 CMakeFiles/cleaner.dir/Application/upper.c.obj
                0x08000d20                updateBlock
 *fill*         0x08000d66        0x2 
 .text.DWT_Init
                0x08000d68       0x38 CMakeFiles/cleaner.dir/Bsp/bsp_dwt.c.obj
                0x08000d68                DWT_Init
 .text.DWT_DelayUS
                0x08000da0       0x54 CMakeFiles/cleaner.dir/Bsp/bsp_dwt.c.obj
                0x08000da0                DWT_DelayUS
 .text.initUart
                0x08000df4       0x38 CMakeFiles/cleaner.dir/Bsp/bsp_uart.c.obj
                0x08000df4                initUart
 .text.USER_UART_IRQHandler
                0x08000e2c       0x4c CMakeFiles/cleaner.dir/Bsp/bsp_uart.c.obj
                0x08000e2c                USER_UART_IRQHandler
 .text.USAR_UART_IDLECallback
                0x08000e78       0x30 CMakeFiles/cleaner.dir/Bsp/bsp_uart.c.obj
                0x08000e78                USAR_UART_IDLECallback
 .text.initDistanceSensor
                0x08000ea8       0x6a CMakeFiles/cleaner.dir/Components/hcsr04.c.obj
                0x08000ea8                initDistanceSensor
 *fill*         0x08000f12        0x2 
 .text.getDistance
                0x08000f14       0xe8 CMakeFiles/cleaner.dir/Components/hcsr04.c.obj
                0x08000f14                getDistance
 .text.initMagnet
                0x08000ffc       0x2c CMakeFiles/cleaner.dir/Components/magnet.c.obj
                0x08000ffc                initMagnet
 .text.initMotor
                0x08001028       0x40 CMakeFiles/cleaner.dir/Components/motor.c.obj
                0x08001028                initMotor
 .text.setSpeed
                0x08001068      0x110 CMakeFiles/cleaner.dir/Components/motor.c.obj
                0x08001068                setSpeed
 .text.initPID  0x08001178       0x84 CMakeFiles/cleaner.dir/Components/pid.c.obj
                0x08001178                initPID
 .text.initServo
                0x080011fc       0x2a CMakeFiles/cleaner.dir/Components/servo.c.obj
                0x080011fc                initServo
 *fill*         0x08001226        0x2 
 .text.setAngle
                0x08001228       0x9c CMakeFiles/cleaner.dir/Components/servo.c.obj
                0x08001228                setAngle
 .text.main     0x080012c4      0x118 CMakeFiles/cleaner.dir/Core/Src/main.c.obj
                0x080012c4                main
 .text.SystemClock_Config
                0x080013dc       0xd4 CMakeFiles/cleaner.dir/Core/Src/main.c.obj
                0x080013dc                SystemClock_Config
 .text.HAL_TIM_PeriodElapsedCallback
                0x080014b0       0x70 CMakeFiles/cleaner.dir/Core/Src/main.c.obj
                0x080014b0                HAL_TIM_PeriodElapsedCallback
 .text.Error_Handler
                0x08001520        0xa CMakeFiles/cleaner.dir/Core/Src/main.c.obj
                0x08001520                Error_Handler
 *fill*         0x0800152a        0x2 
 .text.MX_GPIO_Init
                0x0800152c      0x12c CMakeFiles/cleaner.dir/Core/Src/gpio.c.obj
                0x0800152c                MX_GPIO_Init
 .text.vApplicationGetIdleTaskMemory
                0x08001658       0x34 CMakeFiles/cleaner.dir/Core/Src/freertos.c.obj
                0x08001658                vApplicationGetIdleTaskMemory
 .text.vApplicationGetTimerTaskMemory
                0x0800168c       0x34 CMakeFiles/cleaner.dir/Core/Src/freertos.c.obj
                0x0800168c                vApplicationGetTimerTaskMemory
 .text.MX_FREERTOS_Init
                0x080016c0       0xf0 CMakeFiles/cleaner.dir/Core/Src/freertos.c.obj
                0x080016c0                MX_FREERTOS_Init
 .text.StartDefaultTask
                0x080017b0       0x10 CMakeFiles/cleaner.dir/Core/Src/freertos.c.obj
                0x080017b0                StartDefaultTask
 .text.StartDistance
                0x080017c0       0x18 CMakeFiles/cleaner.dir/Core/Src/freertos.c.obj
                0x080017c0                StartDistance
 .text.StartUpper
                0x080017d8       0x18 CMakeFiles/cleaner.dir/Core/Src/freertos.c.obj
                0x080017d8                StartUpper
 .text.StartChassis
                0x080017f0       0x18 CMakeFiles/cleaner.dir/Core/Src/freertos.c.obj
                0x080017f0                StartChassis
 .text.StartArm
                0x08001808       0x18 CMakeFiles/cleaner.dir/Core/Src/freertos.c.obj
                0x08001808                StartArm
 .text.MX_DMA_Init
                0x08001820       0x40 CMakeFiles/cleaner.dir/Core/Src/dma.c.obj
                0x08001820                MX_DMA_Init
 .text.MX_TIM2_Init
                0x08001860       0xf4 CMakeFiles/cleaner.dir/Core/Src/tim.c.obj
                0x08001860                MX_TIM2_Init
 .text.MX_TIM3_Init
                0x08001954       0xf4 CMakeFiles/cleaner.dir/Core/Src/tim.c.obj
                0x08001954                MX_TIM3_Init
 .text.MX_TIM4_Init
                0x08001a48       0xf4 CMakeFiles/cleaner.dir/Core/Src/tim.c.obj
                0x08001a48                MX_TIM4_Init
 .text.MX_TIM5_Init
                0x08001b3c       0xf4 CMakeFiles/cleaner.dir/Core/Src/tim.c.obj
                0x08001b3c                MX_TIM5_Init
 .text.MX_TIM6_Init
                0x08001c30       0x68 CMakeFiles/cleaner.dir/Core/Src/tim.c.obj
                0x08001c30                MX_TIM6_Init
 .text.MX_TIM8_Init
                0x08001c98      0x150 CMakeFiles/cleaner.dir/Core/Src/tim.c.obj
                0x08001c98                MX_TIM8_Init
 .text.HAL_TIM_PWM_MspInit
                0x08001de8       0xf0 CMakeFiles/cleaner.dir/Core/Src/tim.c.obj
                0x08001de8                HAL_TIM_PWM_MspInit
 .text.HAL_TIM_Base_MspInit
                0x08001ed8       0x50 CMakeFiles/cleaner.dir/Core/Src/tim.c.obj
                0x08001ed8                HAL_TIM_Base_MspInit
 .text.HAL_TIM_MspPostInit
                0x08001f28      0x22c CMakeFiles/cleaner.dir/Core/Src/tim.c.obj
                0x08001f28                HAL_TIM_MspPostInit
 .text.MX_USART1_UART_Init
                0x08002154       0x54 CMakeFiles/cleaner.dir/Core/Src/usart.c.obj
                0x08002154                MX_USART1_UART_Init
 .text.HAL_UART_MspInit
                0x080021a8      0x108 CMakeFiles/cleaner.dir/Core/Src/usart.c.obj
                0x080021a8                HAL_UART_MspInit
 .text.NMI_Handler
                0x080022b0        0x6 CMakeFiles/cleaner.dir/Core/Src/stm32f4xx_it.c.obj
                0x080022b0                NMI_Handler
 .text.HardFault_Handler
                0x080022b6        0x6 CMakeFiles/cleaner.dir/Core/Src/stm32f4xx_it.c.obj
                0x080022b6                HardFault_Handler
 .text.MemManage_Handler
                0x080022bc        0x6 CMakeFiles/cleaner.dir/Core/Src/stm32f4xx_it.c.obj
                0x080022bc                MemManage_Handler
 .text.BusFault_Handler
                0x080022c2        0x6 CMakeFiles/cleaner.dir/Core/Src/stm32f4xx_it.c.obj
                0x080022c2                BusFault_Handler
 .text.UsageFault_Handler
                0x080022c8        0x6 CMakeFiles/cleaner.dir/Core/Src/stm32f4xx_it.c.obj
                0x080022c8                UsageFault_Handler
 .text.DebugMon_Handler
                0x080022ce        0xe CMakeFiles/cleaner.dir/Core/Src/stm32f4xx_it.c.obj
                0x080022ce                DebugMon_Handler
 .text.TIM1_UP_TIM10_IRQHandler
                0x080022dc       0x14 CMakeFiles/cleaner.dir/Core/Src/stm32f4xx_it.c.obj
                0x080022dc                TIM1_UP_TIM10_IRQHandler
 .text.USART1_IRQHandler
                0x080022f0       0x14 CMakeFiles/cleaner.dir/Core/Src/stm32f4xx_it.c.obj
                0x080022f0                USART1_IRQHandler
 .text.TIM6_DAC_IRQHandler
                0x08002304       0x14 CMakeFiles/cleaner.dir/Core/Src/stm32f4xx_it.c.obj
                0x08002304                TIM6_DAC_IRQHandler
 .text.DMA2_Stream2_IRQHandler
                0x08002318       0x14 CMakeFiles/cleaner.dir/Core/Src/stm32f4xx_it.c.obj
                0x08002318                DMA2_Stream2_IRQHandler
 .text.HAL_MspInit
                0x0800232c       0x58 CMakeFiles/cleaner.dir/Core/Src/stm32f4xx_hal_msp.c.obj
                0x0800232c                HAL_MspInit
 .text.HAL_InitTick
                0x08002384       0xe8 CMakeFiles/cleaner.dir/Core/Src/stm32f4xx_hal_timebase_tim.c.obj
                0x08002384                HAL_InitTick
 .text.HAL_RCC_OscConfig
                0x0800246c      0x4f0 CMakeFiles/cleaner.dir/Drivers/STM32F4xx_HAL_Driver/Src/stm32f4xx_hal_rcc.c.obj
                0x0800246c                HAL_RCC_OscConfig
 .text.HAL_RCC_ClockConfig
                0x0800295c      0x1cc CMakeFiles/cleaner.dir/Drivers/STM32F4xx_HAL_Driver/Src/stm32f4xx_hal_rcc.c.obj
                0x0800295c                HAL_RCC_ClockConfig
 .text.HAL_RCC_GetSysClockFreq
                0x08002b28      0x20c CMakeFiles/cleaner.dir/Drivers/STM32F4xx_HAL_Driver/Src/stm32f4xx_hal_rcc.c.obj
                0x08002b28                HAL_RCC_GetSysClockFreq
 .text.HAL_RCC_GetHCLKFreq
                0x08002d34       0x18 CMakeFiles/cleaner.dir/Drivers/STM32F4xx_HAL_Driver/Src/stm32f4xx_hal_rcc.c.obj
                0x08002d34                HAL_RCC_GetHCLKFreq
 .text.HAL_RCC_GetPCLK1Freq
                0x08002d4c       0x28 CMakeFiles/cleaner.dir/Drivers/STM32F4xx_HAL_Driver/Src/stm32f4xx_hal_rcc.c.obj
                0x08002d4c                HAL_RCC_GetPCLK1Freq
 .text.HAL_RCC_GetPCLK2Freq
                0x08002d74       0x28 CMakeFiles/cleaner.dir/Drivers/STM32F4xx_HAL_Driver/Src/stm32f4xx_hal_rcc.c.obj
                0x08002d74                HAL_RCC_GetPCLK2Freq
 .text.HAL_RCC_GetClockConfig
                0x08002d9c       0x64 CMakeFiles/cleaner.dir/Drivers/STM32F4xx_HAL_Driver/Src/stm32f4xx_hal_rcc.c.obj
                0x08002d9c                HAL_RCC_GetClockConfig
 .text.HAL_GPIO_Init
                0x08002e00      0x338 CMakeFiles/cleaner.dir/Drivers/STM32F4xx_HAL_Driver/Src/stm32f4xx_hal_gpio.c.obj
                0x08002e00                HAL_GPIO_Init
 .text.HAL_GPIO_ReadPin
                0x08003138       0x30 CMakeFiles/cleaner.dir/Drivers/STM32F4xx_HAL_Driver/Src/stm32f4xx_hal_gpio.c.obj
                0x08003138                HAL_GPIO_ReadPin
 .text.HAL_GPIO_WritePin
                0x08003168       0x32 CMakeFiles/cleaner.dir/Drivers/STM32F4xx_HAL_Driver/Src/stm32f4xx_hal_gpio.c.obj
                0x08003168                HAL_GPIO_WritePin
 *fill*         0x0800319a        0x2 
 .text.HAL_DMA_Init
                0x0800319c      0x15c CMakeFiles/cleaner.dir/Drivers/STM32F4xx_HAL_Driver/Src/stm32f4xx_hal_dma.c.obj
                0x0800319c                HAL_DMA_Init
 .text.HAL_DMA_Start_IT
                0x080032f8       0xb0 CMakeFiles/cleaner.dir/Drivers/STM32F4xx_HAL_Driver/Src/stm32f4xx_hal_dma.c.obj
                0x080032f8                HAL_DMA_Start_IT
 .text.HAL_DMA_Abort
                0x080033a8       0xe0 CMakeFiles/cleaner.dir/Drivers/STM32F4xx_HAL_Driver/Src/stm32f4xx_hal_dma.c.obj
                0x080033a8                HAL_DMA_Abort
 .text.HAL_DMA_IRQHandler
                0x08003488      0x314 CMakeFiles/cleaner.dir/Drivers/STM32F4xx_HAL_Driver/Src/stm32f4xx_hal_dma.c.obj
                0x08003488                HAL_DMA_IRQHandler
 .text.DMA_SetConfig
                0x0800379c       0x5c CMakeFiles/cleaner.dir/Drivers/STM32F4xx_HAL_Driver/Src/stm32f4xx_hal_dma.c.obj
 .text.DMA_CalcBaseAndBitshift
                0x080037f8       0x6c CMakeFiles/cleaner.dir/Drivers/STM32F4xx_HAL_Driver/Src/stm32f4xx_hal_dma.c.obj
 .text.DMA_CheckFifoParam
                0x08003864       0xf8 CMakeFiles/cleaner.dir/Drivers/STM32F4xx_HAL_Driver/Src/stm32f4xx_hal_dma.c.obj
 .text.__NVIC_SetPriorityGrouping
                0x0800395c       0x48 CMakeFiles/cleaner.dir/Drivers/STM32F4xx_HAL_Driver/Src/stm32f4xx_hal_cortex.c.obj
 .text.__NVIC_GetPriorityGrouping
                0x080039a4       0x1c CMakeFiles/cleaner.dir/Drivers/STM32F4xx_HAL_Driver/Src/stm32f4xx_hal_cortex.c.obj
 .text.__NVIC_EnableIRQ
                0x080039c0       0x3c CMakeFiles/cleaner.dir/Drivers/STM32F4xx_HAL_Driver/Src/stm32f4xx_hal_cortex.c.obj
 .text.__NVIC_SetPriority
                0x080039fc       0x54 CMakeFiles/cleaner.dir/Drivers/STM32F4xx_HAL_Driver/Src/stm32f4xx_hal_cortex.c.obj
 .text.NVIC_EncodePriority
                0x08003a50       0x66 CMakeFiles/cleaner.dir/Drivers/STM32F4xx_HAL_Driver/Src/stm32f4xx_hal_cortex.c.obj
 .text.HAL_NVIC_SetPriorityGrouping
                0x08003ab6       0x16 CMakeFiles/cleaner.dir/Drivers/STM32F4xx_HAL_Driver/Src/stm32f4xx_hal_cortex.c.obj
                0x08003ab6                HAL_NVIC_SetPriorityGrouping
 .text.HAL_NVIC_SetPriority
                0x08003acc       0x38 CMakeFiles/cleaner.dir/Drivers/STM32F4xx_HAL_Driver/Src/stm32f4xx_hal_cortex.c.obj
                0x08003acc                HAL_NVIC_SetPriority
 .text.HAL_NVIC_EnableIRQ
                0x08003b04       0x1c CMakeFiles/cleaner.dir/Drivers/STM32F4xx_HAL_Driver/Src/stm32f4xx_hal_cortex.c.obj
                0x08003b04                HAL_NVIC_EnableIRQ
 .text.HAL_Init
                0x08003b20       0x44 CMakeFiles/cleaner.dir/Drivers/STM32F4xx_HAL_Driver/Src/stm32f4xx_hal.c.obj
                0x08003b20                HAL_Init
 .text.HAL_IncTick
                0x08003b64       0x28 CMakeFiles/cleaner.dir/Drivers/STM32F4xx_HAL_Driver/Src/stm32f4xx_hal.c.obj
                0x08003b64                HAL_IncTick
 .text.HAL_GetTick
                0x08003b8c       0x18 CMakeFiles/cleaner.dir/Drivers/STM32F4xx_HAL_Driver/Src/stm32f4xx_hal.c.obj
                0x08003b8c                HAL_GetTick
 .text.HAL_TIM_Base_Init
                0x08003ba4       0x9e CMakeFiles/cleaner.dir/Drivers/STM32F4xx_HAL_Driver/Src/stm32f4xx_hal_tim.c.obj
                0x08003ba4                HAL_TIM_Base_Init
 *fill*         0x08003c42        0x2 
 .text.HAL_TIM_Base_Start_IT
                0x08003c44       0xe0 CMakeFiles/cleaner.dir/Drivers/STM32F4xx_HAL_Driver/Src/stm32f4xx_hal_tim.c.obj
                0x08003c44                HAL_TIM_Base_Start_IT
 .text.HAL_TIM_PWM_Init
                0x08003d24       0x9e CMakeFiles/cleaner.dir/Drivers/STM32F4xx_HAL_Driver/Src/stm32f4xx_hal_tim.c.obj
                0x08003d24                HAL_TIM_PWM_Init
 *fill*         0x08003dc2        0x2 
 .text.HAL_TIM_PWM_Start
                0x08003dc4      0x190 CMakeFiles/cleaner.dir/Drivers/STM32F4xx_HAL_Driver/Src/stm32f4xx_hal_tim.c.obj
                0x08003dc4                HAL_TIM_PWM_Start
 .text.HAL_TIM_IRQHandler
                0x08003f54      0x1e0 CMakeFiles/cleaner.dir/Drivers/STM32F4xx_HAL_Driver/Src/stm32f4xx_hal_tim.c.obj
                0x08003f54                HAL_TIM_IRQHandler
 .text.HAL_TIM_PWM_ConfigChannel
                0x08004134      0x184 CMakeFiles/cleaner.dir/Drivers/STM32F4xx_HAL_Driver/Src/stm32f4xx_hal_tim.c.obj
                0x08004134                HAL_TIM_PWM_ConfigChannel
 .text.HAL_TIM_OC_DelayElapsedCallback
                0x080042b8       0x14 CMakeFiles/cleaner.dir/Drivers/STM32F4xx_HAL_Driver/Src/stm32f4xx_hal_tim.c.obj
                0x080042b8                HAL_TIM_OC_DelayElapsedCallback
 .text.HAL_TIM_IC_CaptureCallback
                0x080042cc       0x14 CMakeFiles/cleaner.dir/Drivers/STM32F4xx_HAL_Driver/Src/stm32f4xx_hal_tim.c.obj
                0x080042cc                HAL_TIM_IC_CaptureCallback
 .text.HAL_TIM_PWM_PulseFinishedCallback
                0x080042e0       0x14 CMakeFiles/cleaner.dir/Drivers/STM32F4xx_HAL_Driver/Src/stm32f4xx_hal_tim.c.obj
                0x080042e0                HAL_TIM_PWM_PulseFinishedCallback
 .text.HAL_TIM_TriggerCallback
                0x080042f4       0x14 CMakeFiles/cleaner.dir/Drivers/STM32F4xx_HAL_Driver/Src/stm32f4xx_hal_tim.c.obj
                0x080042f4                HAL_TIM_TriggerCallback
 .text.TIM_Base_SetConfig
                0x08004308      0x158 CMakeFiles/cleaner.dir/Drivers/STM32F4xx_HAL_Driver/Src/stm32f4xx_hal_tim.c.obj
                0x08004308                TIM_Base_SetConfig
 .text.TIM_OC1_SetConfig
                0x08004460       0xe0 CMakeFiles/cleaner.dir/Drivers/STM32F4xx_HAL_Driver/Src/stm32f4xx_hal_tim.c.obj
 .text.TIM_OC2_SetConfig
                0x08004540       0xec CMakeFiles/cleaner.dir/Drivers/STM32F4xx_HAL_Driver/Src/stm32f4xx_hal_tim.c.obj
                0x08004540                TIM_OC2_SetConfig
 .text.TIM_OC3_SetConfig
                0x0800462c       0xe8 CMakeFiles/cleaner.dir/Drivers/STM32F4xx_HAL_Driver/Src/stm32f4xx_hal_tim.c.obj
 .text.TIM_OC4_SetConfig
                0x08004714       0xac CMakeFiles/cleaner.dir/Drivers/STM32F4xx_HAL_Driver/Src/stm32f4xx_hal_tim.c.obj
 .text.TIM_CCxChannelCmd
                0x080047c0       0x4a CMakeFiles/cleaner.dir/Drivers/STM32F4xx_HAL_Driver/Src/stm32f4xx_hal_tim.c.obj
                0x080047c0                TIM_CCxChannelCmd
 *fill*         0x0800480a        0x2 
 .text.HAL_TIMEx_MasterConfigSynchronization
                0x0800480c       0xf8 CMakeFiles/cleaner.dir/Drivers/STM32F4xx_HAL_Driver/Src/stm32f4xx_hal_tim_ex.c.obj
                0x0800480c                HAL_TIMEx_MasterConfigSynchronization
 .text.HAL_TIMEx_ConfigBreakDeadTime
                0x08004904       0xa4 CMakeFiles/cleaner.dir/Drivers/STM32F4xx_HAL_Driver/Src/stm32f4xx_hal_tim_ex.c.obj
                0x08004904                HAL_TIMEx_ConfigBreakDeadTime
 .text.HAL_TIMEx_CommutCallback
                0x080049a8       0x14 CMakeFiles/cleaner.dir/Drivers/STM32F4xx_HAL_Driver/Src/stm32f4xx_hal_tim_ex.c.obj
                0x080049a8                HAL_TIMEx_CommutCallback
 .text.HAL_TIMEx_BreakCallback
                0x080049bc       0x14 CMakeFiles/cleaner.dir/Drivers/STM32F4xx_HAL_Driver/Src/stm32f4xx_hal_tim_ex.c.obj
                0x080049bc                HAL_TIMEx_BreakCallback
 .text.HAL_UART_Init
                0x080049d0       0xa0 CMakeFiles/cleaner.dir/Drivers/STM32F4xx_HAL_Driver/Src/stm32f4xx_hal_uart.c.obj
                0x080049d0                HAL_UART_Init
 .text.HAL_UART_Receive_DMA
                0x08004a70       0x4a CMakeFiles/cleaner.dir/Drivers/STM32F4xx_HAL_Driver/Src/stm32f4xx_hal_uart.c.obj
                0x08004a70                HAL_UART_Receive_DMA
 .text.HAL_UART_DMAStop
                0x08004aba       0xfe CMakeFiles/cleaner.dir/Drivers/STM32F4xx_HAL_Driver/Src/stm32f4xx_hal_uart.c.obj
                0x08004aba                HAL_UART_DMAStop
 .text.HAL_UART_RxCpltCallback
                0x08004bb8       0x14 CMakeFiles/cleaner.dir/Drivers/STM32F4xx_HAL_Driver/Src/stm32f4xx_hal_uart.c.obj
                0x08004bb8                HAL_UART_RxCpltCallback
 .text.HAL_UART_RxHalfCpltCallback
                0x08004bcc       0x14 CMakeFiles/cleaner.dir/Drivers/STM32F4xx_HAL_Driver/Src/stm32f4xx_hal_uart.c.obj
                0x08004bcc                HAL_UART_RxHalfCpltCallback
 .text.HAL_UART_ErrorCallback
                0x08004be0       0x14 CMakeFiles/cleaner.dir/Drivers/STM32F4xx_HAL_Driver/Src/stm32f4xx_hal_uart.c.obj
                0x08004be0                HAL_UART_ErrorCallback
 .text.HAL_UARTEx_RxEventCallback
                0x08004bf4       0x18 CMakeFiles/cleaner.dir/Drivers/STM32F4xx_HAL_Driver/Src/stm32f4xx_hal_uart.c.obj
                0x08004bf4                HAL_UARTEx_RxEventCallback
 .text.UART_DMAReceiveCplt
                0x08004c0c      0x12c CMakeFiles/cleaner.dir/Drivers/STM32F4xx_HAL_Driver/Src/stm32f4xx_hal_uart.c.obj
 .text.UART_DMARxHalfCplt
                0x08004d38       0x3c CMakeFiles/cleaner.dir/Drivers/STM32F4xx_HAL_Driver/Src/stm32f4xx_hal_uart.c.obj
 .text.UART_DMAError
                0x08004d74       0x94 CMakeFiles/cleaner.dir/Drivers/STM32F4xx_HAL_Driver/Src/stm32f4xx_hal_uart.c.obj
 .text.UART_Start_Receive_DMA
                0x08004e08      0x134 CMakeFiles/cleaner.dir/Drivers/STM32F4xx_HAL_Driver/Src/stm32f4xx_hal_uart.c.obj
                0x08004e08                UART_Start_Receive_DMA
 .text.UART_EndTxTransfer
                0x08004f3c       0x50 CMakeFiles/cleaner.dir/Drivers/STM32F4xx_HAL_Driver/Src/stm32f4xx_hal_uart.c.obj
 .text.UART_EndRxTransfer
                0x08004f8c       0xc6 CMakeFiles/cleaner.dir/Drivers/STM32F4xx_HAL_Driver/Src/stm32f4xx_hal_uart.c.obj
 *fill*         0x08005052        0x2 
 .text.UART_SetConfig
                0x08005054      0x4e8 CMakeFiles/cleaner.dir/Drivers/STM32F4xx_HAL_Driver/Src/stm32f4xx_hal_uart.c.obj
 .text.SystemInit
                0x0800553c       0x24 CMakeFiles/cleaner.dir/Core/Src/system_stm32f4xx.c.obj
                0x0800553c                SystemInit
 .text.vListInitialise
                0x08005560       0x40 CMakeFiles/cleaner.dir/Middlewares/Third_Party/FreeRTOS/Source/list.c.obj
                0x08005560                vListInitialise
 .text.vListInitialiseItem
                0x080055a0       0x1a CMakeFiles/cleaner.dir/Middlewares/Third_Party/FreeRTOS/Source/list.c.obj
                0x080055a0                vListInitialiseItem
 .text.vListInsertEnd
                0x080055ba       0x48 CMakeFiles/cleaner.dir/Middlewares/Third_Party/FreeRTOS/Source/list.c.obj
                0x080055ba                vListInsertEnd
 .text.vListInsert
                0x08005602       0x72 CMakeFiles/cleaner.dir/Middlewares/Third_Party/FreeRTOS/Source/list.c.obj
                0x08005602                vListInsert
 .text.uxListRemove
                0x08005674       0x54 CMakeFiles/cleaner.dir/Middlewares/Third_Party/FreeRTOS/Source/list.c.obj
                0x08005674                uxListRemove
 .text.xQueueGenericReset
                0x080056c8       0xd0 CMakeFiles/cleaner.dir/Middlewares/Third_Party/FreeRTOS/Source/queue.c.obj
                0x080056c8                xQueueGenericReset
 .text.xQueueGenericCreateStatic
                0x08005798       0xf0 CMakeFiles/cleaner.dir/Middlewares/Third_Party/FreeRTOS/Source/queue.c.obj
                0x08005798                xQueueGenericCreateStatic
 .text.prvInitialiseNewQueue
                0x08005888       0x3e CMakeFiles/cleaner.dir/Middlewares/Third_Party/FreeRTOS/Source/queue.c.obj
 *fill*         0x080058c6        0x2 
 .text.xQueueGenericSend
                0x080058c8      0x1fc CMakeFiles/cleaner.dir/Middlewares/Third_Party/FreeRTOS/Source/queue.c.obj
                0x080058c8                xQueueGenericSend
 .text.xQueueGenericSendFromISR
                0x08005ac4      0x136 CMakeFiles/cleaner.dir/Middlewares/Third_Party/FreeRTOS/Source/queue.c.obj
                0x08005ac4                xQueueGenericSendFromISR
 *fill*         0x08005bfa        0x2 
 .text.xQueueReceive
                0x08005bfc      0x1c0 CMakeFiles/cleaner.dir/Middlewares/Third_Party/FreeRTOS/Source/queue.c.obj
                0x08005bfc                xQueueReceive
 .text.prvCopyDataToQueue
                0x08005dbc       0xd4 CMakeFiles/cleaner.dir/Middlewares/Third_Party/FreeRTOS/Source/queue.c.obj
 .text.prvCopyDataFromQueue
                0x08005e90       0x4c CMakeFiles/cleaner.dir/Middlewares/Third_Party/FreeRTOS/Source/queue.c.obj
 .text.prvUnlockQueue
                0x08005edc       0xa4 CMakeFiles/cleaner.dir/Middlewares/Third_Party/FreeRTOS/Source/queue.c.obj
 .text.prvIsQueueEmpty
                0x08005f80       0x2c CMakeFiles/cleaner.dir/Middlewares/Third_Party/FreeRTOS/Source/queue.c.obj
 .text.prvIsQueueFull
                0x08005fac       0x30 CMakeFiles/cleaner.dir/Middlewares/Third_Party/FreeRTOS/Source/queue.c.obj
 .text.vQueueAddToRegistry
                0x08005fdc       0x54 CMakeFiles/cleaner.dir/Middlewares/Third_Party/FreeRTOS/Source/queue.c.obj
                0x08005fdc                vQueueAddToRegistry
 .text.vQueueWaitForMessageRestricted
                0x08006030       0x68 CMakeFiles/cleaner.dir/Middlewares/Third_Party/FreeRTOS/Source/queue.c.obj
                0x08006030                vQueueWaitForMessageRestricted
 .text.xTaskCreateStatic
                0x08006098       0xba CMakeFiles/cleaner.dir/Middlewares/Third_Party/FreeRTOS/Source/tasks.c.obj
                0x08006098                xTaskCreateStatic
 .text.xTaskCreate
                0x08006152       0x8a CMakeFiles/cleaner.dir/Middlewares/Third_Party/FreeRTOS/Source/tasks.c.obj
                0x08006152                xTaskCreate
 .text.prvInitialiseNewTask
                0x080061dc      0x126 CMakeFiles/cleaner.dir/Middlewares/Third_Party/FreeRTOS/Source/tasks.c.obj
 *fill*         0x08006302        0x2 
 .text.prvAddNewTaskToReadyList
                0x08006304       0xd4 CMakeFiles/cleaner.dir/Middlewares/Third_Party/FreeRTOS/Source/tasks.c.obj
 .text.vTaskDelay
                0x080063d8       0x68 CMakeFiles/cleaner.dir/Middlewares/Third_Party/FreeRTOS/Source/tasks.c.obj
                0x080063d8                vTaskDelay
 .text.vTaskStartScheduler
                0x08006440       0xcc CMakeFiles/cleaner.dir/Middlewares/Third_Party/FreeRTOS/Source/tasks.c.obj
                0x08006440                vTaskStartScheduler
 .text.vTaskSuspendAll
                0x0800650c       0x1c CMakeFiles/cleaner.dir/Middlewares/Third_Party/FreeRTOS/Source/tasks.c.obj
                0x0800650c                vTaskSuspendAll
 .text.xTaskResumeAll
                0x08006528      0x138 CMakeFiles/cleaner.dir/Middlewares/Third_Party/FreeRTOS/Source/tasks.c.obj
                0x08006528                xTaskResumeAll
 .text.xTaskGetTickCount
                0x08006660       0x20 CMakeFiles/cleaner.dir/Middlewares/Third_Party/FreeRTOS/Source/tasks.c.obj
                0x08006660                xTaskGetTickCount
 .text.xTaskIncrementTick
                0x08006680      0x170 CMakeFiles/cleaner.dir/Middlewares/Third_Party/FreeRTOS/Source/tasks.c.obj
                0x08006680                xTaskIncrementTick
 .text.vTaskSwitchContext
                0x080067f0       0xb8 CMakeFiles/cleaner.dir/Middlewares/Third_Party/FreeRTOS/Source/tasks.c.obj
                0x080067f0                vTaskSwitchContext
 .text.vTaskPlaceOnEventList
                0x080068a8       0x48 CMakeFiles/cleaner.dir/Middlewares/Third_Party/FreeRTOS/Source/tasks.c.obj
                0x080068a8                vTaskPlaceOnEventList
 .text.vTaskPlaceOnEventListRestricted
                0x080068f0       0x58 CMakeFiles/cleaner.dir/Middlewares/Third_Party/FreeRTOS/Source/tasks.c.obj
                0x080068f0                vTaskPlaceOnEventListRestricted
 .text.xTaskRemoveFromEventList
                0x08006948       0xc4 CMakeFiles/cleaner.dir/Middlewares/Third_Party/FreeRTOS/Source/tasks.c.obj
                0x08006948                xTaskRemoveFromEventList
 .text.vTaskInternalSetTimeOutState
                0x08006a0c       0x2c CMakeFiles/cleaner.dir/Middlewares/Third_Party/FreeRTOS/Source/tasks.c.obj
                0x08006a0c                vTaskInternalSetTimeOutState
 .text.xTaskCheckForTimeOut
                0x08006a38       0xe4 CMakeFiles/cleaner.dir/Middlewares/Third_Party/FreeRTOS/Source/tasks.c.obj
                0x08006a38                xTaskCheckForTimeOut
 .text.vTaskMissedYield
                0x08006b1c       0x18 CMakeFiles/cleaner.dir/Middlewares/Third_Party/FreeRTOS/Source/tasks.c.obj
                0x08006b1c                vTaskMissedYield
 .text.prvIdleTask
                0x08006b34       0x30 CMakeFiles/cleaner.dir/Middlewares/Third_Party/FreeRTOS/Source/tasks.c.obj
 .text.prvInitialiseTaskLists
                0x08006b64       0x80 CMakeFiles/cleaner.dir/Middlewares/Third_Party/FreeRTOS/Source/tasks.c.obj
 .text.prvCheckTasksWaitingTermination
                0x08006be4       0x5c CMakeFiles/cleaner.dir/Middlewares/Third_Party/FreeRTOS/Source/tasks.c.obj
 .text.prvDeleteTCB
                0x08006c40       0x5e CMakeFiles/cleaner.dir/Middlewares/Third_Party/FreeRTOS/Source/tasks.c.obj
 *fill*         0x08006c9e        0x2 
 .text.prvResetNextTaskUnblockTime
                0x08006ca0       0x40 CMakeFiles/cleaner.dir/Middlewares/Third_Party/FreeRTOS/Source/tasks.c.obj
 .text.xTaskGetSchedulerState
                0x08006ce0       0x3c CMakeFiles/cleaner.dir/Middlewares/Third_Party/FreeRTOS/Source/tasks.c.obj
                0x08006ce0                xTaskGetSchedulerState
 .text.xTaskPriorityDisinherit
                0x08006d1c      0x10c CMakeFiles/cleaner.dir/Middlewares/Third_Party/FreeRTOS/Source/tasks.c.obj
                0x08006d1c                xTaskPriorityDisinherit
 .text.prvAddCurrentTaskToDelayedList
                0x08006e28       0xd4 CMakeFiles/cleaner.dir/Middlewares/Third_Party/FreeRTOS/Source/tasks.c.obj
 .text.xTimerCreateTimerTask
                0x08006efc       0x90 CMakeFiles/cleaner.dir/Middlewares/Third_Party/FreeRTOS/Source/timers.c.obj
                0x08006efc                xTimerCreateTimerTask
 .text.xTimerGenericCommand
                0x08006f8c       0x9c CMakeFiles/cleaner.dir/Middlewares/Third_Party/FreeRTOS/Source/timers.c.obj
                0x08006f8c                xTimerGenericCommand
 .text.prvProcessExpiredTimer
                0x08007028       0x98 CMakeFiles/cleaner.dir/Middlewares/Third_Party/FreeRTOS/Source/timers.c.obj
 .text.prvTimerTask
                0x080070c0       0x24 CMakeFiles/cleaner.dir/Middlewares/Third_Party/FreeRTOS/Source/timers.c.obj
 .text.prvProcessTimerOrBlockTask
                0x080070e4       0x9c CMakeFiles/cleaner.dir/Middlewares/Third_Party/FreeRTOS/Source/timers.c.obj
 .text.prvGetNextExpireTime
                0x08007180       0x48 CMakeFiles/cleaner.dir/Middlewares/Third_Party/FreeRTOS/Source/timers.c.obj
 .text.prvSampleTimeNow
                0x080071c8       0x40 CMakeFiles/cleaner.dir/Middlewares/Third_Party/FreeRTOS/Source/timers.c.obj
 .text.prvInsertTimerInActiveList
                0x08007208       0x84 CMakeFiles/cleaner.dir/Middlewares/Third_Party/FreeRTOS/Source/timers.c.obj
 .text.prvProcessReceivedCommands
                0x0800728c      0x1c4 CMakeFiles/cleaner.dir/Middlewares/Third_Party/FreeRTOS/Source/timers.c.obj
 .text.prvSwitchTimerLists
                0x08007450       0xc8 CMakeFiles/cleaner.dir/Middlewares/Third_Party/FreeRTOS/Source/timers.c.obj
 .text.prvCheckForValidListAndQueue
                0x08007518       0x80 CMakeFiles/cleaner.dir/Middlewares/Third_Party/FreeRTOS/Source/timers.c.obj
 .text.makeFreeRtosPriority
                0x08007598       0x30 CMakeFiles/cleaner.dir/Middlewares/Third_Party/FreeRTOS/Source/CMSIS_RTOS/cmsis_os.c.obj
 .text.osKernelStart
                0x080075c8        0xe CMakeFiles/cleaner.dir/Middlewares/Third_Party/FreeRTOS/Source/CMSIS_RTOS/cmsis_os.c.obj
                0x080075c8                osKernelStart
 .text.osThreadCreate
                0x080075d6       0x98 CMakeFiles/cleaner.dir/Middlewares/Third_Party/FreeRTOS/Source/CMSIS_RTOS/cmsis_os.c.obj
                0x080075d6                osThreadCreate
 .text.osDelay  0x0800766e       0x28 CMakeFiles/cleaner.dir/Middlewares/Third_Party/FreeRTOS/Source/CMSIS_RTOS/cmsis_os.c.obj
                0x0800766e                osDelay
 *fill*         0x08007696        0x2 
 .text.pvPortMalloc
                0x08007698      0x198 CMakeFiles/cleaner.dir/Middlewares/Third_Party/FreeRTOS/Source/portable/MemMang/heap_4.c.obj
                0x08007698                pvPortMalloc
 .text.vPortFree
                0x08007830       0xc4 CMakeFiles/cleaner.dir/Middlewares/Third_Party/FreeRTOS/Source/portable/MemMang/heap_4.c.obj
                0x08007830                vPortFree
 .text.prvHeapInit
                0x080078f4       0xc4 CMakeFiles/cleaner.dir/Middlewares/Third_Party/FreeRTOS/Source/portable/MemMang/heap_4.c.obj
 .text.prvInsertBlockIntoFreeList
                0x080079b8       0xb4 CMakeFiles/cleaner.dir/Middlewares/Third_Party/FreeRTOS/Source/portable/MemMang/heap_4.c.obj
 .text.pxPortInitialiseStack
                0x08007a6c       0x68 CMakeFiles/cleaner.dir/Middlewares/Third_Party/FreeRTOS/Source/portable/GCC/ARM_CM4F/port.c.obj
                0x08007a6c                pxPortInitialiseStack
 .text.prvTaskExitError
                0x08007ad4       0x58 CMakeFiles/cleaner.dir/Middlewares/Third_Party/FreeRTOS/Source/portable/GCC/ARM_CM4F/port.c.obj
 *fill*         0x08007b2c        0x4 
 .text.SVC_Handler
                0x08007b30       0x28 CMakeFiles/cleaner.dir/Middlewares/Third_Party/FreeRTOS/Source/portable/GCC/ARM_CM4F/port.c.obj
                0x08007b30                SVC_Handler
 .text.prvPortStartFirstTask
                0x08007b58       0x28 CMakeFiles/cleaner.dir/Middlewares/Third_Party/FreeRTOS/Source/portable/GCC/ARM_CM4F/port.c.obj
 .text.xPortStartScheduler
                0x08007b80      0x144 CMakeFiles/cleaner.dir/Middlewares/Third_Party/FreeRTOS/Source/portable/GCC/ARM_CM4F/port.c.obj
                0x08007b80                xPortStartScheduler
 .text.vPortEnterCritical
                0x08007cc4       0x60 CMakeFiles/cleaner.dir/Middlewares/Third_Party/FreeRTOS/Source/portable/GCC/ARM_CM4F/port.c.obj
                0x08007cc4                vPortEnterCritical
 .text.vPortExitCritical
                0x08007d24       0x54 CMakeFiles/cleaner.dir/Middlewares/Third_Party/FreeRTOS/Source/portable/GCC/ARM_CM4F/port.c.obj
                0x08007d24                vPortExitCritical
 *fill*         0x08007d78        0x8 
 .text.PendSV_Handler
                0x08007d80       0x68 CMakeFiles/cleaner.dir/Middlewares/Third_Party/FreeRTOS/Source/portable/GCC/ARM_CM4F/port.c.obj
                0x08007d80                PendSV_Handler
 .text.SysTick_Handler
                0x08007de8       0x44 CMakeFiles/cleaner.dir/Middlewares/Third_Party/FreeRTOS/Source/portable/GCC/ARM_CM4F/port.c.obj
                0x08007de8                SysTick_Handler
 .text.vPortSetupTimerInterrupt
                0x08007e2c       0x48 CMakeFiles/cleaner.dir/Middlewares/Third_Party/FreeRTOS/Source/portable/GCC/ARM_CM4F/port.c.obj
                0x08007e2c                vPortSetupTimerInterrupt
 .text.vPortEnableVFP
                0x08007e74       0x14 CMakeFiles/cleaner.dir/Middlewares/Third_Party/FreeRTOS/Source/portable/GCC/ARM_CM4F/port.c.obj
 .text.vPortValidateInterruptPriority
                0x08007e88       0x80 CMakeFiles/cleaner.dir/Middlewares/Third_Party/FreeRTOS/Source/portable/GCC/ARM_CM4F/port.c.obj
                0x08007e88                vPortValidateInterruptPriority
 .text.Reset_Handler
                0x08007f08       0x50 CMakeFiles/cleaner.dir/startup_stm32f407xx.s.obj
                0x08007f08                Reset_Handler
 .text.Default_Handler
                0x08007f58        0x2 CMakeFiles/cleaner.dir/startup_stm32f407xx.s.obj
                0x08007f58                RTC_Alarm_IRQHandler
                0x08007f58                HASH_RNG_IRQHandler
                0x08007f58                EXTI2_IRQHandler
                0x08007f58                TIM8_CC_IRQHandler
                0x08007f58                TIM1_CC_IRQHandler
                0x08007f58                DMA2_Stream5_IRQHandler
                0x08007f58                DMA1_Stream5_IRQHandler
                0x08007f58                PVD_IRQHandler
                0x08007f58                SDIO_IRQHandler
                0x08007f58                TAMP_STAMP_IRQHandler
                0x08007f58                CAN2_RX1_IRQHandler
                0x08007f58                EXTI3_IRQHandler
                0x08007f58                TIM8_TRG_COM_TIM14_IRQHandler
                0x08007f58                TIM8_UP_TIM13_IRQHandler
                0x08007f58                I2C3_ER_IRQHandler
                0x08007f58                EXTI0_IRQHandler
                0x08007f58                I2C2_EV_IRQHandler
                0x08007f58                DMA1_Stream2_IRQHandler
                0x08007f58                CAN1_RX0_IRQHandler
                0x08007f58                FPU_IRQHandler
                0x08007f58                OTG_HS_WKUP_IRQHandler
                0x08007f58                CAN2_SCE_IRQHandler
                0x08007f58                SPI1_IRQHandler
                0x08007f58                TIM1_BRK_TIM9_IRQHandler
                0x08007f58                DCMI_IRQHandler
                0x08007f58                CAN2_RX0_IRQHandler
                0x08007f58                DMA2_Stream3_IRQHandler
                0x08007f58                USART6_IRQHandler
                0x08007f58                USART3_IRQHandler
                0x08007f58                CAN1_RX1_IRQHandler
                0x08007f58                UART5_IRQHandler
                0x08007f58                DMA2_Stream0_IRQHandler
                0x08007f58                TIM4_IRQHandler
                0x08007f58                I2C1_EV_IRQHandler
                0x08007f58                DMA1_Stream6_IRQHandler
                0x08007f58                DMA1_Stream1_IRQHandler
                0x08007f58                UART4_IRQHandler
                0x08007f58                TIM3_IRQHandler
                0x08007f58                RCC_IRQHandler
                0x08007f58                TIM8_BRK_TIM12_IRQHandler
                0x08007f58                Default_Handler
                0x08007f58                EXTI15_10_IRQHandler
                0x08007f58                ADC_IRQHandler
                0x08007f58                DMA1_Stream7_IRQHandler
                0x08007f58                TIM7_IRQHandler
                0x08007f58                CAN2_TX_IRQHandler
                0x08007f58                TIM5_IRQHandler
                0x08007f58                DMA2_Stream7_IRQHandler
                0x08007f58                I2C3_EV_IRQHandler
                0x08007f58                EXTI9_5_IRQHandler
                0x08007f58                RTC_WKUP_IRQHandler
                0x08007f58                ETH_WKUP_IRQHandler
                0x08007f58                SPI2_IRQHandler
                0x08007f58                OTG_HS_EP1_IN_IRQHandler
                0x08007f58                DMA1_Stream0_IRQHandler
                0x08007f58                CAN1_TX_IRQHandler
                0x08007f58                EXTI4_IRQHandler
                0x08007f58                FSMC_IRQHandler
                0x08007f58                ETH_IRQHandler
                0x08007f58                OTG_HS_EP1_OUT_IRQHandler
                0x08007f58                WWDG_IRQHandler
                0x08007f58                TIM2_IRQHandler
                0x08007f58                OTG_FS_WKUP_IRQHandler
                0x08007f58                TIM1_TRG_COM_TIM11_IRQHandler
                0x08007f58                OTG_HS_IRQHandler
                0x08007f58                EXTI1_IRQHandler
                0x08007f58                USART2_IRQHandler
                0x08007f58                I2C2_ER_IRQHandler
                0x08007f58                DMA2_Stream1_IRQHandler
                0x08007f58                CAN1_SCE_IRQHandler
                0x08007f58                FLASH_IRQHandler
                0x08007f58                DMA2_Stream4_IRQHandler
                0x08007f58                OTG_FS_IRQHandler
                0x08007f58                SPI3_IRQHandler
                0x08007f58                DMA1_Stream4_IRQHandler
                0x08007f58                I2C1_ER_IRQHandler
                0x08007f58                DMA2_Stream6_IRQHandler
                0x08007f58                DMA1_Stream3_IRQHandler
 .text.memcpy   0x08007f5a       0x1c d:/dev_env/gcc-arm-none-eabi/10 2021.10/bin/../lib/gcc/arm-none-eabi/10.3.1/../../../../arm-none-eabi/lib/thumb/v7e-m+fp/hard\libg_nano.a(lib_a-memcpy-stub.o)
                0x08007f5a                memcpy
 *(.glue_7)
 .glue_7        0x08007f76        0x0 linker stubs
 *(.glue_7t)
 .glue_7t       0x08007f76        0x0 linker stubs
 *(.eh_frame)
 *fill*         0x08007f76        0x2 
 .eh_frame      0x08007f78        0x0 d:/dev_env/gcc-arm-none-eabi/10 2021.10/bin/../lib/gcc/arm-none-eabi/10.3.1/thumb/v7e-m+fp/hard/crtbegin.o
 *(.init)
 .init          0x08007f78        0x4 d:/dev_env/gcc-arm-none-eabi/10 2021.10/bin/../lib/gcc/arm-none-eabi/10.3.1/thumb/v7e-m+fp/hard/crti.o
                0x08007f78                _init
 .init          0x08007f7c        0x8 d:/dev_env/gcc-arm-none-eabi/10 2021.10/bin/../lib/gcc/arm-none-eabi/10.3.1/thumb/v7e-m+fp/hard/crtn.o
 *(.fini)
 .fini          0x08007f84        0x4 d:/dev_env/gcc-arm-none-eabi/10 2021.10/bin/../lib/gcc/arm-none-eabi/10.3.1/thumb/v7e-m+fp/hard/crti.o
                0x08007f84                _fini
 .fini          0x08007f88        0x8 d:/dev_env/gcc-arm-none-eabi/10 2021.10/bin/../lib/gcc/arm-none-eabi/10.3.1/thumb/v7e-m+fp/hard/crtn.o
                0x08007f90                . = ALIGN (0x4)
                0x08007f90                _etext = .

.vfp11_veneer   0x08007f90        0x0
 .vfp11_veneer  0x08007f90        0x0 linker stubs

.v4_bx          0x08007f90        0x0
 .v4_bx         0x08007f90        0x0 linker stubs

.iplt           0x08007f90        0x0
 .iplt          0x08007f90        0x0 d:/dev_env/gcc-arm-none-eabi/10 2021.10/bin/../lib/gcc/arm-none-eabi/10.3.1/thumb/v7e-m+fp/hard/crtbegin.o

.rodata         0x08007f90       0xf0
                0x08007f90                . = ALIGN (0x4)
 *(.rodata)
 .rodata        0x08007f90       0xb8 CMakeFiles/cleaner.dir/Core/Src/freertos.c.obj
 .rodata        0x08008048        0x5 CMakeFiles/cleaner.dir/Middlewares/Third_Party/FreeRTOS/Source/tasks.c.obj
 *fill*         0x0800804d        0x3 
 .rodata        0x08008050        0xd CMakeFiles/cleaner.dir/Middlewares/Third_Party/FreeRTOS/Source/timers.c.obj
 *(.rodata*)
 *fill*         0x0800805d        0x3 
 .rodata.flagBitshiftOffset.0
                0x08008060        0x8 CMakeFiles/cleaner.dir/Drivers/STM32F4xx_HAL_Driver/Src/stm32f4xx_hal_dma.c.obj
 .rodata.AHBPrescTable
                0x08008068       0x10 CMakeFiles/cleaner.dir/Core/Src/system_stm32f4xx.c.obj
                0x08008068                AHBPrescTable
 .rodata.APBPrescTable
                0x08008078        0x8 CMakeFiles/cleaner.dir/Core/Src/system_stm32f4xx.c.obj
                0x08008078                APBPrescTable
                0x08008080                . = ALIGN (0x4)

.ARM.extab
 *(.ARM.extab* .gnu.linkonce.armextab.*)

.ARM            0x08008080        0x8
                0x08008080                __exidx_start = .
 *(.ARM.exidx*)
 .ARM.exidx     0x08008080        0x8 d:/dev_env/gcc-arm-none-eabi/10 2021.10/bin/../lib/gcc/arm-none-eabi/10.3.1/thumb/v7e-m+fp/hard\libgcc.a(_udivmoddi4.o)
                0x08008088                __exidx_end = .

.rel.dyn        0x08008088        0x0
 .rel.iplt      0x08008088        0x0 d:/dev_env/gcc-arm-none-eabi/10 2021.10/bin/../lib/gcc/arm-none-eabi/10.3.1/thumb/v7e-m+fp/hard/crtbegin.o

.preinit_array  0x08008088        0x0
                0x08008088                PROVIDE (__preinit_array_start = .)
 *(.preinit_array*)
                0x08008088                PROVIDE (__preinit_array_end = .)

.init_array     0x08008088        0x4
                0x08008088                PROVIDE (__init_array_start = .)
 *(SORT_BY_NAME(.init_array.*))
 *(.init_array*)
 .init_array    0x08008088        0x4 d:/dev_env/gcc-arm-none-eabi/10 2021.10/bin/../lib/gcc/arm-none-eabi/10.3.1/thumb/v7e-m+fp/hard/crtbegin.o
                0x0800808c                PROVIDE (__init_array_end = .)

.fini_array     0x0800808c        0x4
                [!provide]                PROVIDE (__fini_array_start = .)
 *(SORT_BY_NAME(.fini_array.*))
 *(.fini_array*)
 .fini_array    0x0800808c        0x4 d:/dev_env/gcc-arm-none-eabi/10 2021.10/bin/../lib/gcc/arm-none-eabi/10.3.1/thumb/v7e-m+fp/hard/crtbegin.o
                [!provide]                PROVIDE (__fini_array_end = .)
                0x08008090                _sidata = LOADADDR (.data)

.data           0x20000000       0x10 load address 0x08008090
                0x20000000                . = ALIGN (0x4)
                0x20000000                _sdata = .
 *(.data)
 *(.data*)
 .data.uwTickPrio
                0x20000000        0x4 CMakeFiles/cleaner.dir/Drivers/STM32F4xx_HAL_Driver/Src/stm32f4xx_hal.c.obj
                0x20000000                uwTickPrio
 .data.uwTickFreq
                0x20000004        0x1 CMakeFiles/cleaner.dir/Drivers/STM32F4xx_HAL_Driver/Src/stm32f4xx_hal.c.obj
                0x20000004                uwTickFreq
 *fill*         0x20000005        0x3 
 .data.SystemCoreClock
                0x20000008        0x4 CMakeFiles/cleaner.dir/Core/Src/system_stm32f4xx.c.obj
                0x20000008                SystemCoreClock
 .data.uxCriticalNesting
                0x2000000c        0x4 CMakeFiles/cleaner.dir/Middlewares/Third_Party/FreeRTOS/Source/portable/GCC/ARM_CM4F/port.c.obj
                0x20000010                . = ALIGN (0x4)
                0x20000010                _edata = .
                0x080080a0                _siccmram = LOADADDR (.ccmram)

.igot.plt       0x20000010        0x0 load address 0x080080a0
 .igot.plt      0x20000010        0x0 d:/dev_env/gcc-arm-none-eabi/10 2021.10/bin/../lib/gcc/arm-none-eabi/10.3.1/thumb/v7e-m+fp/hard/crtbegin.o

.ccmram         0x10000000        0x0 load address 0x080080a0
                0x10000000                . = ALIGN (0x4)
                0x10000000                _sccmram = .
 *(.ccmram)
 *(.ccmram*)
                0x10000000                . = ALIGN (0x4)
                0x10000000                _eccmram = .
                0x10000000                . = ALIGN (0x4)

.bss            0x20000010     0x6ea4
                0x20000010                _sbss = .
                0x20000010                __bss_start__ = _sbss
 *(.bss)
 .bss           0x20000010       0x1c d:/dev_env/gcc-arm-none-eabi/10 2021.10/bin/../lib/gcc/arm-none-eabi/10.3.1/thumb/v7e-m+fp/hard/crtbegin.o
 *(.bss*)
 .bss.arm       0x2000002c       0x38 CMakeFiles/cleaner.dir/Application/arm.c.obj
                0x2000002c                arm
 .bss.time      0x20000064        0x4 CMakeFiles/cleaner.dir/Application/arm.c.obj
                0x20000064                time
 .bss.last_state
                0x20000068        0x1 CMakeFiles/cleaner.dir/Application/arm.c.obj
                0x20000068                last_state
 .bss.flag      0x20000069        0x1 CMakeFiles/cleaner.dir/Application/arm.c.obj
                0x20000069                flag
 *fill*         0x2000006a        0x2 
 .bss.chassis   0x2000006c      0x178 CMakeFiles/cleaner.dir/Application/chassis.c.obj
                0x2000006c                chassis
 .bss.forward   0x200001e4       0x18 CMakeFiles/cleaner.dir/Application/distance.c.obj
                0x200001e4                forward
 .bss.left      0x200001fc       0x18 CMakeFiles/cleaner.dir/Application/distance.c.obj
                0x200001fc                left
 .bss.right     0x20000214       0x18 CMakeFiles/cleaner.dir/Application/distance.c.obj
                0x20000214                right
 .bss.dis       0x2000022c       0x10 CMakeFiles/cleaner.dir/Application/distance.c.obj
                0x2000022c                dis
 .bss.upper     0x2000023c       0x54 CMakeFiles/cleaner.dir/Application/upper.c.obj
                0x2000023c                upper
 .bss.rx_buff   0x20000290        0xa CMakeFiles/cleaner.dir/Bsp/bsp_uart.c.obj
                0x20000290                rx_buff
 *fill*         0x2000029a        0x2 
 .bss.defaultTaskHandle
                0x2000029c        0x4 CMakeFiles/cleaner.dir/Core/Src/freertos.c.obj
                0x2000029c                defaultTaskHandle
 .bss.DistanceHandle
                0x200002a0        0x4 CMakeFiles/cleaner.dir/Core/Src/freertos.c.obj
                0x200002a0                DistanceHandle
 .bss.UpperHandle
                0x200002a4        0x4 CMakeFiles/cleaner.dir/Core/Src/freertos.c.obj
                0x200002a4                UpperHandle
 .bss.ChassisHandle
                0x200002a8        0x4 CMakeFiles/cleaner.dir/Core/Src/freertos.c.obj
                0x200002a8                ChassisHandle
 .bss.ArmHandle
                0x200002ac        0x4 CMakeFiles/cleaner.dir/Core/Src/freertos.c.obj
                0x200002ac                ArmHandle
 .bss.xIdleTaskTCBBuffer
                0x200002b0       0x54 CMakeFiles/cleaner.dir/Core/Src/freertos.c.obj
 .bss.xIdleStack
                0x20000304      0x200 CMakeFiles/cleaner.dir/Core/Src/freertos.c.obj
 .bss.xTimerTaskTCBBuffer
                0x20000504       0x54 CMakeFiles/cleaner.dir/Core/Src/freertos.c.obj
 .bss.xTimerStack
                0x20000558      0x400 CMakeFiles/cleaner.dir/Core/Src/freertos.c.obj
 .bss.htim2     0x20000958       0x48 CMakeFiles/cleaner.dir/Core/Src/tim.c.obj
                0x20000958                htim2
 .bss.htim3     0x200009a0       0x48 CMakeFiles/cleaner.dir/Core/Src/tim.c.obj
                0x200009a0                htim3
 .bss.htim4     0x200009e8       0x48 CMakeFiles/cleaner.dir/Core/Src/tim.c.obj
                0x200009e8                htim4
 .bss.htim5     0x20000a30       0x48 CMakeFiles/cleaner.dir/Core/Src/tim.c.obj
                0x20000a30                htim5
 .bss.htim6     0x20000a78       0x48 CMakeFiles/cleaner.dir/Core/Src/tim.c.obj
                0x20000a78                htim6
 .bss.htim8     0x20000ac0       0x48 CMakeFiles/cleaner.dir/Core/Src/tim.c.obj
                0x20000ac0                htim8
 .bss.huart1    0x20000b08       0x48 CMakeFiles/cleaner.dir/Core/Src/usart.c.obj
                0x20000b08                huart1
 .bss.hdma_usart1_rx
                0x20000b50       0x60 CMakeFiles/cleaner.dir/Core/Src/usart.c.obj
                0x20000b50                hdma_usart1_rx
 .bss.htim1     0x20000bb0       0x48 CMakeFiles/cleaner.dir/Core/Src/stm32f4xx_hal_timebase_tim.c.obj
                0x20000bb0                htim1
 .bss.uwTick    0x20000bf8        0x4 CMakeFiles/cleaner.dir/Drivers/STM32F4xx_HAL_Driver/Src/stm32f4xx_hal.c.obj
                0x20000bf8                uwTick
 .bss.xQueueRegistry
                0x20000bfc       0x40 CMakeFiles/cleaner.dir/Middlewares/Third_Party/FreeRTOS/Source/queue.c.obj
                0x20000bfc                xQueueRegistry
 .bss.pxCurrentTCB
                0x20000c3c        0x4 CMakeFiles/cleaner.dir/Middlewares/Third_Party/FreeRTOS/Source/tasks.c.obj
                0x20000c3c                pxCurrentTCB
 .bss.pxReadyTasksLists
                0x20000c40       0x8c CMakeFiles/cleaner.dir/Middlewares/Third_Party/FreeRTOS/Source/tasks.c.obj
 .bss.xDelayedTaskList1
                0x20000ccc       0x14 CMakeFiles/cleaner.dir/Middlewares/Third_Party/FreeRTOS/Source/tasks.c.obj
 .bss.xDelayedTaskList2
                0x20000ce0       0x14 CMakeFiles/cleaner.dir/Middlewares/Third_Party/FreeRTOS/Source/tasks.c.obj
 .bss.pxDelayedTaskList
                0x20000cf4        0x4 CMakeFiles/cleaner.dir/Middlewares/Third_Party/FreeRTOS/Source/tasks.c.obj
 .bss.pxOverflowDelayedTaskList
                0x20000cf8        0x4 CMakeFiles/cleaner.dir/Middlewares/Third_Party/FreeRTOS/Source/tasks.c.obj
 .bss.xPendingReadyList
                0x20000cfc       0x14 CMakeFiles/cleaner.dir/Middlewares/Third_Party/FreeRTOS/Source/tasks.c.obj
 .bss.xTasksWaitingTermination
                0x20000d10       0x14 CMakeFiles/cleaner.dir/Middlewares/Third_Party/FreeRTOS/Source/tasks.c.obj
 .bss.uxDeletedTasksWaitingCleanUp
                0x20000d24        0x4 CMakeFiles/cleaner.dir/Middlewares/Third_Party/FreeRTOS/Source/tasks.c.obj
 .bss.xSuspendedTaskList
                0x20000d28       0x14 CMakeFiles/cleaner.dir/Middlewares/Third_Party/FreeRTOS/Source/tasks.c.obj
 .bss.uxCurrentNumberOfTasks
                0x20000d3c        0x4 CMakeFiles/cleaner.dir/Middlewares/Third_Party/FreeRTOS/Source/tasks.c.obj
 .bss.xTickCount
                0x20000d40        0x4 CMakeFiles/cleaner.dir/Middlewares/Third_Party/FreeRTOS/Source/tasks.c.obj
 .bss.uxTopReadyPriority
                0x20000d44        0x4 CMakeFiles/cleaner.dir/Middlewares/Third_Party/FreeRTOS/Source/tasks.c.obj
 .bss.xSchedulerRunning
                0x20000d48        0x4 CMakeFiles/cleaner.dir/Middlewares/Third_Party/FreeRTOS/Source/tasks.c.obj
 .bss.xPendedTicks
                0x20000d4c        0x4 CMakeFiles/cleaner.dir/Middlewares/Third_Party/FreeRTOS/Source/tasks.c.obj
 .bss.xYieldPending
                0x20000d50        0x4 CMakeFiles/cleaner.dir/Middlewares/Third_Party/FreeRTOS/Source/tasks.c.obj
 .bss.xNumOfOverflows
                0x20000d54        0x4 CMakeFiles/cleaner.dir/Middlewares/Third_Party/FreeRTOS/Source/tasks.c.obj
 .bss.uxTaskNumber
                0x20000d58        0x4 CMakeFiles/cleaner.dir/Middlewares/Third_Party/FreeRTOS/Source/tasks.c.obj
 .bss.xNextTaskUnblockTime
                0x20000d5c        0x4 CMakeFiles/cleaner.dir/Middlewares/Third_Party/FreeRTOS/Source/tasks.c.obj
 .bss.xIdleTaskHandle
                0x20000d60        0x4 CMakeFiles/cleaner.dir/Middlewares/Third_Party/FreeRTOS/Source/tasks.c.obj
 .bss.uxSchedulerSuspended
                0x20000d64        0x4 CMakeFiles/cleaner.dir/Middlewares/Third_Party/FreeRTOS/Source/tasks.c.obj
 .bss.xActiveTimerList1
                0x20000d68       0x14 CMakeFiles/cleaner.dir/Middlewares/Third_Party/FreeRTOS/Source/timers.c.obj
 .bss.xActiveTimerList2
                0x20000d7c       0x14 CMakeFiles/cleaner.dir/Middlewares/Third_Party/FreeRTOS/Source/timers.c.obj
 .bss.pxCurrentTimerList
                0x20000d90        0x4 CMakeFiles/cleaner.dir/Middlewares/Third_Party/FreeRTOS/Source/timers.c.obj
 .bss.pxOverflowTimerList
                0x20000d94        0x4 CMakeFiles/cleaner.dir/Middlewares/Third_Party/FreeRTOS/Source/timers.c.obj
 .bss.xTimerQueue
                0x20000d98        0x4 CMakeFiles/cleaner.dir/Middlewares/Third_Party/FreeRTOS/Source/timers.c.obj
 .bss.xTimerTaskHandle
                0x20000d9c        0x4 CMakeFiles/cleaner.dir/Middlewares/Third_Party/FreeRTOS/Source/timers.c.obj
 .bss.xLastTime.2
                0x20000da0        0x4 CMakeFiles/cleaner.dir/Middlewares/Third_Party/FreeRTOS/Source/timers.c.obj
 .bss.ucStaticTimerQueueStorage.1
                0x20000da4       0xa0 CMakeFiles/cleaner.dir/Middlewares/Third_Party/FreeRTOS/Source/timers.c.obj
 .bss.xStaticTimerQueue.0
                0x20000e44       0x48 CMakeFiles/cleaner.dir/Middlewares/Third_Party/FreeRTOS/Source/timers.c.obj
 .bss.ucHeap    0x20000e8c     0x6000 CMakeFiles/cleaner.dir/Middlewares/Third_Party/FreeRTOS/Source/portable/MemMang/heap_4.c.obj
 .bss.xStart    0x20006e8c        0x8 CMakeFiles/cleaner.dir/Middlewares/Third_Party/FreeRTOS/Source/portable/MemMang/heap_4.c.obj
 .bss.pxEnd     0x20006e94        0x4 CMakeFiles/cleaner.dir/Middlewares/Third_Party/FreeRTOS/Source/portable/MemMang/heap_4.c.obj
 .bss.xFreeBytesRemaining
                0x20006e98        0x4 CMakeFiles/cleaner.dir/Middlewares/Third_Party/FreeRTOS/Source/portable/MemMang/heap_4.c.obj
 .bss.xMinimumEverFreeBytesRemaining
                0x20006e9c        0x4 CMakeFiles/cleaner.dir/Middlewares/Third_Party/FreeRTOS/Source/portable/MemMang/heap_4.c.obj
 .bss.xNumberOfSuccessfulAllocations
                0x20006ea0        0x4 CMakeFiles/cleaner.dir/Middlewares/Third_Party/FreeRTOS/Source/portable/MemMang/heap_4.c.obj
 .bss.xNumberOfSuccessfulFrees
                0x20006ea4        0x4 CMakeFiles/cleaner.dir/Middlewares/Third_Party/FreeRTOS/Source/portable/MemMang/heap_4.c.obj
 .bss.xBlockAllocatedBit
                0x20006ea8        0x4 CMakeFiles/cleaner.dir/Middlewares/Third_Party/FreeRTOS/Source/portable/MemMang/heap_4.c.obj
 .bss.ucMaxSysCallPriority
                0x20006eac        0x1 CMakeFiles/cleaner.dir/Middlewares/Third_Party/FreeRTOS/Source/portable/GCC/ARM_CM4F/port.c.obj
 *fill*         0x20006ead        0x3 
 .bss.ulMaxPRIGROUPValue
                0x20006eb0        0x4 CMakeFiles/cleaner.dir/Middlewares/Third_Party/FreeRTOS/Source/portable/GCC/ARM_CM4F/port.c.obj
 *(COMMON)
                0x20006eb4                . = ALIGN (0x4)
                0x20006eb4                _ebss = .
                0x20006eb4                __bss_end__ = _ebss

._user_heap_stack
                0x20006eb4      0x604
                0x20006eb8                . = ALIGN (0x8)
 *fill*         0x20006eb4        0x4 
                [!provide]                PROVIDE (end = .)
                0x20006eb8                PROVIDE (_end = .)
                0x200070b8                . = (. + _Min_Heap_Size)
 *fill*         0x20006eb8      0x200 
                0x200074b8                . = (. + _Min_Stack_Size)
 *fill*         0x200070b8      0x400 
                0x200074b8                . = ALIGN (0x8)

/DISCARD/
 libc.a(*)
 libm.a(*)
 libgcc.a(*)

.ARM.attributes
                0x00000000       0x30
 *(.ARM.attributes)
 .ARM.attributes
                0x00000000       0x1e d:/dev_env/gcc-arm-none-eabi/10 2021.10/bin/../lib/gcc/arm-none-eabi/10.3.1/thumb/v7e-m+fp/hard/crti.o
 .ARM.attributes
                0x0000001e       0x34 d:/dev_env/gcc-arm-none-eabi/10 2021.10/bin/../lib/gcc/arm-none-eabi/10.3.1/thumb/v7e-m+fp/hard/crtbegin.o
 .ARM.attributes
                0x00000052       0x34 d:/dev_env/gcc-arm-none-eabi/10 2021.10/bin/../lib/gcc/arm-none-eabi/10.3.1/../../../../arm-none-eabi/lib/thumb/v7e-m+fp/hard\libc_nano.a(lib_a-init.o)
 .ARM.attributes
                0x00000086       0x34 d:/dev_env/gcc-arm-none-eabi/10 2021.10/bin/../lib/gcc/arm-none-eabi/10.3.1/../../../../arm-none-eabi/lib/thumb/v7e-m+fp/hard\libc_nano.a(lib_a-memset.o)
 .ARM.attributes
                0x000000ba       0x34 CMakeFiles/cleaner.dir/Application/arm.c.obj
 .ARM.attributes
                0x000000ee       0x34 CMakeFiles/cleaner.dir/Application/chassis.c.obj
 .ARM.attributes
                0x00000122       0x34 CMakeFiles/cleaner.dir/Application/distance.c.obj
 .ARM.attributes
                0x00000156       0x34 CMakeFiles/cleaner.dir/Application/upper.c.obj
 .ARM.attributes
                0x0000018a       0x34 CMakeFiles/cleaner.dir/Bsp/bsp_dwt.c.obj
 .ARM.attributes
                0x000001be       0x34 CMakeFiles/cleaner.dir/Bsp/bsp_uart.c.obj
 .ARM.attributes
                0x000001f2       0x34 CMakeFiles/cleaner.dir/Components/hcsr04.c.obj
 .ARM.attributes
                0x00000226       0x34 CMakeFiles/cleaner.dir/Components/magnet.c.obj
 .ARM.attributes
                0x0000025a       0x34 CMakeFiles/cleaner.dir/Components/motor.c.obj
 .ARM.attributes
                0x0000028e       0x34 CMakeFiles/cleaner.dir/Components/pid.c.obj
 .ARM.attributes
                0x000002c2       0x34 CMakeFiles/cleaner.dir/Components/servo.c.obj
 .ARM.attributes
                0x000002f6       0x34 CMakeFiles/cleaner.dir/Core/Src/main.c.obj
 .ARM.attributes
                0x0000032a       0x34 CMakeFiles/cleaner.dir/Core/Src/gpio.c.obj
 .ARM.attributes
                0x0000035e       0x34 CMakeFiles/cleaner.dir/Core/Src/freertos.c.obj
 .ARM.attributes
                0x00000392       0x34 CMakeFiles/cleaner.dir/Core/Src/dma.c.obj
 .ARM.attributes
                0x000003c6       0x34 CMakeFiles/cleaner.dir/Core/Src/tim.c.obj
 .ARM.attributes
                0x000003fa       0x34 CMakeFiles/cleaner.dir/Core/Src/usart.c.obj
 .ARM.attributes
                0x0000042e       0x34 CMakeFiles/cleaner.dir/Core/Src/stm32f4xx_it.c.obj
 .ARM.attributes
                0x00000462       0x34 CMakeFiles/cleaner.dir/Core/Src/stm32f4xx_hal_msp.c.obj
 .ARM.attributes
                0x00000496       0x34 CMakeFiles/cleaner.dir/Core/Src/stm32f4xx_hal_timebase_tim.c.obj
 .ARM.attributes
                0x000004ca       0x34 CMakeFiles/cleaner.dir/Drivers/STM32F4xx_HAL_Driver/Src/stm32f4xx_hal_rcc.c.obj
 .ARM.attributes
                0x000004fe       0x34 CMakeFiles/cleaner.dir/Drivers/STM32F4xx_HAL_Driver/Src/stm32f4xx_hal_gpio.c.obj
 .ARM.attributes
                0x00000532       0x34 CMakeFiles/cleaner.dir/Drivers/STM32F4xx_HAL_Driver/Src/stm32f4xx_hal_dma.c.obj
 .ARM.attributes
                0x00000566       0x34 CMakeFiles/cleaner.dir/Drivers/STM32F4xx_HAL_Driver/Src/stm32f4xx_hal_cortex.c.obj
 .ARM.attributes
                0x0000059a       0x34 CMakeFiles/cleaner.dir/Drivers/STM32F4xx_HAL_Driver/Src/stm32f4xx_hal.c.obj
 .ARM.attributes
                0x000005ce       0x34 CMakeFiles/cleaner.dir/Drivers/STM32F4xx_HAL_Driver/Src/stm32f4xx_hal_tim.c.obj
 .ARM.attributes
                0x00000602       0x34 CMakeFiles/cleaner.dir/Drivers/STM32F4xx_HAL_Driver/Src/stm32f4xx_hal_tim_ex.c.obj
 .ARM.attributes
                0x00000636       0x34 CMakeFiles/cleaner.dir/Drivers/STM32F4xx_HAL_Driver/Src/stm32f4xx_hal_uart.c.obj
 .ARM.attributes
                0x0000066a       0x34 CMakeFiles/cleaner.dir/Core/Src/system_stm32f4xx.c.obj
 .ARM.attributes
                0x0000069e       0x34 CMakeFiles/cleaner.dir/Middlewares/Third_Party/FreeRTOS/Source/list.c.obj
 .ARM.attributes
                0x000006d2       0x34 CMakeFiles/cleaner.dir/Middlewares/Third_Party/FreeRTOS/Source/queue.c.obj
 .ARM.attributes
                0x00000706       0x34 CMakeFiles/cleaner.dir/Middlewares/Third_Party/FreeRTOS/Source/tasks.c.obj
 .ARM.attributes
                0x0000073a       0x34 CMakeFiles/cleaner.dir/Middlewares/Third_Party/FreeRTOS/Source/timers.c.obj
 .ARM.attributes
                0x0000076e       0x34 CMakeFiles/cleaner.dir/Middlewares/Third_Party/FreeRTOS/Source/CMSIS_RTOS/cmsis_os.c.obj
 .ARM.attributes
                0x000007a2       0x34 CMakeFiles/cleaner.dir/Middlewares/Third_Party/FreeRTOS/Source/portable/MemMang/heap_4.c.obj
 .ARM.attributes
                0x000007d6       0x34 CMakeFiles/cleaner.dir/Middlewares/Third_Party/FreeRTOS/Source/portable/GCC/ARM_CM4F/port.c.obj
 .ARM.attributes
                0x0000080a       0x21 CMakeFiles/cleaner.dir/startup_stm32f407xx.s.obj
 .ARM.attributes
                0x0000082b       0x1e d:/dev_env/gcc-arm-none-eabi/10 2021.10/bin/../lib/gcc/arm-none-eabi/10.3.1/thumb/v7e-m+fp/hard\libgcc.a(_aeabi_uldivmod.o)
 .ARM.attributes
                0x00000849       0x34 d:/dev_env/gcc-arm-none-eabi/10 2021.10/bin/../lib/gcc/arm-none-eabi/10.3.1/thumb/v7e-m+fp/hard\libgcc.a(_udivmoddi4.o)
 .ARM.attributes
                0x0000087d       0x1e d:/dev_env/gcc-arm-none-eabi/10 2021.10/bin/../lib/gcc/arm-none-eabi/10.3.1/thumb/v7e-m+fp/hard\libgcc.a(_dvmd_tls.o)
 .ARM.attributes
                0x0000089b       0x34 d:/dev_env/gcc-arm-none-eabi/10 2021.10/bin/../lib/gcc/arm-none-eabi/10.3.1/../../../../arm-none-eabi/lib/thumb/v7e-m+fp/hard\libg_nano.a(lib_a-memcpy-stub.o)
 .ARM.attributes
                0x000008cf       0x1e d:/dev_env/gcc-arm-none-eabi/10 2021.10/bin/../lib/gcc/arm-none-eabi/10.3.1/thumb/v7e-m+fp/hard/crtn.o
OUTPUT(cleaner.elf elf32-littlearm)
LOAD linker stubs
LOAD d:/dev_env/gcc-arm-none-eabi/10 2021.10/bin/../lib/gcc/arm-none-eabi/10.3.1/../../../../arm-none-eabi/lib/thumb/v7e-m+fp/hard\libc.a
LOAD d:/dev_env/gcc-arm-none-eabi/10 2021.10/bin/../lib/gcc/arm-none-eabi/10.3.1/../../../../arm-none-eabi/lib/thumb/v7e-m+fp/hard\libm.a
LOAD d:/dev_env/gcc-arm-none-eabi/10 2021.10/bin/../lib/gcc/arm-none-eabi/10.3.1/thumb/v7e-m+fp/hard\libgcc.a

.debug_frame    0x00000000     0x5820
 .debug_frame   0x00000000       0x2c d:/dev_env/gcc-arm-none-eabi/10 2021.10/bin/../lib/gcc/arm-none-eabi/10.3.1/../../../../arm-none-eabi/lib/thumb/v7e-m+fp/hard\libc_nano.a(lib_a-init.o)
 .debug_frame   0x0000002c       0x20 d:/dev_env/gcc-arm-none-eabi/10 2021.10/bin/../lib/gcc/arm-none-eabi/10.3.1/../../../../arm-none-eabi/lib/thumb/v7e-m+fp/hard\libc_nano.a(lib_a-memset.o)
 .debug_frame   0x0000004c       0x84 CMakeFiles/cleaner.dir/Application/arm.c.obj
 .debug_frame   0x000000d0       0xc8 CMakeFiles/cleaner.dir/Application/chassis.c.obj
 .debug_frame   0x00000198       0x50 CMakeFiles/cleaner.dir/Application/distance.c.obj
 .debug_frame   0x000001e8       0x70 CMakeFiles/cleaner.dir/Application/upper.c.obj
 .debug_frame   0x00000258       0x80 CMakeFiles/cleaner.dir/Bsp/bsp_dwt.c.obj
 .debug_frame   0x000002d8       0x7c CMakeFiles/cleaner.dir/Bsp/bsp_uart.c.obj
 .debug_frame   0x00000354       0x58 CMakeFiles/cleaner.dir/Components/hcsr04.c.obj
 .debug_frame   0x000003ac       0x60 CMakeFiles/cleaner.dir/Components/magnet.c.obj
 .debug_frame   0x0000040c       0x60 CMakeFiles/cleaner.dir/Components/motor.c.obj
 .debug_frame   0x0000046c       0x5c CMakeFiles/cleaner.dir/Components/pid.c.obj
 .debug_frame   0x000004c8       0x60 CMakeFiles/cleaner.dir/Components/servo.c.obj
 .debug_frame   0x00000528       0x8c CMakeFiles/cleaner.dir/Core/Src/main.c.obj
 .debug_frame   0x000005b4       0x34 CMakeFiles/cleaner.dir/Core/Src/gpio.c.obj
 .debug_frame   0x000005e8      0x12c CMakeFiles/cleaner.dir/Core/Src/freertos.c.obj
 .debug_frame   0x00000714       0x34 CMakeFiles/cleaner.dir/Core/Src/dma.c.obj
 .debug_frame   0x00000748      0x1a4 CMakeFiles/cleaner.dir/Core/Src/tim.c.obj
 .debug_frame   0x000008ec       0x74 CMakeFiles/cleaner.dir/Core/Src/usart.c.obj
 .debug_frame   0x00000960      0x118 CMakeFiles/cleaner.dir/Core/Src/stm32f4xx_it.c.obj
 .debug_frame   0x00000a78       0x34 CMakeFiles/cleaner.dir/Core/Src/stm32f4xx_hal_msp.c.obj
 .debug_frame   0x00000aac       0x74 CMakeFiles/cleaner.dir/Core/Src/stm32f4xx_hal_timebase_tim.c.obj
 .debug_frame   0x00000b20      0x1f4 CMakeFiles/cleaner.dir/Drivers/STM32F4xx_HAL_Driver/Src/stm32f4xx_hal_rcc.c.obj
 .debug_frame   0x00000d14      0x14c CMakeFiles/cleaner.dir/Drivers/STM32F4xx_HAL_Driver/Src/stm32f4xx_hal_gpio.c.obj
 .debug_frame   0x00000e60      0x250 CMakeFiles/cleaner.dir/Drivers/STM32F4xx_HAL_Driver/Src/stm32f4xx_hal_dma.c.obj
 .debug_frame   0x000010b0      0x4b8 CMakeFiles/cleaner.dir/Drivers/STM32F4xx_HAL_Driver/Src/stm32f4xx_hal_cortex.c.obj
 .debug_frame   0x00001568      0x374 CMakeFiles/cleaner.dir/Drivers/STM32F4xx_HAL_Driver/Src/stm32f4xx_hal.c.obj
 .debug_frame   0x000018dc     0x11c0 CMakeFiles/cleaner.dir/Drivers/STM32F4xx_HAL_Driver/Src/stm32f4xx_hal_tim.c.obj
 .debug_frame   0x00002a9c      0x638 CMakeFiles/cleaner.dir/Drivers/STM32F4xx_HAL_Driver/Src/stm32f4xx_hal_tim_ex.c.obj
 .debug_frame   0x000030d4      0x954 CMakeFiles/cleaner.dir/Drivers/STM32F4xx_HAL_Driver/Src/stm32f4xx_hal_uart.c.obj
 .debug_frame   0x00003a28       0x58 CMakeFiles/cleaner.dir/Core/Src/system_stm32f4xx.c.obj
 .debug_frame   0x00003a80       0xd8 CMakeFiles/cleaner.dir/Middlewares/Third_Party/FreeRTOS/Source/list.c.obj
 .debug_frame   0x00003b58      0x4dc CMakeFiles/cleaner.dir/Middlewares/Third_Party/FreeRTOS/Source/queue.c.obj
 .debug_frame   0x00004034      0x8a4 CMakeFiles/cleaner.dir/Middlewares/Third_Party/FreeRTOS/Source/tasks.c.obj
 .debug_frame   0x000048d8      0x3b0 CMakeFiles/cleaner.dir/Middlewares/Third_Party/FreeRTOS/Source/timers.c.obj
 .debug_frame   0x00004c88      0x83c CMakeFiles/cleaner.dir/Middlewares/Third_Party/FreeRTOS/Source/CMSIS_RTOS/cmsis_os.c.obj
 .debug_frame   0x000054c4      0x12c CMakeFiles/cleaner.dir/Middlewares/Third_Party/FreeRTOS/Source/portable/MemMang/heap_4.c.obj
 .debug_frame   0x000055f0      0x1a8 CMakeFiles/cleaner.dir/Middlewares/Third_Party/FreeRTOS/Source/portable/GCC/ARM_CM4F/port.c.obj
 .debug_frame   0x00005798       0x2c d:/dev_env/gcc-arm-none-eabi/10 2021.10/bin/../lib/gcc/arm-none-eabi/10.3.1/thumb/v7e-m+fp/hard\libgcc.a(_aeabi_uldivmod.o)
 .debug_frame   0x000057c4       0x34 d:/dev_env/gcc-arm-none-eabi/10 2021.10/bin/../lib/gcc/arm-none-eabi/10.3.1/thumb/v7e-m+fp/hard\libgcc.a(_udivmoddi4.o)
 .debug_frame   0x000057f8       0x28 d:/dev_env/gcc-arm-none-eabi/10 2021.10/bin/../lib/gcc/arm-none-eabi/10.3.1/../../../../arm-none-eabi/lib/thumb/v7e-m+fp/hard\libg_nano.a(lib_a-memcpy-stub.o)

.debug_info     0x00000000    0x1b5ae
 .debug_info    0x00000000      0xa8b CMakeFiles/cleaner.dir/Application/arm.c.obj
 .debug_info    0x00000a8b      0xa32 CMakeFiles/cleaner.dir/Application/chassis.c.obj
 .debug_info    0x000014bd      0x2ea CMakeFiles/cleaner.dir/Application/distance.c.obj
 .debug_info    0x000017a7      0x89d CMakeFiles/cleaner.dir/Application/upper.c.obj
 .debug_info    0x00002044      0x146 CMakeFiles/cleaner.dir/Bsp/bsp_dwt.c.obj
 .debug_info    0x0000218a      0xb8f CMakeFiles/cleaner.dir/Bsp/bsp_uart.c.obj
 .debug_info    0x00002d19      0x2aa CMakeFiles/cleaner.dir/Components/hcsr04.c.obj
 .debug_info    0x00002fc3      0x747 CMakeFiles/cleaner.dir/Components/magnet.c.obj
 .debug_info    0x0000370a      0x75e CMakeFiles/cleaner.dir/Components/motor.c.obj
 .debug_info    0x00003e68      0x210 CMakeFiles/cleaner.dir/Components/pid.c.obj
 .debug_info    0x00004078      0x72c CMakeFiles/cleaner.dir/Components/servo.c.obj
 .debug_info    0x000047a4      0xef5 CMakeFiles/cleaner.dir/Core/Src/main.c.obj
 .debug_info    0x00005699      0x460 CMakeFiles/cleaner.dir/Core/Src/gpio.c.obj
 .debug_info    0x00005af9      0x5c9 CMakeFiles/cleaner.dir/Core/Src/freertos.c.obj
 .debug_info    0x000060c2      0x4b0 CMakeFiles/cleaner.dir/Core/Src/dma.c.obj
 .debug_info    0x00006572     0x10fc CMakeFiles/cleaner.dir/Core/Src/tim.c.obj
 .debug_info    0x0000766e      0xb90 CMakeFiles/cleaner.dir/Core/Src/usart.c.obj
 .debug_info    0x000081fe      0x9ca CMakeFiles/cleaner.dir/Core/Src/stm32f4xx_it.c.obj
 .debug_info    0x00008bc8      0x4cd CMakeFiles/cleaner.dir/Core/Src/stm32f4xx_hal_msp.c.obj
 .debug_info    0x00009095      0xb9b CMakeFiles/cleaner.dir/Core/Src/stm32f4xx_hal_timebase_tim.c.obj
 .debug_info    0x00009c30      0x921 CMakeFiles/cleaner.dir/Drivers/STM32F4xx_HAL_Driver/Src/stm32f4xx_hal_rcc.c.obj
 .debug_info    0x0000a551      0x76a CMakeFiles/cleaner.dir/Drivers/STM32F4xx_HAL_Driver/Src/stm32f4xx_hal_gpio.c.obj
 .debug_info    0x0000acbb      0x943 CMakeFiles/cleaner.dir/Drivers/STM32F4xx_HAL_Driver/Src/stm32f4xx_hal_dma.c.obj
 .debug_info    0x0000b5fe      0xe2e CMakeFiles/cleaner.dir/Drivers/STM32F4xx_HAL_Driver/Src/stm32f4xx_hal_cortex.c.obj
 .debug_info    0x0000c42c      0x929 CMakeFiles/cleaner.dir/Drivers/STM32F4xx_HAL_Driver/Src/stm32f4xx_hal.c.obj
 .debug_info    0x0000cd55     0x2b8e CMakeFiles/cleaner.dir/Drivers/STM32F4xx_HAL_Driver/Src/stm32f4xx_hal_tim.c.obj
 .debug_info    0x0000f8e3     0x14db CMakeFiles/cleaner.dir/Drivers/STM32F4xx_HAL_Driver/Src/stm32f4xx_hal_tim_ex.c.obj
 .debug_info    0x00010dbe     0x30c0 CMakeFiles/cleaner.dir/Drivers/STM32F4xx_HAL_Driver/Src/stm32f4xx_hal_uart.c.obj
 .debug_info    0x00013e7e      0x523 CMakeFiles/cleaner.dir/Core/Src/system_stm32f4xx.c.obj
 .debug_info    0x000143a1      0x2d1 CMakeFiles/cleaner.dir/Middlewares/Third_Party/FreeRTOS/Source/list.c.obj
 .debug_info    0x00014672     0x1850 CMakeFiles/cleaner.dir/Middlewares/Third_Party/FreeRTOS/Source/queue.c.obj
 .debug_info    0x00015ec2     0x214b CMakeFiles/cleaner.dir/Middlewares/Third_Party/FreeRTOS/Source/tasks.c.obj
 .debug_info    0x0001800d     0x12b4 CMakeFiles/cleaner.dir/Middlewares/Third_Party/FreeRTOS/Source/timers.c.obj
 .debug_info    0x000192c1     0x1901 CMakeFiles/cleaner.dir/Middlewares/Third_Party/FreeRTOS/Source/CMSIS_RTOS/cmsis_os.c.obj
 .debug_info    0x0001abc2      0x4d9 CMakeFiles/cleaner.dir/Middlewares/Third_Party/FreeRTOS/Source/portable/MemMang/heap_4.c.obj
 .debug_info    0x0001b09b      0x4f1 CMakeFiles/cleaner.dir/Middlewares/Third_Party/FreeRTOS/Source/portable/GCC/ARM_CM4F/port.c.obj
 .debug_info    0x0001b58c       0x22 CMakeFiles/cleaner.dir/startup_stm32f407xx.s.obj

.debug_abbrev   0x00000000     0x409d
 .debug_abbrev  0x00000000      0x1f5 CMakeFiles/cleaner.dir/Application/arm.c.obj
 .debug_abbrev  0x000001f5      0x211 CMakeFiles/cleaner.dir/Application/chassis.c.obj
 .debug_abbrev  0x00000406      0x10d CMakeFiles/cleaner.dir/Application/distance.c.obj
 .debug_abbrev  0x00000513      0x1a0 CMakeFiles/cleaner.dir/Application/upper.c.obj
 .debug_abbrev  0x000006b3       0xcc CMakeFiles/cleaner.dir/Bsp/bsp_dwt.c.obj
 .debug_abbrev  0x0000077f      0x1b9 CMakeFiles/cleaner.dir/Bsp/bsp_uart.c.obj
 .debug_abbrev  0x00000938      0x123 CMakeFiles/cleaner.dir/Components/hcsr04.c.obj
 .debug_abbrev  0x00000a5b      0x15c CMakeFiles/cleaner.dir/Components/magnet.c.obj
 .debug_abbrev  0x00000bb7      0x15c CMakeFiles/cleaner.dir/Components/motor.c.obj
 .debug_abbrev  0x00000d13       0xe1 CMakeFiles/cleaner.dir/Components/pid.c.obj
 .debug_abbrev  0x00000df4      0x15c CMakeFiles/cleaner.dir/Components/servo.c.obj
 .debug_abbrev  0x00000f50      0x1ec CMakeFiles/cleaner.dir/Core/Src/main.c.obj
 .debug_abbrev  0x0000113c      0x121 CMakeFiles/cleaner.dir/Core/Src/gpio.c.obj
 .debug_abbrev  0x0000125d      0x160 CMakeFiles/cleaner.dir/Core/Src/freertos.c.obj
 .debug_abbrev  0x000013bd       0xee CMakeFiles/cleaner.dir/Core/Src/dma.c.obj
 .debug_abbrev  0x000014ab      0x206 CMakeFiles/cleaner.dir/Core/Src/tim.c.obj
 .debug_abbrev  0x000016b1      0x1c4 CMakeFiles/cleaner.dir/Core/Src/usart.c.obj
 .debug_abbrev  0x00001875      0x163 CMakeFiles/cleaner.dir/Core/Src/stm32f4xx_it.c.obj
 .debug_abbrev  0x000019d8       0xf9 CMakeFiles/cleaner.dir/Core/Src/stm32f4xx_hal_msp.c.obj
 .debug_abbrev  0x00001ad1      0x1a5 CMakeFiles/cleaner.dir/Core/Src/stm32f4xx_hal_timebase_tim.c.obj
 .debug_abbrev  0x00001c76      0x262 CMakeFiles/cleaner.dir/Drivers/STM32F4xx_HAL_Driver/Src/stm32f4xx_hal_rcc.c.obj
 .debug_abbrev  0x00001ed8      0x1c4 CMakeFiles/cleaner.dir/Drivers/STM32F4xx_HAL_Driver/Src/stm32f4xx_hal_gpio.c.obj
 .debug_abbrev  0x0000209c      0x246 CMakeFiles/cleaner.dir/Drivers/STM32F4xx_HAL_Driver/Src/stm32f4xx_hal_dma.c.obj
 .debug_abbrev  0x000022e2      0x316 CMakeFiles/cleaner.dir/Drivers/STM32F4xx_HAL_Driver/Src/stm32f4xx_hal_cortex.c.obj
 .debug_abbrev  0x000025f8      0x1da CMakeFiles/cleaner.dir/Drivers/STM32F4xx_HAL_Driver/Src/stm32f4xx_hal.c.obj
 .debug_abbrev  0x000027d2      0x238 CMakeFiles/cleaner.dir/Drivers/STM32F4xx_HAL_Driver/Src/stm32f4xx_hal_tim.c.obj
 .debug_abbrev  0x00002a0a      0x240 CMakeFiles/cleaner.dir/Drivers/STM32F4xx_HAL_Driver/Src/stm32f4xx_hal_tim_ex.c.obj
 .debug_abbrev  0x00002c4a      0x2b3 CMakeFiles/cleaner.dir/Drivers/STM32F4xx_HAL_Driver/Src/stm32f4xx_hal_uart.c.obj
 .debug_abbrev  0x00002efd      0x116 CMakeFiles/cleaner.dir/Core/Src/system_stm32f4xx.c.obj
 .debug_abbrev  0x00003013       0xf2 CMakeFiles/cleaner.dir/Middlewares/Third_Party/FreeRTOS/Source/list.c.obj
 .debug_abbrev  0x00003105      0x307 CMakeFiles/cleaner.dir/Middlewares/Third_Party/FreeRTOS/Source/queue.c.obj
 .debug_abbrev  0x0000340c      0x2ce CMakeFiles/cleaner.dir/Middlewares/Third_Party/FreeRTOS/Source/tasks.c.obj
 .debug_abbrev  0x000036da      0x292 CMakeFiles/cleaner.dir/Middlewares/Third_Party/FreeRTOS/Source/timers.c.obj
 .debug_abbrev  0x0000396c      0x317 CMakeFiles/cleaner.dir/Middlewares/Third_Party/FreeRTOS/Source/CMSIS_RTOS/cmsis_os.c.obj
 .debug_abbrev  0x00003c83      0x1d7 CMakeFiles/cleaner.dir/Middlewares/Third_Party/FreeRTOS/Source/portable/MemMang/heap_4.c.obj
 .debug_abbrev  0x00003e5a      0x231 CMakeFiles/cleaner.dir/Middlewares/Third_Party/FreeRTOS/Source/portable/GCC/ARM_CM4F/port.c.obj
 .debug_abbrev  0x0000408b       0x12 CMakeFiles/cleaner.dir/startup_stm32f407xx.s.obj

.debug_aranges  0x00000000     0x1630
 .debug_aranges
                0x00000000       0x38 CMakeFiles/cleaner.dir/Application/arm.c.obj
 .debug_aranges
                0x00000038       0x48 CMakeFiles/cleaner.dir/Application/chassis.c.obj
 .debug_aranges
                0x00000080       0x28 CMakeFiles/cleaner.dir/Application/distance.c.obj
 .debug_aranges
                0x000000a8       0x30 CMakeFiles/cleaner.dir/Application/upper.c.obj
 .debug_aranges
                0x000000d8       0x30 CMakeFiles/cleaner.dir/Bsp/bsp_dwt.c.obj
 .debug_aranges
                0x00000108       0x30 CMakeFiles/cleaner.dir/Bsp/bsp_uart.c.obj
 .debug_aranges
                0x00000138       0x28 CMakeFiles/cleaner.dir/Components/hcsr04.c.obj
 .debug_aranges
                0x00000160       0x28 CMakeFiles/cleaner.dir/Components/magnet.c.obj
 .debug_aranges
                0x00000188       0x28 CMakeFiles/cleaner.dir/Components/motor.c.obj
 .debug_aranges
                0x000001b0       0x28 CMakeFiles/cleaner.dir/Components/pid.c.obj
 .debug_aranges
                0x000001d8       0x28 CMakeFiles/cleaner.dir/Components/servo.c.obj
 .debug_aranges
                0x00000200       0x38 CMakeFiles/cleaner.dir/Core/Src/main.c.obj
 .debug_aranges
                0x00000238       0x20 CMakeFiles/cleaner.dir/Core/Src/gpio.c.obj
 .debug_aranges
                0x00000258       0x58 CMakeFiles/cleaner.dir/Core/Src/freertos.c.obj
 .debug_aranges
                0x000002b0       0x20 CMakeFiles/cleaner.dir/Core/Src/dma.c.obj
 .debug_aranges
                0x000002d0       0x70 CMakeFiles/cleaner.dir/Core/Src/tim.c.obj
 .debug_aranges
                0x00000340       0x30 CMakeFiles/cleaner.dir/Core/Src/usart.c.obj
 .debug_aranges
                0x00000370       0x68 CMakeFiles/cleaner.dir/Core/Src/stm32f4xx_it.c.obj
 .debug_aranges
                0x000003d8       0x20 CMakeFiles/cleaner.dir/Core/Src/stm32f4xx_hal_msp.c.obj
 .debug_aranges
                0x000003f8       0x30 CMakeFiles/cleaner.dir/Core/Src/stm32f4xx_hal_timebase_tim.c.obj
 .debug_aranges
                0x00000428       0x88 CMakeFiles/cleaner.dir/Drivers/STM32F4xx_HAL_Driver/Src/stm32f4xx_hal_rcc.c.obj
 .debug_aranges
                0x000004b0       0x58 CMakeFiles/cleaner.dir/Drivers/STM32F4xx_HAL_Driver/Src/stm32f4xx_hal_gpio.c.obj
 .debug_aranges
                0x00000508       0x90 CMakeFiles/cleaner.dir/Drivers/STM32F4xx_HAL_Driver/Src/stm32f4xx_hal_dma.c.obj
 .debug_aranges
                0x00000598      0x120 CMakeFiles/cleaner.dir/Drivers/STM32F4xx_HAL_Driver/Src/stm32f4xx_hal_cortex.c.obj
 .debug_aranges
                0x000006b8       0xf0 CMakeFiles/cleaner.dir/Drivers/STM32F4xx_HAL_Driver/Src/stm32f4xx_hal.c.obj
 .debug_aranges
                0x000007a8      0x3d0 CMakeFiles/cleaner.dir/Drivers/STM32F4xx_HAL_Driver/Src/stm32f4xx_hal_tim.c.obj
 .debug_aranges
                0x00000b78      0x168 CMakeFiles/cleaner.dir/Drivers/STM32F4xx_HAL_Driver/Src/stm32f4xx_hal_tim_ex.c.obj
 .debug_aranges
                0x00000ce0      0x208 CMakeFiles/cleaner.dir/Drivers/STM32F4xx_HAL_Driver/Src/stm32f4xx_hal_uart.c.obj
 .debug_aranges
                0x00000ee8       0x28 CMakeFiles/cleaner.dir/Core/Src/system_stm32f4xx.c.obj
 .debug_aranges
                0x00000f10       0x40 CMakeFiles/cleaner.dir/Middlewares/Third_Party/FreeRTOS/Source/list.c.obj
 .debug_aranges
                0x00000f50      0x120 CMakeFiles/cleaner.dir/Middlewares/Third_Party/FreeRTOS/Source/queue.c.obj
 .debug_aranges
                0x00001070      0x1f8 CMakeFiles/cleaner.dir/Middlewares/Third_Party/FreeRTOS/Source/tasks.c.obj
 .debug_aranges
                0x00001268       0xe0 CMakeFiles/cleaner.dir/Middlewares/Third_Party/FreeRTOS/Source/timers.c.obj
 .debug_aranges
                0x00001348      0x1e8 CMakeFiles/cleaner.dir/Middlewares/Third_Party/FreeRTOS/Source/CMSIS_RTOS/cmsis_os.c.obj
 .debug_aranges
                0x00001530       0x58 CMakeFiles/cleaner.dir/Middlewares/Third_Party/FreeRTOS/Source/portable/MemMang/heap_4.c.obj
 .debug_aranges
                0x00001588       0x80 CMakeFiles/cleaner.dir/Middlewares/Third_Party/FreeRTOS/Source/portable/GCC/ARM_CM4F/port.c.obj
 .debug_aranges
                0x00001608       0x28 CMakeFiles/cleaner.dir/startup_stm32f407xx.s.obj

.debug_ranges   0x00000000     0x1418
 .debug_ranges  0x00000000       0x28 CMakeFiles/cleaner.dir/Application/arm.c.obj
 .debug_ranges  0x00000028       0x38 CMakeFiles/cleaner.dir/Application/chassis.c.obj
 .debug_ranges  0x00000060       0x18 CMakeFiles/cleaner.dir/Application/distance.c.obj
 .debug_ranges  0x00000078       0x20 CMakeFiles/cleaner.dir/Application/upper.c.obj
 .debug_ranges  0x00000098       0x20 CMakeFiles/cleaner.dir/Bsp/bsp_dwt.c.obj
 .debug_ranges  0x000000b8       0x20 CMakeFiles/cleaner.dir/Bsp/bsp_uart.c.obj
 .debug_ranges  0x000000d8       0x18 CMakeFiles/cleaner.dir/Components/hcsr04.c.obj
 .debug_ranges  0x000000f0       0x18 CMakeFiles/cleaner.dir/Components/magnet.c.obj
 .debug_ranges  0x00000108       0x18 CMakeFiles/cleaner.dir/Components/motor.c.obj
 .debug_ranges  0x00000120       0x18 CMakeFiles/cleaner.dir/Components/pid.c.obj
 .debug_ranges  0x00000138       0x18 CMakeFiles/cleaner.dir/Components/servo.c.obj
 .debug_ranges  0x00000150       0x28 CMakeFiles/cleaner.dir/Core/Src/main.c.obj
 .debug_ranges  0x00000178       0x10 CMakeFiles/cleaner.dir/Core/Src/gpio.c.obj
 .debug_ranges  0x00000188       0x48 CMakeFiles/cleaner.dir/Core/Src/freertos.c.obj
 .debug_ranges  0x000001d0       0x10 CMakeFiles/cleaner.dir/Core/Src/dma.c.obj
 .debug_ranges  0x000001e0       0x60 CMakeFiles/cleaner.dir/Core/Src/tim.c.obj
 .debug_ranges  0x00000240       0x20 CMakeFiles/cleaner.dir/Core/Src/usart.c.obj
 .debug_ranges  0x00000260       0x58 CMakeFiles/cleaner.dir/Core/Src/stm32f4xx_it.c.obj
 .debug_ranges  0x000002b8       0x10 CMakeFiles/cleaner.dir/Core/Src/stm32f4xx_hal_msp.c.obj
 .debug_ranges  0x000002c8       0x20 CMakeFiles/cleaner.dir/Core/Src/stm32f4xx_hal_timebase_tim.c.obj
 .debug_ranges  0x000002e8       0x78 CMakeFiles/cleaner.dir/Drivers/STM32F4xx_HAL_Driver/Src/stm32f4xx_hal_rcc.c.obj
 .debug_ranges  0x00000360       0x48 CMakeFiles/cleaner.dir/Drivers/STM32F4xx_HAL_Driver/Src/stm32f4xx_hal_gpio.c.obj
 .debug_ranges  0x000003a8       0x80 CMakeFiles/cleaner.dir/Drivers/STM32F4xx_HAL_Driver/Src/stm32f4xx_hal_dma.c.obj
 .debug_ranges  0x00000428      0x110 CMakeFiles/cleaner.dir/Drivers/STM32F4xx_HAL_Driver/Src/stm32f4xx_hal_cortex.c.obj
 .debug_ranges  0x00000538       0xe0 CMakeFiles/cleaner.dir/Drivers/STM32F4xx_HAL_Driver/Src/stm32f4xx_hal.c.obj
 .debug_ranges  0x00000618      0x3c0 CMakeFiles/cleaner.dir/Drivers/STM32F4xx_HAL_Driver/Src/stm32f4xx_hal_tim.c.obj
 .debug_ranges  0x000009d8      0x158 CMakeFiles/cleaner.dir/Drivers/STM32F4xx_HAL_Driver/Src/stm32f4xx_hal_tim_ex.c.obj
 .debug_ranges  0x00000b30      0x228 CMakeFiles/cleaner.dir/Drivers/STM32F4xx_HAL_Driver/Src/stm32f4xx_hal_uart.c.obj
 .debug_ranges  0x00000d58       0x18 CMakeFiles/cleaner.dir/Core/Src/system_stm32f4xx.c.obj
 .debug_ranges  0x00000d70       0x30 CMakeFiles/cleaner.dir/Middlewares/Third_Party/FreeRTOS/Source/list.c.obj
 .debug_ranges  0x00000da0      0x110 CMakeFiles/cleaner.dir/Middlewares/Third_Party/FreeRTOS/Source/queue.c.obj
 .debug_ranges  0x00000eb0      0x1e8 CMakeFiles/cleaner.dir/Middlewares/Third_Party/FreeRTOS/Source/tasks.c.obj
 .debug_ranges  0x00001098       0xd0 CMakeFiles/cleaner.dir/Middlewares/Third_Party/FreeRTOS/Source/timers.c.obj
 .debug_ranges  0x00001168      0x1d8 CMakeFiles/cleaner.dir/Middlewares/Third_Party/FreeRTOS/Source/CMSIS_RTOS/cmsis_os.c.obj
 .debug_ranges  0x00001340       0x48 CMakeFiles/cleaner.dir/Middlewares/Third_Party/FreeRTOS/Source/portable/MemMang/heap_4.c.obj
 .debug_ranges  0x00001388       0x70 CMakeFiles/cleaner.dir/Middlewares/Third_Party/FreeRTOS/Source/portable/GCC/ARM_CM4F/port.c.obj
 .debug_ranges  0x000013f8       0x20 CMakeFiles/cleaner.dir/startup_stm32f407xx.s.obj

.debug_macro    0x00000000    0x24e4e
 .debug_macro   0x00000000      0x213 CMakeFiles/cleaner.dir/Application/arm.c.obj
 .debug_macro   0x00000213      0xa78 CMakeFiles/cleaner.dir/Application/arm.c.obj
 .debug_macro   0x00000c8b      0x29b CMakeFiles/cleaner.dir/Application/arm.c.obj
 .debug_macro   0x00000f26       0x2e CMakeFiles/cleaner.dir/Application/arm.c.obj
 .debug_macro   0x00000f54       0x2f CMakeFiles/cleaner.dir/Application/arm.c.obj
 .debug_macro   0x00000f83       0x22 CMakeFiles/cleaner.dir/Application/arm.c.obj
 .debug_macro   0x00000fa5       0x8e CMakeFiles/cleaner.dir/Application/arm.c.obj
 .debug_macro   0x00001033       0x51 CMakeFiles/cleaner.dir/Application/arm.c.obj
 .debug_macro   0x00001084      0x103 CMakeFiles/cleaner.dir/Application/arm.c.obj
 .debug_macro   0x00001187       0x6a CMakeFiles/cleaner.dir/Application/arm.c.obj
 .debug_macro   0x000011f1      0x1df CMakeFiles/cleaner.dir/Application/arm.c.obj
 .debug_macro   0x000013d0       0x1c CMakeFiles/cleaner.dir/Application/arm.c.obj
 .debug_macro   0x000013ec       0x22 CMakeFiles/cleaner.dir/Application/arm.c.obj
 .debug_macro   0x0000140e       0xfb CMakeFiles/cleaner.dir/Application/arm.c.obj
 .debug_macro   0x00001509     0x1011 CMakeFiles/cleaner.dir/Application/arm.c.obj
 .debug_macro   0x0000251a      0x11f CMakeFiles/cleaner.dir/Application/arm.c.obj
 .debug_macro   0x00002639    0x15e97 CMakeFiles/cleaner.dir/Application/arm.c.obj
 .debug_macro   0x000184d0       0x6d CMakeFiles/cleaner.dir/Application/arm.c.obj
 .debug_macro   0x0001853d     0x368c CMakeFiles/cleaner.dir/Application/arm.c.obj
 .debug_macro   0x0001bbc9      0x174 CMakeFiles/cleaner.dir/Application/arm.c.obj
 .debug_macro   0x0001bd3d       0x5c CMakeFiles/cleaner.dir/Application/arm.c.obj
 .debug_macro   0x0001bd99      0x980 CMakeFiles/cleaner.dir/Application/arm.c.obj
 .debug_macro   0x0001c719      0x9e9 CMakeFiles/cleaner.dir/Application/arm.c.obj
 .debug_macro   0x0001d102      0x115 CMakeFiles/cleaner.dir/Application/arm.c.obj